Archive member included to satisfy reference by file (symbol)

.\CortexM0\ARM_GCC_541\Debug\backup_fw_2.a(I2C_CFG.o)
                              .\CortexM0\ARM_GCC_541\Debug\main.o (symbol from plugin) (I2C_CFG_SetDriveMode)
.\CortexM0\ARM_GCC_541\Debug\backup_fw_2.a(NCP81239_EN_P2.o)
                              .\CortexM0\ARM_GCC_541\Debug\solution.o (symbol from plugin) (NCP81239_EN_P2_Write)
.\CortexM0\ARM_GCC_541\Debug\backup_fw_2.a(NCP81239_EN_P1.o)
                              .\CortexM0\ARM_GCC_541\Debug\solution.o (symbol from plugin) (NCP81239_EN_P1_Write)
.\CortexM0\ARM_GCC_541\Debug\backup_fw_2.a(CyLib.o)
                              .\CortexM0\ARM_GCC_541\Debug\cyfitter_cfg_2.o (symbol from plugin) (CySysClkWriteImoFreq)
.\CortexM0\ARM_GCC_541\Debug\backup_fw_2.a(cyPm.o)
                              .\CortexM0\ARM_GCC_541\Debug\app.o (symbol from plugin) (CySysPmDeepSleep)
.\CortexM0\ARM_GCC_541\Debug\backup_fw_2.a(CyLFClk.o)
                              .\CortexM0\ARM_GCC_541\Debug\Cm0Start.o (symbol from plugin) (CySysWdtDisable)
.\CortexM0\ARM_GCC_541\Debug\backup_fw_2.a(CyBootAsmGnu.o)
                              .\CortexM0\ARM_GCC_541\Debug\main.o (symbol from plugin) (CyDelayCycles)
..\lib\ccg5_dualport\libccgx_hpi_lite.a(hpi.o)
                              .\CortexM0\ARM_GCC_541\Debug\main.o (symbol from plugin) (hpi_is_ec_ready)
..\lib\ccg5_dualport\libccgx_hpi_lite.a(i2c.o)
                              hpi.o (symbol from plugin) (i2c_slave_ack_ctrl)
..\lib\ccg5_dualport\libccgx_pd.a(dpm.o)
                              .\CortexM0\ARM_GCC_541\Debug\main.o (symbol from plugin) (dpm_init)
..\lib\ccg5_dualport\libccgx_pd.a(pd_policy_engine.o)
                              ..\lib\ccg5_dualport\libccgx_pd.a(dpm.o) (pe_init)
..\lib\ccg5_dualport\libccgx_pd.a(pd_protocol.o)
                              ..\lib\ccg5_dualport\libccgx_pd.a(pd_policy_engine.o) (pd_prot_init)
..\lib\ccg5_dualport\libccgx_pd.a(typec_manager.o)
                              ..\lib\ccg5_dualport\libccgx_pd.a(dpm.o) (typec_init)
.\CortexM0\ARM_GCC_541\Debug\backup_fw_2.a(EC_INT.o)
                              hpi.o (symbol from plugin) (EC_INT_Write)
e:/cypress/psoc creator/4.2/psoc creator/import/gnu/arm/5.4.1/bin/../lib/gcc/arm-none-eabi/5.4.1/armv6-m\libgcc.a(_thumb1_case_uqi.o)
                              ..\lib\ccg5_dualport\libccgx_pd.a(pd_policy_engine.o) (__gnu_thumb1_case_uqi)
e:/cypress/psoc creator/4.2/psoc creator/import/gnu/arm/5.4.1/bin/../lib/gcc/arm-none-eabi/5.4.1/armv6-m\libgcc.a(_thumb1_case_uhi.o)
                              ..\lib\ccg5_dualport\libccgx_pd.a(pd_policy_engine.o) (__gnu_thumb1_case_uhi)
e:/cypress/psoc creator/4.2/psoc creator/import/gnu/arm/5.4.1/bin/../lib/gcc/arm-none-eabi/5.4.1/armv6-m\libgcc.a(_divsi3.o)
                              ..\lib\ccg5_dualport\libccgx_pd.a(dpm.o) (__aeabi_idiv)
e:/cypress/psoc creator/4.2/psoc creator/import/gnu/arm/5.4.1/bin/../lib/gcc/arm-none-eabi/5.4.1/armv6-m\libgcc.a(_dvmd_tls.o)
                              e:/cypress/psoc creator/4.2/psoc creator/import/gnu/arm/5.4.1/bin/../lib/gcc/arm-none-eabi/5.4.1/armv6-m\libgcc.a(_divsi3.o) (__aeabi_idiv0)
e:/cypress/psoc creator/4.2/psoc creator/import/gnu/arm/5.4.1/bin/../lib/gcc/arm-none-eabi/5.4.1/../../../../arm-none-eabi/lib/armv6-m\libg_nano.a(lib_a-errno.o)
                              .\CortexM0\ARM_GCC_541\Debug\Cm0Start.o (symbol from plugin) (__errno)
e:/cypress/psoc creator/4.2/psoc creator/import/gnu/arm/5.4.1/bin/../lib/gcc/arm-none-eabi/5.4.1/../../../../arm-none-eabi/lib/armv6-m\libg_nano.a(lib_a-exit.o)
                              e:/cypress/psoc creator/4.2/psoc creator/import/gnu/arm/5.4.1/bin/../lib/gcc/arm-none-eabi/5.4.1/../../../../arm-none-eabi/lib/armv6-m/crt0.o (exit)
e:/cypress/psoc creator/4.2/psoc creator/import/gnu/arm/5.4.1/bin/../lib/gcc/arm-none-eabi/5.4.1/../../../../arm-none-eabi/lib/armv6-m\libg_nano.a(lib_a-impure.o)
                              e:/cypress/psoc creator/4.2/psoc creator/import/gnu/arm/5.4.1/bin/../lib/gcc/arm-none-eabi/5.4.1/../../../../arm-none-eabi/lib/armv6-m\libg_nano.a(lib_a-exit.o) (_global_impure_ptr)
e:/cypress/psoc creator/4.2/psoc creator/import/gnu/arm/5.4.1/bin/../lib/gcc/arm-none-eabi/5.4.1/../../../../arm-none-eabi/lib/armv6-m\libg_nano.a(lib_a-init.o)
                              e:/cypress/psoc creator/4.2/psoc creator/import/gnu/arm/5.4.1/bin/../lib/gcc/arm-none-eabi/5.4.1/../../../../arm-none-eabi/lib/armv6-m/crt0.o (__libc_init_array)
e:/cypress/psoc creator/4.2/psoc creator/import/gnu/arm/5.4.1/bin/../lib/gcc/arm-none-eabi/5.4.1/../../../../arm-none-eabi/lib/armv6-m\libg_nano.a(lib_a-memcpy-stub.o)
                              ..\lib\ccg5_dualport\libccgx_pd.a(dpm.o) (memcpy)
e:/cypress/psoc creator/4.2/psoc creator/import/gnu/arm/5.4.1/bin/../lib/gcc/arm-none-eabi/5.4.1/../../../../arm-none-eabi/lib/armv6-m\libg_nano.a(lib_a-memset.o)
[...]
Memory Configuration

Name             Origin             Length             Attributes
rom              0x00000000         0x00020000         xr
ram              0x20000000         0x00003000         xrw
*default*        0x00000000         0xffffffff

Linker script and memory map

LOAD e:/cypress/psoc creator/4.2/psoc creator/import/gnu/arm/5.4.1/bin/../lib/gcc/arm-none-eabi/5.4.1/armv6-m/crti.o
LOAD e:/cypress/psoc creator/4.2/psoc creator/import/gnu/arm/5.4.1/bin/../lib/gcc/arm-none-eabi/5.4.1/armv6-m/crtbegin.o
LOAD e:/cypress/psoc creator/4.2/psoc creator/import/gnu/arm/5.4.1/bin/../lib/gcc/arm-none-eabi/5.4.1/../../../../arm-none-eabi/lib/armv6-m/crt0.o
START GROUP
LOAD .\CortexM0\ARM_GCC_541\Debug\boot.o
LOAD e:\temp\ccWLRaVT.ltrans0.ltrans.o
LOAD e:\temp\ccWLRaVT.ltrans1.ltrans.o
LOAD e:\temp\ccWLRaVT.ltrans2.ltrans.o
LOAD e:\temp\ccWLRaVT.ltrans3.ltrans.o
LOAD e:\temp\ccWLRaVT.ltrans4.ltrans.o
LOAD e:\temp\ccWLRaVT.ltrans5.ltrans.o
LOAD e:\temp\ccWLRaVT.ltrans6.ltrans.o
LOAD e:\temp\ccWLRaVT.ltrans7.ltrans.o
LOAD .\CortexM0\ARM_GCC_541\Debug\flash.o
LOAD .\CortexM0\ARM_GCC_541\Debug\gpio.o
LOAD .\CortexM0\ARM_GCC_541\Debug\system.o
LOAD .\CortexM0\ARM_GCC_541\Debug\timer.o
LOAD .\CortexM0\ARM_GCC_541\Debug\utils.o
LOAD .\CortexM0\ARM_GCC_541\Debug\main.o
LOAD .\CortexM0\ARM_GCC_541\Debug\config.o
LOAD .\CortexM0\ARM_GCC_541\Debug\solution.o
LOAD .\CortexM0\ARM_GCC_541\Debug\instrumentation.o
LOAD .\CortexM0\ARM_GCC_541\Debug\alt_mode_hw.o
LOAD .\CortexM0\ARM_GCC_541\Debug\alt_modes_mngr.o
LOAD .\CortexM0\ARM_GCC_541\Debug\dp_sid.o
LOAD .\CortexM0\ARM_GCC_541\Debug\vdm_task_mngr.o
LOAD .\CortexM0\ARM_GCC_541\Debug\app.o
LOAD .\CortexM0\ARM_GCC_541\Debug\pdo.o
LOAD .\CortexM0\ARM_GCC_541\Debug\psink.o
LOAD .\CortexM0\ARM_GCC_541\Debug\psource.o
LOAD .\CortexM0\ARM_GCC_541\Debug\swap.o
LOAD .\CortexM0\ARM_GCC_541\Debug\vdm.o
LOAD .\CortexM0\ARM_GCC_541\Debug\hal_ccgx.o
LOAD .\CortexM0\ARM_GCC_541\Debug\pdss_mx_hal.o
LOAD .\CortexM0\ARM_GCC_541\Debug\cyfitter_cfg_2.o
LOAD .\CortexM0\ARM_GCC_541\Debug\cybootloader.o
LOAD .\CortexM0\ARM_GCC_541\Debug\cymetadata.o
LOAD .\CortexM0\ARM_GCC_541\Debug\Cm0Start.o
LOAD .\CortexM0\ARM_GCC_541\Debug\backup_fw_2.a
LOAD ..\lib\ccg5_dualport\libccgx_hpi_lite.a
LOAD ..\lib\ccg5_dualport\libccgx_pd.a
END GROUP
START GROUP
LOAD e:/cypress/psoc creator/4.2/psoc creator/import/gnu/arm/5.4.1/bin/../lib/gcc/arm-none-eabi/5.4.1/armv6-m\libgcc.a
LOAD e:/cypress/psoc creator/4.2/psoc creator/import/gnu/arm/5.4.1/bin/../lib/gcc/arm-none-eabi/5.4.1/../../../../arm-none-eabi/lib/armv6-m\libg_nano.a
LOAD e:/cypress/psoc creator/4.2/psoc creator/import/gnu/arm/5.4.1/bin/../lib/gcc/arm-none-eabi/5.4.1/../../../../arm-none-eabi/lib/armv6-m\libc_nano.a
END GROUP
START GROUP
LOAD e:/cypress/psoc creator/4.2/psoc creator/import/gnu/arm/5.4.1/bin/../lib/gcc/arm-none-eabi/5.4.1/armv6-m\libgcc.a
LOAD e:/cypress/psoc creator/4.2/psoc creator/import/gnu/arm/5.4.1/bin/../lib/gcc/arm-none-eabi/5.4.1/../../../../arm-none-eabi/lib/armv6-m\libc_nano.a
END GROUP
LOAD e:/cypress/psoc creator/4.2/psoc creator/import/gnu/arm/5.4.1/bin/../lib/gcc/arm-none-eabi/5.4.1/armv6-m/crtend.o
LOAD e:/cypress/psoc creator/4.2/psoc creator/import/gnu/arm/5.4.1/bin/../lib/gcc/arm-none-eabi/5.4.1/armv6-m/crtn.o
START GROUP
LOAD e:/cypress/psoc creator/4.2/psoc creator/import/gnu/arm/5.4.1/bin/../lib/gcc/arm-none-eabi/5.4.1/armv6-m\libgcc.a
LOAD e:/cypress/psoc creator/4.2/psoc creator/import/gnu/arm/5.4.1/bin/../lib/gcc/arm-none-eabi/5.4.1/../../../../arm-none-eabi/lib/armv6-m\libc.a
LOAD e:/cypress/psoc creator/4.2/psoc creator/import/gnu/arm/5.4.1/bin/../lib/gcc/arm-none-eabi/5.4.1/../../../../arm-none-eabi/lib/armv6-m\libnosys.a
END GROUP
                0x00001400                CY_APPL_ORIGIN = 0x1400
                0x00000100                CY_FLASH_ROW_SIZE = 0x100
                0x00020000                CY_FLASH_SIZE = 0x20000
                0x00000002                CY_APPL_NUM = 0x2
                0x00000002                CY_APPL_MAX = 0x2
                0x00000040                CY_METADATA_SIZE = 0x40
                0x00000001                CY_APPL_LOADABLE = 0x1
                0x00000000                CY_CHECKSUM_EXCLUDE_SIZE = ALIGN (0x0, CY_FLASH_ROW_SIZE)
                0x00000000                CY_APP_FOR_STACK_AND_COPIER = 0x0
                [!provide]                PROVIDE (__cy_heap_start, _end)
                0x00000001                PROVIDE (__cy_region_num, ((__cy_regions_end - __cy_regions) / 0x10))
                0x20003000                PROVIDE (__cy_stack, (ORIGIN (ram) + LENGTH (ram)))
                [!provide]                PROVIDE (__cy_heap_end, (__cy_stack - 0x800))

.cybootloader   0x00000000     0x1400
 *(.cybootloader)
 .cybootloader  0x00000000     0x1400 e:\temp\ccWLRaVT.ltrans0.ltrans.o
                0x00000000                cy_bootloader
                0x00001400                appl1_start = CY_APPL_ORIGIN?CY_APPL_ORIGIN:ALIGN (CY_FLASH_ROW_SIZE)
                0x00010000                appl2_start = (CY_FLASH_SIZE / 0x2)
                0x00010000                appl_start = (CY_APPL_NUM == 0x1)?appl1_start:appl2_start
                0x00000000                cy_project_type_bootloader = (appl_start == 0x0)?0x1:0x0
                0x00000000                cy_project_type_app_for_stack_and_copier = (CY_APP_FOR_STACK_AND_COPIER == 0x1)?0x1:0x0

.text           0x00010000     0xbc84
 CREATE_OBJECT_SYMBOLS
                0x00000000                PROVIDE (__cy_interrupt_vector, RomVectors)
 *(.romvectors)
 .romvectors    0x00010000       0x10 e:\temp\ccWLRaVT.ltrans7.ltrans.o
                0x00000001                ASSERT ((. != __cy_interrupt_vector), No interrupt vector)
                0x00000001                ASSERT (CY_APPL_ORIGIN?(SIZEOF (.cybootloader) <= CY_APPL_ORIGIN):0x1, Wrong image location)
                0x000000c0                . = 0xc0
 *fill*         0x00010010       0xb0 
 *(.customer_region)
 .customer_region
                0x000100c0       0x20 e:\temp\ccWLRaVT.ltrans0.ltrans.o
                0x000100c0                customer_info
 *(.base_version)
 .base_version  0x000100e0        0x4 e:\temp\ccWLRaVT.ltrans0.ltrans.o
                0x000100e0                base_version
 *(.app_version)
 .app_version   0x000100e4        0x4 e:\temp\ccWLRaVT.ltrans0.ltrans.o
                0x000100e4                app_version
 *(.dev_siliconid)
 .dev_siliconid
                0x000100e8        0x4 e:\temp\ccWLRaVT.ltrans0.ltrans.o
                0x000100e8                ccg_silicon_id
 *(.fw_reserved)
 .fw_reserved   0x000100ec       0x14 e:\temp\ccWLRaVT.ltrans0.ltrans.o
                0x000100ec                reserved_buf
 *(.configSection)
 .configSection
                0x00010100      0x400 e:\temp\ccWLRaVT.ltrans1.ltrans.o
                0x00010100                gl_config_table
                0x00010500                PROVIDE (__cy_reset, Reset)
 *(.text.Reset)
 .text.Reset    0x00010500       0x20 e:\temp\ccWLRaVT.ltrans7.ltrans.o
                0x00010500                Reset
                0x00000001                ASSERT ((. != __cy_reset), No reset code)
 *(.psocinit)
 *(.text .text.* .gnu.linkonce.t.*)
 .text          0x00010520       0x60 e:/cypress/psoc creator/4.2/psoc creator/import/gnu/arm/5.4.1/bin/../lib/gcc/arm-none-eabi/5.4.1/armv6-m/crtbegin.o
 .text.mux_xfer_timer_cb
                0x00010580        0xc e:\temp\ccWLRaVT.ltrans0.ltrans.o
                0x00010580                mux_xfer_timer_cb
 .text.timer_stop_internal
                0x0001058c       0x54 e:\temp\ccWLRaVT.ltrans0.ltrans.o
 .text.boot_validate_configtable
                0x000105e0       0x5c e:\temp\ccWLRaVT.ltrans0.ltrans.o
 .text.get_pd_port_config
                0x0001063c       0x10 e:\temp\ccWLRaVT.ltrans0.ltrans.o
                0x0001063c                get_pd_port_config
 .text.mem_copy_word
                0x0001064c       0x14 e:\temp\ccWLRaVT.ltrans0.ltrans.o
                0x0001064c                mem_copy_word
 .text.timer_stop_range.part.3.lto_priv.71
                0x00010660       0x4c e:\temp\ccWLRaVT.ltrans0.ltrans.o
                0x00010660                timer_stop_range.part.3.lto_priv.71
 .text.timer_is_running
                0x000106ac       0x34 e:\temp\ccWLRaVT.ltrans0.ltrans.o
                0x000106ac                timer_is_running
 .text.timer_stop_range
                0x000106e0       0x10 e:\temp\ccWLRaVT.ltrans0.ltrans.o
                0x000106e0                timer_stop_range
 .text.timer_stop
                0x000106f0       0x48 e:\temp\ccWLRaVT.ltrans0.ltrans.o
                0x000106f0                timer_stop
 .text.flash_trig_row_write_in_place.lto_priv.52
                0x00010738       0x7c e:\temp\ccWLRaVT.ltrans0.ltrans.o
                0x00010738                flash_trig_row_write_in_place.lto_priv.52
 .text.flash_row_clear
                0x000107b4       0x34 e:\temp\ccWLRaVT.ltrans0.ltrans.o
 .text.boot_validate_fw
                0x000107e8       0x8c e:\temp\ccWLRaVT.ltrans0.ltrans.o
                0x000107e8                boot_validate_fw
 .text.hw_timer_load_period
                0x00010874       0x30 e:\temp\ccWLRaVT.ltrans0.ltrans.o
 .text.wdt_interrupt_handler
                0x000108a4      0x170 e:\temp\ccWLRaVT.ltrans0.ltrans.o
 .text.timer_start
                0x00010a14      0x17c e:\temp\ccWLRaVT.ltrans0.ltrans.o
                0x00010a14                timer_start
 .text.led_timer_cb
                0x00010b90       0x34 e:\temp\ccWLRaVT.ltrans0.ltrans.o
 .text.startup.main
                0x00010bc4      0x9d8 e:\temp\ccWLRaVT.ltrans0.ltrans.o
                0x00010bc4                main
 .text.timer_start_wocb
                0x0001159c        0xa e:\temp\ccWLRaVT.ltrans0.ltrans.o
                0x0001159c                timer_start_wocb
 .text.pd_phy_vbus_detach_cbk
                0x000115a6        0x2 e:\temp\ccWLRaVT.ltrans1.ltrans.o
                0x000115a6                pd_phy_vbus_detach_cbk
 .text.eval_vdm
                0x000115a8      0x1d8 e:\temp\ccWLRaVT.ltrans1.ltrans.o
                0x000115a8                eval_vdm
 .text.psrc_set_current
                0x00011780        0x2 e:\temp\ccWLRaVT.ltrans1.ltrans.o
                0x00011780                psrc_set_current
 .text.ovp_pwr_ready_cbk
                0x00011782        0x2 e:\temp\ccWLRaVT.ltrans1.ltrans.o
 .text.call_psrc_ready_cbk
                0x00011784       0x1c e:\temp\ccWLRaVT.ltrans1.ltrans.o
 .text.pdss_port0_intr0_handler
                0x000117a0        0xa e:\temp\ccWLRaVT.ltrans1.ltrans.o
 .text.pdss_port1_intr0_handler
                0x000117aa        0xa e:\temp\ccWLRaVT.ltrans1.ltrans.o
 .text.pdss_port0_intr1_handler
                0x000117b4        0xa e:\temp\ccWLRaVT.ltrans1.ltrans.o
 .text.pdss_port1_intr1_handler
                0x000117be        0xa e:\temp\ccWLRaVT.ltrans1.ltrans.o
 .text.eval_vconn_swap
                0x000117c8       0x58 e:\temp\ccWLRaVT.ltrans1.ltrans.o
                0x000117c8                eval_vconn_swap
 .text.eval_pr_swap
                0x00011820       0x60 e:\temp\ccWLRaVT.ltrans1.ltrans.o
                0x00011820                eval_pr_swap
 .text.eval_dr_swap
                0x00011880       0x44 e:\temp\ccWLRaVT.ltrans1.ltrans.o
                0x00011880                eval_dr_swap
 .text.psrc_en_ovp
                0x000118c4       0x34 e:\temp\ccWLRaVT.ltrans1.ltrans.o
 .text.psrc_select_voltage
                0x000118f8       0x38 e:\temp\ccWLRaVT.ltrans1.ltrans.o
 .text.vbus_discharge_off
                0x00011930       0x10 e:\temp\ccWLRaVT.ltrans1.ltrans.o
                0x00011930                vbus_discharge_off
 .text.vbus_discharge_on
                0x00011940       0x10 e:\temp\ccWLRaVT.ltrans1.ltrans.o
                0x00011940                vbus_discharge_on
 .text.pd_hal_abort_auto_toggle
                0x00011950        0x2 e:\temp\ccWLRaVT.ltrans1.ltrans.o
                0x00011950                pd_hal_abort_auto_toggle
 *fill*         0x00011952        0x2 
 .text.pd_hal_is_auto_toggle_active
                0x00011954       0x28 e:\temp\ccWLRaVT.ltrans1.ltrans.o
                0x00011954                pd_hal_is_auto_toggle_active
 .text.pd_hal_config_auto_toggle
                0x0001197c       0x18 e:\temp\ccWLRaVT.ltrans1.ltrans.o
                0x0001197c                pd_hal_config_auto_toggle
 .text.pd_hal_init
                0x00011994      0x2c8 e:\temp\ccWLRaVT.ltrans1.ltrans.o
                0x00011994                pd_hal_init
 .text.psrc_dis_ocp
                0x00011c5c       0x9c e:\temp\ccWLRaVT.ltrans1.ltrans.o
 .text.psrc_shutdown
                0x00011cf8       0x40 e:\temp\ccWLRaVT.ltrans1.ltrans.o
 .text.app_psrc_vbus_ocp_cbk
                0x00011d38       0x30 e:\temp\ccWLRaVT.ltrans1.ltrans.o
                0x00011d38                app_psrc_vbus_ocp_cbk
 .text.psrc_set_voltage
                0x00011d68       0x4c e:\temp\ccWLRaVT.ltrans1.ltrans.o
                0x00011d68                psrc_set_voltage
 .text.psrc_disable
                0x00011db4       0x9c e:\temp\ccWLRaVT.ltrans1.ltrans.o
                0x00011db4                psrc_disable
 .text.app_psrc_vbus_ovp_cbk
                0x00011e50       0x4c e:\temp\ccWLRaVT.ltrans1.ltrans.o
 .text.app_psrc_tmr_cbk
                0x00011e9c      0x124 e:\temp\ccWLRaVT.ltrans1.ltrans.o
                0x00011e9c                app_psrc_tmr_cbk
 .text.psnk_disable
                0x00011fc0       0x84 e:\temp\ccWLRaVT.ltrans1.ltrans.o
                0x00011fc0                psnk_disable
 .text.i2c_scb_read
                0x00012044       0x74 e:\temp\ccWLRaVT.ltrans2.ltrans.o
 .text.i2c_reset
                0x000120b8       0x60 e:\temp\ccWLRaVT.ltrans2.ltrans.o
 .text.i2c_timer_cb
                0x00012118       0x24 e:\temp\ccWLRaVT.ltrans2.ltrans.o
 .text.pd_internal_cfet_off.constprop.19
                0x0001213c       0x30 e:\temp\ccWLRaVT.ltrans2.ltrans.o
                0x0001213c                pd_internal_cfet_off.constprop.19
 .text.pd_internal_pfet_on.constprop.18
                0x0001216c       0x34 e:\temp\ccWLRaVT.ltrans2.ltrans.o
                0x0001216c                pd_internal_pfet_on.constprop.18
 .text.pd_internal_pfet_off.constprop.12
                0x000121a0       0x30 e:\temp\ccWLRaVT.ltrans2.ltrans.o
                0x000121a0                pd_internal_pfet_off.constprop.12
 .text.set_mux.constprop.8
                0x000121d0       0x50 e:\temp\ccWLRaVT.ltrans2.ltrans.o
                0x000121d0                set_mux.constprop.8
 .text.pd_internal_cfet_on.constprop.3
                0x00012220       0x58 e:\temp\ccWLRaVT.ltrans2.ltrans.o
                0x00012220                pd_internal_cfet_on.constprop.3
 .text.CyDelay.constprop.2
                0x00012278       0x10 e:\temp\ccWLRaVT.ltrans2.ltrans.o
                0x00012278                CyDelay.constprop.2
 .text.pd_adc_sample.constprop.20
                0x00012288       0x6c e:\temp\ccWLRaVT.ltrans2.ltrans.o
                0x00012288                pd_adc_sample.constprop.20
 .text.i2c_scb_intr_handler
                0x000122f4      0x310 e:\temp\ccWLRaVT.ltrans2.ltrans.o
 .text.i2c_scb_0_intr_handler.lto_priv.103
                0x00012604        0xa e:\temp\ccWLRaVT.ltrans2.ltrans.o
                0x00012604                i2c_scb_0_intr_handler.lto_priv.103
 *fill*         0x0001260e        0x2 
 .text.hpi_task.part.3.lto_priv.110
                0x00012610      0x5f4 e:\temp\ccWLRaVT.ltrans2.ltrans.o
                0x00012610                hpi_task.part.3.lto_priv.110
 .text.alt_mode_mngr_exit_all
                0x00012c04        0x2 e:\temp\ccWLRaVT.ltrans3.ltrans.o
                0x00012c04                alt_mode_mngr_exit_all
 .text.sln_psrc_disable
                0x00012c06        0x8 e:\temp\ccWLRaVT.ltrans3.ltrans.o
                0x00012c06                sln_psrc_disable
 *fill*         0x00012c0e        0x2 
 .text.app_handle_fault
                0x00012c10       0x94 e:\temp\ccWLRaVT.ltrans3.ltrans.o
 .text.pd_get_ptr_ocp_tbl
                0x00012ca4       0x1c e:\temp\ccWLRaVT.ltrans3.ltrans.o
                0x00012ca4                pd_get_ptr_ocp_tbl
 .text.app_port_disable_cb.lto_priv.82
                0x00012cc0       0x48 e:\temp\ccWLRaVT.ltrans3.ltrans.o
                0x00012cc0                app_port_disable_cb.lto_priv.82
 .text.watchdog_timer_cb
                0x00012d08       0x40 e:\temp\ccWLRaVT.ltrans3.ltrans.o
                0x00012d08                watchdog_timer_cb
 .text.I2C_Write
                0x00012d48      0x100 e:\temp\ccWLRaVT.ltrans3.ltrans.o
                0x00012d48                I2C_Write
 .text.set_pd_ctrl_voltage
                0x00012e48       0x28 e:\temp\ccWLRaVT.ltrans3.ltrans.o
                0x00012e48                set_pd_ctrl_voltage
 .text.fault_recovery_timer_cb
                0x00012e70       0x74 e:\temp\ccWLRaVT.ltrans3.ltrans.o
 .text.sln_psrc_enable
                0x00012ee4      0x1e8 e:\temp\ccWLRaVT.ltrans3.ltrans.o
                0x00012ee4                sln_psrc_enable
 .text.mux_ctrl_set_cfg
                0x000130cc      0x1b4 e:\temp\ccWLRaVT.ltrans3.ltrans.o
                0x000130cc                mux_ctrl_set_cfg
 .text.app_event_handler
                0x00013280      0x680 e:\temp\ccWLRaVT.ltrans3.ltrans.o
                0x00013280                app_event_handler
 .text.psnk_set_current
                0x00013900       0x10 e:\temp\ccWLRaVT.ltrans4.ltrans.o
                0x00013900                psnk_set_current
 .text.form_rdo
                0x00013910       0x80 e:\temp\ccWLRaVT.ltrans4.ltrans.o
 .text.eval_src_cap
                0x00013990      0x444 e:\temp\ccWLRaVT.ltrans4.ltrans.o
                0x00013990                eval_src_cap
 .text.psnk_enable
                0x00013dd4       0x42 e:\temp\ccWLRaVT.ltrans4.ltrans.o
                0x00013dd4                psnk_enable
 .text.app_cc_sbu_fault_handler.lto_priv.85
                0x00013e16       0x10 e:\temp\ccWLRaVT.ltrans4.ltrans.o
                0x00013e16                app_cc_sbu_fault_handler.lto_priv.85
 *fill*         0x00013e26        0x2 
 .text.eval_rdo
                0x00013e28       0x30 e:\temp\ccWLRaVT.ltrans4.ltrans.o
                0x00013e28                eval_rdo
 .text.vbus_get_value
                0x00013e58       0x14 e:\temp\ccWLRaVT.ltrans4.ltrans.o
                0x00013e58                vbus_get_value
 .text.vconn_is_present
                0x00013e6c       0x14 e:\temp\ccWLRaVT.ltrans4.ltrans.o
                0x00013e6c                vconn_is_present
 .text.sink_fet_off
                0x00013e80       0x10 e:\temp\ccWLRaVT.ltrans4.ltrans.o
                0x00013e80                sink_fet_off
 .text.app_psnk_vbus_ovp_cbk
                0x00013e90       0x1e e:\temp\ccWLRaVT.ltrans4.ltrans.o
 *fill*         0x00013eae        0x2 
 .text.app_ovp_disable
                0x00013eb0      0x110 e:\temp\ccWLRaVT.ltrans4.ltrans.o
                0x00013eb0                app_ovp_disable
 .text.vconn_enable
                0x00013fc0      0x12c e:\temp\ccWLRaVT.ltrans4.ltrans.o
                0x00013fc0                vconn_enable
 .text.app_ovp_enable.part.2.lto_priv.70
                0x000140ec      0x230 e:\temp\ccWLRaVT.ltrans4.ltrans.o
                0x000140ec                app_ovp_enable.part.2.lto_priv.70
 .text.psnk_set_voltage
                0x0001431c       0x40 e:\temp\ccWLRaVT.ltrans4.ltrans.o
                0x0001431c                psnk_set_voltage
 .text.vbus_is_present
                0x0001435c       0x7c e:\temp\ccWLRaVT.ltrans4.ltrans.o
                0x0001435c                vbus_is_present
 .text.app_psnk_tmr_cbk.lto_priv.69
                0x000143d8       0x64 e:\temp\ccWLRaVT.ltrans4.ltrans.o
                0x000143d8                app_psnk_tmr_cbk.lto_priv.69
 .text.vconn_disable
                0x0001443c       0xb0 e:\temp\ccWLRaVT.ltrans4.ltrans.o
                0x0001443c                vconn_disable
 .text.app_vconn_ocp_cbk
                0x000144ec       0x1e e:\temp\ccWLRaVT.ltrans4.ltrans.o
 *fill*         0x0001450a        0x2 
 .text.pd_phy_load_data_in_mem
                0x0001450c       0x8c e:\temp\ccWLRaVT.ltrans5.ltrans.o
 .text.pd_phy_is_busy
                0x00014598       0x28 e:\temp\ccWLRaVT.ltrans5.ltrans.o
                0x00014598                pd_phy_is_busy
 .text.pd_phy_get_rx_packet
                0x000145c0       0x14 e:\temp\ccWLRaVT.ltrans5.ltrans.o
                0x000145c0                pd_phy_get_rx_packet
 .text.pd_phy_abort_tx_msg
                0x000145d4       0x40 e:\temp\ccWLRaVT.ltrans5.ltrans.o
                0x000145d4                pd_phy_abort_tx_msg
 .text.pd_phy_abort_bist_cm2
                0x00014614       0x28 e:\temp\ccWLRaVT.ltrans5.ltrans.o
                0x00014614                pd_phy_abort_bist_cm2
 .text.pd_prot_rx_dis
                0x0001463c       0x68 e:\temp\ccWLRaVT.ltrans5.ltrans.o
                0x0001463c                pd_prot_rx_dis
 .text.pd_prot_rx_en
                0x000146a4       0x40 e:\temp\ccWLRaVT.ltrans5.ltrans.o
                0x000146a4                pd_prot_rx_en
 .text.pd_prot_stop
                0x000146e4       0x34 e:\temp\ccWLRaVT.ltrans5.ltrans.o
                0x000146e4                pd_prot_stop
 .text.pd_phy_send_msg
                0x00014718      0x12c e:\temp\ccWLRaVT.ltrans5.ltrans.o
                0x00014718                pd_phy_send_msg
 .text.pd_phy_load_msg
                0x00014844       0x6c e:\temp\ccWLRaVT.ltrans5.ltrans.o
                0x00014844                pd_phy_load_msg
 .text.pd_phy_dis_unchunked_tx
                0x000148b0       0x14 e:\temp\ccWLRaVT.ltrans5.ltrans.o
                0x000148b0                pd_phy_dis_unchunked_tx
 .text.pd_phy_refresh_roles
                0x000148c4       0x68 e:\temp\ccWLRaVT.ltrans5.ltrans.o
                0x000148c4                pd_phy_refresh_roles
 .text.pd_phy_init
                0x0001492c       0x78 e:\temp\ccWLRaVT.ltrans5.ltrans.o
                0x0001492c                pd_phy_init
 .text.pdss_intr0_handler
                0x000149a4      0x3d0 e:\temp\ccWLRaVT.ltrans5.ltrans.o
                0x000149a4                pdss_intr0_handler
 .text.pd_phy_send_reset
                0x00014d74       0x98 e:\temp\ccWLRaVT.ltrans5.ltrans.o
                0x00014d74                pd_phy_send_reset
 .text.pd_phy_send_bist_cm2
                0x00014e0c       0x2c e:\temp\ccWLRaVT.ltrans5.ltrans.o
                0x00014e0c                pd_phy_send_bist_cm2
 .text.pd_phy_detect_cc_rise
                0x00014e38       0xa4 e:\temp\ccWLRaVT.ltrans5.ltrans.o
 .text.ccg5_pump_enable.lto_priv.63
                0x00014edc       0x38 e:\temp\ccWLRaVT.ltrans5.ltrans.o
                0x00014edc                ccg5_pump_enable.lto_priv.63
 .text.ccg5_pump_disable.lto_priv.64
                0x00014f14       0x28 e:\temp\ccWLRaVT.ltrans5.ltrans.o
                0x00014f14                ccg5_pump_disable.lto_priv.64
 .text.pd_phy_wake_port
                0x00014f3c       0xf0 e:\temp\ccWLRaVT.ltrans5.ltrans.o
 .text.pd_phy_wakeup
                0x0001502c       0x12 e:\temp\ccWLRaVT.ltrans5.ltrans.o
                0x0001502c                pd_phy_wakeup
 *fill*         0x0001503e        0x2 
 .text.pd_hal_typec_sm_restart
                0x00015040       0x20 e:\temp\ccWLRaVT.ltrans5.ltrans.o
                0x00015040                pd_hal_typec_sm_restart
 .text.pd_phy_deepsleep
                0x00015060      0x2bc e:\temp\ccWLRaVT.ltrans5.ltrans.o
                0x00015060                pd_phy_deepsleep
 .text.vconn_ocp_timer_cb
                0x0001531c       0x1c e:\temp\ccWLRaVT.ltrans6.ltrans.o
 .text.IntDefaultHandler
                0x00015338       0x24 e:\temp\ccWLRaVT.ltrans6.ltrans.o
                0x00015338                IntDefaultHandler
 .text.pd_fet_automode_disable.lto_priv.76
                0x0001535c       0x58 e:\temp\ccWLRaVT.ltrans6.ltrans.o
                0x0001535c                pd_fet_automode_disable.lto_priv.76
 .text.pd_reset_edge_det
                0x000153b4       0x24 e:\temp\ccWLRaVT.ltrans6.ltrans.o
                0x000153b4                pd_reset_edge_det
 .text.ocp_handler_wrapper
                0x000153d8       0x24 e:\temp\ccWLRaVT.ltrans6.ltrans.o
 .text.pd_is_vconn_present
                0x000153fc       0x20 e:\temp\ccWLRaVT.ltrans6.ltrans.o
                0x000153fc                pd_is_vconn_present
 .text.pd_typec_set_polarity
                0x0001541c       0x24 e:\temp\ccWLRaVT.ltrans6.ltrans.o
                0x0001541c                pd_typec_set_polarity
 .text.pd_typec_dis_rd
                0x00015440       0x38 e:\temp\ccWLRaVT.ltrans6.ltrans.o
                0x00015440                pd_typec_dis_rd
 .text.pd_typec_en_rd
                0x00015478       0x2c e:\temp\ccWLRaVT.ltrans6.ltrans.o
                0x00015478                pd_typec_en_rd
 .text.pd_typec_dis_dpslp_rp
                0x000154a4       0x20 e:\temp\ccWLRaVT.ltrans6.ltrans.o
                0x000154a4                pd_typec_dis_dpslp_rp
 .text.pd_typec_dis_rp
                0x000154c4       0x28 e:\temp\ccWLRaVT.ltrans6.ltrans.o
                0x000154c4                pd_typec_dis_rp
 .text.pd_typec_en_rp
                0x000154ec       0x7c e:\temp\ccWLRaVT.ltrans6.ltrans.o
                0x000154ec                pd_typec_en_rp
 .text.pd_typec_snk_update_trim
                0x00015568       0x40 e:\temp\ccWLRaVT.ltrans6.ltrans.o
                0x00015568                pd_typec_snk_update_trim
 .text.pd_typec_stop
                0x000155a8       0x98 e:\temp\ccWLRaVT.ltrans6.ltrans.o
                0x000155a8                pd_typec_stop
 .text.pd_typec_rd_enable
                0x00015640       0x50 e:\temp\ccWLRaVT.ltrans6.ltrans.o
                0x00015640                pd_typec_rd_enable
 .text.pd_typec_init
                0x00015690       0x58 e:\temp\ccWLRaVT.ltrans6.ltrans.o
                0x00015690                pd_typec_init
 .text.pd_adc_restore_intr.isra.1.lto_priv.48
                0x000156e8       0x58 e:\temp\ccWLRaVT.ltrans6.ltrans.o
                0x000156e8                pd_adc_restore_intr.isra.1.lto_priv.48
 .text.pd_typec_get_rp_rd_status
                0x00015740       0xf8 e:\temp\ccWLRaVT.ltrans6.ltrans.o
 .text.pd_typec_get_cc_status
                0x00015838      0x13c e:\temp\ccWLRaVT.ltrans6.ltrans.o
                0x00015838                pd_typec_get_cc_status
 .text.pd_typec_start
                0x00015974      0x12c e:\temp\ccWLRaVT.ltrans6.ltrans.o
                0x00015974                pd_typec_start
 .text.pd_internal_vbus_discharge_off
                0x00015aa0       0x34 e:\temp\ccWLRaVT.ltrans6.ltrans.o
                0x00015aa0                pd_internal_vbus_discharge_off
 .text.pd_internal_vbus_discharge_on
                0x00015ad4       0x68 e:\temp\ccWLRaVT.ltrans6.ltrans.o
                0x00015ad4                pd_internal_vbus_discharge_on
 .text.pd_discharge_monitor_cb
                0x00015b3c       0xd4 e:\temp\ccWLRaVT.ltrans6.ltrans.o
 .text.pdss_intr1_handler
                0x00015c10      0x300 e:\temp\ccWLRaVT.ltrans6.ltrans.o
                0x00015c10                pdss_intr1_handler
 .text.hpi_i2c_cmd_callback.lto_priv.101
                0x00015f10      0x38c e:\temp\ccWLRaVT.ltrans7.ltrans.o
                0x00015f10                hpi_i2c_cmd_callback.lto_priv.101
 .text.unlikely.hpi_reg_clear_msg_queue.lto_priv.51
                0x0001629c       0x3c e:\temp\ccWLRaVT.ltrans7.ltrans.o
                0x0001629c                hpi_reg_clear_msg_queue.lto_priv.51
 .text.hpi_reg_handle_queue.lto_priv.80
                0x000162d8       0x98 e:\temp\ccWLRaVT.ltrans7.ltrans.o
                0x000162d8                hpi_reg_handle_queue.lto_priv.80
 .text.hpi_reg_handle_intr_write.lto_priv.49
                0x00016370       0x84 e:\temp\ccWLRaVT.ltrans7.ltrans.o
                0x00016370                hpi_reg_handle_intr_write.lto_priv.49
 .text.hpi_reg_enqueue_event
                0x000163f4       0xb0 e:\temp\ccWLRaVT.ltrans7.ltrans.o
                0x000163f4                hpi_reg_enqueue_event
 .text.hpi_pd_port_disable_cb.lto_priv.47
                0x000164a4       0x4c e:\temp\ccWLRaVT.ltrans7.ltrans.o
                0x000164a4                hpi_pd_port_disable_cb.lto_priv.47
 .text.CyDelayUs
                0x000164f0        0xc e:\temp\ccWLRaVT.ltrans7.ltrans.o
                0x000164f0                CyDelayUs
 .text.CySoftwareReset
                0x000164fc       0x18 e:\temp\ccWLRaVT.ltrans7.ltrans.o
                0x000164fc                CySoftwareReset
 .text.hpi_reset_dev.lto_priv.50
                0x00016514       0x7c e:\temp\ccWLRaVT.ltrans7.ltrans.o
                0x00016514                hpi_reset_dev.lto_priv.50
 .text.startup.initialize_psoc
                0x00016590      0x1dc e:\temp\ccWLRaVT.ltrans7.ltrans.o
 .text.Start_c  0x0001676c       0x48 e:\temp\ccWLRaVT.ltrans7.ltrans.o
 *fill*         0x000167b4        0x4 
 .text          0x000167b8       0x20 .\CortexM0\ARM_GCC_541\Debug\backup_fw_2.a(CyBootAsmGnu.o)
                0x000167b8                CyDelayCycles
                0x000167ca                CyEnterCriticalSection
                0x000167d2                CyExitCriticalSection
 .text.dpm_init
                0x000167d8       0x68 ..\lib\ccg5_dualport\libccgx_pd.a(dpm.o)
                0x000167d8                dpm_init
 .text.dpm_start
                0x00016840       0x40 ..\lib\ccg5_dualport\libccgx_pd.a(dpm.o)
                0x00016840                dpm_start
 .text.dpm_deepsleep
                0x00016880       0x68 ..\lib\ccg5_dualport\libccgx_pd.a(dpm.o)
                0x00016880                dpm_deepsleep
 .text.dpm_wakeup
                0x000168e8        0xa ..\lib\ccg5_dualport\libccgx_pd.a(dpm.o)
                0x000168e8                dpm_wakeup
 *fill*         0x000168f2        0x2 
 .text.dpm_task
                0x000168f4       0x48 ..\lib\ccg5_dualport\libccgx_pd.a(dpm.o)
                0x000168f4                dpm_task
 .text.dpm_get_info
                0x0001693c       0x10 ..\lib\ccg5_dualport\libccgx_pd.a(dpm.o)
                0x0001693c                dpm_get_info
 .text.dpm_get_snk_wait_cap_period
                0x0001694c        0xc ..\lib\ccg5_dualport\libccgx_pd.a(dpm.o)
                0x0001694c                dpm_get_snk_wait_cap_period
 .text.dpm_update_mux_enable_wait_period
                0x00016958        0xc ..\lib\ccg5_dualport\libccgx_pd.a(dpm.o)
                0x00016958                dpm_update_mux_enable_wait_period
 .text.dpm_get_mux_enable_wait_period
                0x00016964        0xc ..\lib\ccg5_dualport\libccgx_pd.a(dpm.o)
                0x00016964                dpm_get_mux_enable_wait_period
 .text.dpm_is_rdo_valid
                0x00016970       0x6c ..\lib\ccg5_dualport\libccgx_pd.a(dpm.o)
                0x00016970                dpm_is_rdo_valid
 .text.dpm_get_polarity
                0x000169dc       0x14 ..\lib\ccg5_dualport\libccgx_pd.a(dpm.o)
                0x000169dc                dpm_get_polarity
 .text.dpm_get_status
                0x000169f0       0x10 ..\lib\ccg5_dualport\libccgx_pd.a(dpm.o)
                0x000169f0                dpm_get_status
 .text.dpm_refresh_src_cap
                0x00016a00      0x1b0 ..\lib\ccg5_dualport\libccgx_pd.a(dpm.o)
                0x00016a00                dpm_refresh_src_cap
 .text.dpm_refresh_snk_cap
                0x00016bb0       0x80 ..\lib\ccg5_dualport\libccgx_pd.a(dpm.o)
                0x00016bb0                dpm_refresh_snk_cap
 .text.dpm_is_prev_contract_valid
                0x00016c30       0x1c ..\lib\ccg5_dualport\libccgx_pd.a(dpm.o)
                0x00016c30                dpm_is_prev_contract_valid
 .text.dpm_get_evtno_n_clear
                0x00016c4c       0x3a ..\lib\ccg5_dualport\libccgx_pd.a(dpm.o)
                0x00016c4c                dpm_get_evtno_n_clear
 *fill*         0x00016c86        0x2 
 .text.dpm_get_sink_detach_voltage
                0x00016c88       0x30 ..\lib\ccg5_dualport\libccgx_pd.a(dpm.o)
                0x00016c88                dpm_get_sink_detach_voltage
 .text.dpm_get_sink_detach_margin
                0x00016cb8       0x1c ..\lib\ccg5_dualport\libccgx_pd.a(dpm.o)
                0x00016cb8                dpm_get_sink_detach_margin
 .text.dpm_set_pe_evt
                0x00016cd4       0x28 ..\lib\ccg5_dualport\libccgx_pd.a(dpm.o)
                0x00016cd4                dpm_set_pe_evt
 .text.dpm_pd_command_ec
                0x00016cfc       0xac ..\lib\ccg5_dualport\libccgx_pd.a(dpm.o)
                0x00016cfc                dpm_pd_command_ec
 .text.dpm_pd_command
                0x00016da8       0x2c ..\lib\ccg5_dualport\libccgx_pd.a(dpm.o)
                0x00016da8                dpm_pd_command
 .text.dpm_clear_pe_evt
                0x00016dd4       0x28 ..\lib\ccg5_dualport\libccgx_pd.a(dpm.o)
                0x00016dd4                dpm_clear_pe_evt
 .text.dpm_set_typec_evt
                0x00016dfc       0x28 ..\lib\ccg5_dualport\libccgx_pd.a(dpm.o)
                0x00016dfc                dpm_set_typec_evt
 .text.dpm_typec_command
                0x00016e24       0x48 ..\lib\ccg5_dualport\libccgx_pd.a(dpm.o)
                0x00016e24                dpm_typec_command
 .text.dpm_clear_typec_evt
                0x00016e6c       0x28 ..\lib\ccg5_dualport\libccgx_pd.a(dpm.o)
                0x00016e6c                dpm_clear_typec_evt
 .text.dpm_update_port_status
                0x00016e94       0x1c ..\lib\ccg5_dualport\libccgx_pd.a(dpm.o)
                0x00016e94                dpm_update_port_status
 .text.dpm_get_pd_port_status
                0x00016eb0       0xbc ..\lib\ccg5_dualport\libccgx_pd.a(dpm.o)
                0x00016eb0                dpm_get_pd_port_status
 .text.dpm_prot_reset_rx
                0x00016f6c        0x8 ..\lib\ccg5_dualport\libccgx_pd.a(dpm.o)
                0x00016f6c                dpm_prot_reset_rx
 .text.dpm_pe_stop
                0x00016f74       0x12 ..\lib\ccg5_dualport\libccgx_pd.a(dpm.o)
                0x00016f74                dpm_pe_stop
 *fill*         0x00016f86        0x2 
 .text.dpm_set_alert
                0x00016f88       0x20 ..\lib\ccg5_dualport\libccgx_pd.a(dpm.o)
                0x00016f88                dpm_set_alert
 .text.dpm_clear_hard_reset_count
                0x00016fa8       0x12 ..\lib\ccg5_dualport\libccgx_pd.a(dpm.o)
                0x00016fa8                dpm_clear_hard_reset_count
 *fill*         0x00016fba        0x2 
 .text.dpm_set_fault_active
                0x00016fbc       0x20 ..\lib\ccg5_dualport\libccgx_pd.a(dpm.o)
                0x00016fbc                dpm_set_fault_active
 .text.dpm_clear_fault_active
                0x00016fdc       0x20 ..\lib\ccg5_dualport\libccgx_pd.a(dpm.o)
                0x00016fdc                dpm_clear_fault_active
 .text.dpm_notify_app
                0x00016ffc       0x1c ..\lib\ccg5_dualport\libccgx_pd.a(dpm.o)
                0x00016ffc                dpm_notify_app
 .text.dpm_notify_app_wdata
                0x00017018       0x1c ..\lib\ccg5_dualport\libccgx_pd.a(dpm.o)
                0x00017018                dpm_notify_app_wdata
 .text.dpm_send_hard_reset
                0x00017034        0xe ..\lib\ccg5_dualport\libccgx_pd.a(dpm.o)
                0x00017034                dpm_send_hard_reset
 .text.pe_fsm_off
                0x00017042        0x2 ..\lib\ccg5_dualport\libccgx_pd.a(pd_policy_engine.o)
 .text.pd_cbk   0x00017044        0x8 ..\lib\ccg5_dualport\libccgx_pd.a(pd_policy_engine.o)
 .text.pe_tmr_cbk
                0x0001704c       0x1c ..\lib\ccg5_dualport\libccgx_pd.a(pd_policy_engine.o)
 .text.pe_pwr_ready_cbk
                0x00017068        0xa ..\lib\ccg5_dualport\libccgx_pd.a(pd_policy_engine.o)
 .text.pe_dpm_cmd_clear
                0x00017072       0x14 ..\lib\ccg5_dualport\libccgx_pd.a(pd_policy_engine.o)
 *fill*         0x00017086        0x2 
 .text.check_vconn_swap_required
                0x00017088       0xa4 ..\lib\ccg5_dualport\libccgx_pd.a(pd_policy_engine.o)
 .text.pe_reset_flags
                0x0001712c       0xcc ..\lib\ccg5_dualport\libccgx_pd.a(pd_policy_engine.o)
 .text.pe_dpm_cmd_response
                0x000171f8       0x64 ..\lib\ccg5_dualport\libccgx_pd.a(pd_policy_engine.o)
 .text.pe_dpm_resp
                0x0001725c        0xa ..\lib\ccg5_dualport\libccgx_pd.a(pd_policy_engine.o)
 *fill*         0x00017266        0x2 
 .text.pe_vdm_resp_cbk
                0x00017268       0x28 ..\lib\ccg5_dualport\libccgx_pd.a(pd_policy_engine.o)
 .text.pe_app_resp_cbk
                0x00017290       0x28 ..\lib\ccg5_dualport\libccgx_pd.a(pd_policy_engine.o)
 .text.pe_prs_complete
                0x000172b8       0x40 ..\lib\ccg5_dualport\libccgx_pd.a(pd_policy_engine.o)
 .text.pe_clr_timeout_gen_entry_event
                0x000172f8       0x48 ..\lib\ccg5_dualport\libccgx_pd.a(pd_policy_engine.o)
 .text.pe_send_sr
                0x00017340       0x3c ..\lib\ccg5_dualport\libccgx_pd.a(pd_policy_engine.o)
 .text.pe_fsm_drs_change_role
                0x0001737c       0x70 ..\lib\ccg5_dualport\libccgx_pd.a(pd_policy_engine.o)
 .text.pe_vconn_swap_complete
                0x000173ec       0x40 ..\lib\ccg5_dualport\libccgx_pd.a(pd_policy_engine.o)
 .text.sr_ams_exit
                0x0001742c       0x26 ..\lib\ccg5_dualport\libccgx_pd.a(pd_policy_engine.o)
 .text.pe_fsm_src_wait_new_cap
                0x00017452        0xe ..\lib\ccg5_dualport\libccgx_pd.a(pd_policy_engine.o)
 .text.pe_hr_rcvd
                0x00017460       0x3e ..\lib\ccg5_dualport\libccgx_pd.a(pd_policy_engine.o)
 .text.pe_send_hr
                0x0001749e       0x3e ..\lib\ccg5_dualport\libccgx_pd.a(pd_policy_engine.o)
 .text.pe_timer_start
                0x000174dc       0x10 ..\lib\ccg5_dualport\libccgx_pd.a(pd_policy_engine.o)
 .text.pe_fsm_vrs_vconn_on
                0x000174ec       0x76 ..\lib\ccg5_dualport\libccgx_pd.a(pd_policy_engine.o)
 *fill*         0x00017562        0x2 
 .text.pe_fsm_src_trans_supply
                0x00017564      0x154 ..\lib\ccg5_dualport\libccgx_pd.a(pd_policy_engine.o)
 .text.pe_fsm_snk_eval_cap
                0x000176b8       0xc8 ..\lib\ccg5_dualport\libccgx_pd.a(pd_policy_engine.o)
 .text.pe_src_snk_contract_done
                0x00017780       0xac ..\lib\ccg5_dualport\libccgx_pd.a(pd_policy_engine.o)
 .text.pe_fsm_src_neg_cap
                0x0001782c       0xf4 ..\lib\ccg5_dualport\libccgx_pd.a(pd_policy_engine.o)
 .text.pe_src_snk_startup
                0x00017920       0x60 ..\lib\ccg5_dualport\libccgx_pd.a(pd_policy_engine.o)
 .text.pe_fsm_bist_cm2
                0x00017980       0x48 ..\lib\ccg5_dualport\libccgx_pd.a(pd_policy_engine.o)
 .text.pe_fsm_bist_test_data
                0x000179c8        0xc ..\lib\ccg5_dualport\libccgx_pd.a(pd_policy_engine.o)
 .text.pe_hr_reset_flags
                0x000179d4       0x90 ..\lib\ccg5_dualport\libccgx_pd.a(pd_policy_engine.o)
 .text.pe_hr_reset
                0x00017a64       0x40 ..\lib\ccg5_dualport\libccgx_pd.a(pd_policy_engine.o)
 .text.vs_cbk   0x00017aa4       0x9c ..\lib\ccg5_dualport\libccgx_pd.a(pd_policy_engine.o)
 .text.pe_fsm_sr_rcvd
                0x00017b40       0x38 ..\lib\ccg5_dualport\libccgx_pd.a(pd_policy_engine.o)
 .text.pe_hr_complete
                0x00017b78       0x74 ..\lib\ccg5_dualport\libccgx_pd.a(pd_policy_engine.o)
 .text.pe_fsm_hr_snk_wait_vbus_on
                0x00017bec       0x48 ..\lib\ccg5_dualport\libccgx_pd.a(pd_policy_engine.o)
 .text.pe_fsm_hr_src_recover
                0x00017c34       0x1e ..\lib\ccg5_dualport\libccgx_pd.a(pd_policy_engine.o)
 *fill*         0x00017c52        0x2 
 .text.pe_swap_accepted
                0x00017c54       0xb4 ..\lib\ccg5_dualport\libccgx_pd.a(pd_policy_engine.o)
 .text.pe_fsm_swap_eval
                0x00017d08      0x1e4 ..\lib\ccg5_dualport\libccgx_pd.a(pd_policy_engine.o)
 .text.pe_fsm_src_startup
                0x00017eec       0x7c ..\lib\ccg5_dualport\libccgx_pd.a(pd_policy_engine.o)
 .text.pe_fsm_snk_startup
                0x00017f68       0x16 ..\lib\ccg5_dualport\libccgx_pd.a(pd_policy_engine.o)
 *fill*         0x00017f7e        0x2 
 .text.pe_fsm_hr_snk_trans_dflt
                0x00017f80       0x5c ..\lib\ccg5_dualport\libccgx_pd.a(pd_policy_engine.o)
 .text.pe_send_reject
                0x00017fdc       0x78 ..\lib\ccg5_dualport\libccgx_pd.a(pd_policy_engine.o)
 .text.pe_init  0x00018054       0x20 ..\lib\ccg5_dualport\libccgx_pd.a(pd_policy_engine.o)
                0x00018054                pe_init
 .text.pe_start
                0x00018074       0x32 ..\lib\ccg5_dualport\libccgx_pd.a(pd_policy_engine.o)
                0x00018074                pe_start
 .text.pe_stop  0x000180a6       0x12 ..\lib\ccg5_dualport\libccgx_pd.a(pd_policy_engine.o)
                0x000180a6                pe_stop
 .text.pe_is_busy
                0x000180b8       0x68 ..\lib\ccg5_dualport\libccgx_pd.a(pd_policy_engine.o)
                0x000180b8                pe_is_busy
 .text.pd_is_msg
                0x00018120       0x74 ..\lib\ccg5_dualport\libccgx_pd.a(pd_policy_engine.o)
                0x00018120                pd_is_msg
 .text.pe_is_sop_ctrl_msg
                0x00018194       0x20 ..\lib\ccg5_dualport\libccgx_pd.a(pd_policy_engine.o)
 .text.pe_fsm_vrs_vconn_off
                0x000181b4       0x68 ..\lib\ccg5_dualport\libccgx_pd.a(pd_policy_engine.o)
 .text.pe_fsm_sr_send
                0x0001821c       0xa4 ..\lib\ccg5_dualport\libccgx_pd.a(pd_policy_engine.o)
 .text.pe_fsm_snk_trans
                0x000182c0      0x1ec ..\lib\ccg5_dualport\libccgx_pd.a(pd_policy_engine.o)
 .text.pe_fsm_snk_sel_cap
                0x000184ac       0xb8 ..\lib\ccg5_dualport\libccgx_pd.a(pd_policy_engine.o)
 .text.pe_fsm_src_send_cap
                0x00018564      0x134 ..\lib\ccg5_dualport\libccgx_pd.a(pd_policy_engine.o)
 .text.validate_n_store_cbl_vdo
                0x00018698       0x94 ..\lib\ccg5_dualport\libccgx_pd.a(pd_policy_engine.o)
 .text.pe_fsm_src_send_cbl_dscid
                0x0001872c       0xa8 ..\lib\ccg5_dualport\libccgx_pd.a(pd_policy_engine.o)
 .text.cbl_cbk  0x000187d4      0x110 ..\lib\ccg5_dualport\libccgx_pd.a(pd_policy_engine.o)
 .text.pe_fsm_src_send_cbl_sr
                0x000188e4       0x64 ..\lib\ccg5_dualport\libccgx_pd.a(pd_policy_engine.o)
 .text.pe_fsm_snk_wait_for_cap
                0x00018948       0x7c ..\lib\ccg5_dualport\libccgx_pd.a(pd_policy_engine.o)
 .text.pe_pkt_rcvd
                0x000189c4      0x334 ..\lib\ccg5_dualport\libccgx_pd.a(pd_policy_engine.o)
 .text.pe_fsm_ready
                0x00018cf8      0x308 ..\lib\ccg5_dualport\libccgx_pd.a(pd_policy_engine.o)
 .text.pe_fsm_send_msg
                0x00019000      0x32c ..\lib\ccg5_dualport\libccgx_pd.a(pd_policy_engine.o)
 .text.pe_clear_hard_reset_count
                0x0001932c       0x1c ..\lib\ccg5_dualport\libccgx_pd.a(pd_policy_engine.o)
                0x0001932c                pe_clear_hard_reset_count
 .text.pe_disabled
                0x00019348       0x3c ..\lib\ccg5_dualport\libccgx_pd.a(pd_policy_engine.o)
                0x00019348                pe_disabled
 .text.pe_fsm_src_discovery
                0x00019384       0xa4 ..\lib\ccg5_dualport\libccgx_pd.a(pd_policy_engine.o)
 .text.pe_err_recovery
                0x00019428       0x36 ..\lib\ccg5_dualport\libccgx_pd.a(pd_policy_engine.o)
 *fill*         0x0001945e        0x2 
 .text.pe_fsm_prs_snk_src_vbus_on
                0x00019460       0xe8 ..\lib\ccg5_dualport\libccgx_pd.a(pd_policy_engine.o)
 .text.pe_fsm_prs_snk_src_wait_ps_rdy
                0x00019548       0x90 ..\lib\ccg5_dualport\libccgx_pd.a(pd_policy_engine.o)
 .text.pe_fsm_prs_src_snk_wait_ps_rdy
                0x000195d8       0x68 ..\lib\ccg5_dualport\libccgx_pd.a(pd_policy_engine.o)
 .text.pe_fsm_prs_src_snk_vbus_off
                0x00019640       0xf8 ..\lib\ccg5_dualport\libccgx_pd.a(pd_policy_engine.o)
 .text.pe_fsm_prs_src_snk_trans
                0x00019738       0x26 ..\lib\ccg5_dualport\libccgx_pd.a(pd_policy_engine.o)
 *fill*         0x0001975e        0x2 
 .text.pe_fsm_swap_send
                0x00019760      0x118 ..\lib\ccg5_dualport\libccgx_pd.a(pd_policy_engine.o)
 .text.pe_fsm_src_send_ps_rdy
                0x00019878      0x100 ..\lib\ccg5_dualport\libccgx_pd.a(pd_policy_engine.o)
 .text.pe_fsm_hr_snk_wait_vbus_off
                0x00019978       0x88 ..\lib\ccg5_dualport\libccgx_pd.a(pd_policy_engine.o)
 .text.pe_fsm_hr_src_vbus_on
                0x00019a00       0x64 ..\lib\ccg5_dualport\libccgx_pd.a(pd_policy_engine.o)
 .text.pe_fsm_hr_src_trans_dflt
                0x00019a64       0x84 ..\lib\ccg5_dualport\libccgx_pd.a(pd_policy_engine.o)
 .text.pe_fsm   0x00019ae8      0x384 ..\lib\ccg5_dualport\libccgx_pd.a(pd_policy_engine.o)
                0x00019ae8                pe_fsm
 .text.pe_fsm_hr_send
                0x00019e6c       0xfc ..\lib\ccg5_dualport\libccgx_pd.a(pd_policy_engine.o)
 .text.analyze_rx
                0x00019f68      0x160 ..\lib\ccg5_dualport\libccgx_pd.a(pd_protocol.o)
 .text.pd_prot_init
                0x0001a0c8       0x2c ..\lib\ccg5_dualport\libccgx_pd.a(pd_protocol.o)
                0x0001a0c8                pd_prot_init
 .text.pd_prot_start
                0x0001a0f4       0x20 ..\lib\ccg5_dualport\libccgx_pd.a(pd_protocol.o)
                0x0001a0f4                pd_prot_start
 .text.pd_prot_refresh_roles
                0x0001a114       0x12 ..\lib\ccg5_dualport\libccgx_pd.a(pd_protocol.o)
                0x0001a114                pd_prot_refresh_roles
 *fill*         0x0001a126        0x2 
 .text.pd_prot_reset
                0x0001a128       0x30 ..\lib\ccg5_dualport\libccgx_pd.a(pd_protocol.o)
                0x0001a128                pd_prot_reset
 .text.pd_prot_reset_all
                0x0001a158       0x4c ..\lib\ccg5_dualport\libccgx_pd.a(pd_protocol.o)
                0x0001a158                pd_prot_reset_all
 .text.pd_prot_reset_rx
                0x0001a1a4       0x24 ..\lib\ccg5_dualport\libccgx_pd.a(pd_protocol.o)
                0x0001a1a4                pd_prot_reset_rx
 .text.pd_prot_is_busy
                0x0001a1c8       0x48 ..\lib\ccg5_dualport\libccgx_pd.a(pd_protocol.o)
                0x0001a1c8                pd_prot_is_busy
 .text.tx_msg_over
                0x0001a210       0x6c ..\lib\ccg5_dualport\libccgx_pd.a(pd_protocol.o)
                0x0001a210                tx_msg_over
 .text.check_collision
                0x0001a27c       0x3c ..\lib\ccg5_dualport\libccgx_pd.a(pd_protocol.o)
                0x0001a27c                check_collision
 .text.phy_cbk  0x0001a2b8      0x1c8 ..\lib\ccg5_dualport\libccgx_pd.a(pd_protocol.o)
 .text.prl_tmr_cbk
                0x0001a480       0x70 ..\lib\ccg5_dualport\libccgx_pd.a(pd_protocol.o)
 .text.pd_send_msg
                0x0001a4f0      0x120 ..\lib\ccg5_dualport\libccgx_pd.a(pd_protocol.o)
                0x0001a4f0                pd_send_msg
 .text.pd_register_msg
                0x0001a610       0x68 ..\lib\ccg5_dualport\libccgx_pd.a(pd_protocol.o)
                0x0001a610                pd_register_msg
 .text.pd_prot_send_ctrl_msg
                0x0001a678       0x14 ..\lib\ccg5_dualport\libccgx_pd.a(pd_protocol.o)
                0x0001a678                pd_prot_send_ctrl_msg
 .text.pd_prot_send_data_msg
                0x0001a68c       0x1a ..\lib\ccg5_dualport\libccgx_pd.a(pd_protocol.o)
                0x0001a68c                pd_prot_send_data_msg
 *fill*         0x0001a6a6        0x2 
 .text.pd_prot_send_hard_reset
                0x0001a6a8       0x7c ..\lib\ccg5_dualport\libccgx_pd.a(pd_protocol.o)
                0x0001a6a8                pd_prot_send_hard_reset
 .text.pd_prot_send_cable_reset
                0x0001a724       0x54 ..\lib\ccg5_dualport\libccgx_pd.a(pd_protocol.o)
                0x0001a724                pd_prot_send_cable_reset
 .text.pd_prot_en_bist_cm2
                0x0001a778        0x8 ..\lib\ccg5_dualport\libccgx_pd.a(pd_protocol.o)
                0x0001a778                pd_prot_en_bist_cm2
 .text.pd_prot_dis_bist_cm2
                0x0001a780        0x8 ..\lib\ccg5_dualport\libccgx_pd.a(pd_protocol.o)
                0x0001a780                pd_prot_dis_bist_cm2
 .text.pd_prot_en_bist_test_data
                0x0001a788       0x24 ..\lib\ccg5_dualport\libccgx_pd.a(pd_protocol.o)
                0x0001a788                pd_prot_en_bist_test_data
 .text.pd_prot_dis_bist_test_data
                0x0001a7ac       0x20 ..\lib\ccg5_dualport\libccgx_pd.a(pd_protocol.o)
                0x0001a7ac                pd_prot_dis_bist_test_data
 .text.pd_prot_get_rx_packet
                0x0001a7cc       0x14 ..\lib\ccg5_dualport\libccgx_pd.a(pd_protocol.o)
                0x0001a7cc                pd_prot_get_rx_packet
 .text.typec_src_disable_done_cbk
                0x0001a7e0       0x14 ..\lib\ccg5_dualport\libccgx_pd.a(typec_manager.o)
 .text.typec_fsm__disabled
                0x0001a7f4        0x2 ..\lib\ccg5_dualport\libccgx_pd.a(typec_manager.o)
 .text.typec_fsm_dpm_resp
                0x0001a7f6       0x2c ..\lib\ccg5_dualport\libccgx_pd.a(typec_manager.o)
 .text.typec_is_connection_detected
                0x0001a822       0x66 ..\lib\ccg5_dualport\libccgx_pd.a(typec_manager.o)
 .text.typec_pwr_ready_cbk
                0x0001a888        0xa ..\lib\ccg5_dualport\libccgx_pd.a(typec_manager.o)
 *fill*         0x0001a892        0x2 
 .text.typec_tmr_cbk
                0x0001a894       0x2c ..\lib\ccg5_dualport\libccgx_pd.a(typec_manager.o)
 .text.typec_gn_fsm_attach
                0x0001a8c0       0x34 ..\lib\ccg5_dualport\libccgx_pd.a(typec_manager.o)
 .text.typec_timer_start
                0x0001a8f4       0x10 ..\lib\ccg5_dualport\libccgx_pd.a(typec_manager.o)
 .text.typec_debounce_reset
                0x0001a904       0x48 ..\lib\ccg5_dualport\libccgx_pd.a(typec_manager.o)
 .text.cc_debounce
                0x0001a94c       0xdc ..\lib\ccg5_dualport\libccgx_pd.a(typec_manager.o)
 .text.typec_gen_entry_event
                0x0001aa28       0x30 ..\lib\ccg5_dualport\libccgx_pd.a(typec_manager.o)
                0x0001aa28                typec_gen_entry_event
 .text.typec_gn_fsm_snk_src_detach
                0x0001aa58       0x3c ..\lib\ccg5_dualport\libccgx_pd.a(typec_manager.o)
 .text.typec_fsm_attached_src_snk
                0x0001aa94      0x214 ..\lib\ccg5_dualport\libccgx_pd.a(typec_manager.o)
 .text.typec_fsm_attach_evt
                0x0001aca8       0xf4 ..\lib\ccg5_dualport\libccgx_pd.a(typec_manager.o)
 .text.typec_fsm__attach_wait
                0x0001ad9c       0x18 ..\lib\ccg5_dualport\libccgx_pd.a(typec_manager.o)
 .text.trans_next_state
                0x0001adb4       0x54 ..\lib\ccg5_dualport\libccgx_pd.a(typec_manager.o)
 .text.typec_init
                0x0001ae08       0x10 ..\lib\ccg5_dualport\libccgx_pd.a(typec_manager.o)
                0x0001ae08                typec_init
 .text.typec_start
                0x0001ae18       0x88 ..\lib\ccg5_dualport\libccgx_pd.a(typec_manager.o)
                0x0001ae18                typec_start
 .text.typec_is_busy
                0x0001aea0       0x88 ..\lib\ccg5_dualport\libccgx_pd.a(typec_manager.o)
                0x0001aea0                typec_is_busy
 .text.typec_sync_toggle
                0x0001af28       0x84 ..\lib\ccg5_dualport\libccgx_pd.a(typec_manager.o)
                0x0001af28                typec_sync_toggle
 .text.typec_deepsleep
                0x0001afac        0x8 ..\lib\ccg5_dualport\libccgx_pd.a(typec_manager.o)
                0x0001afac                typec_deepsleep
 .text.typec_wakeup
                0x0001afb4        0x8 ..\lib\ccg5_dualport\libccgx_pd.a(typec_manager.o)
                0x0001afb4                typec_wakeup
 .text.typec_change_rp
                0x0001afbc       0x44 ..\lib\ccg5_dualport\libccgx_pd.a(typec_manager.o)
                0x0001afbc                typec_change_rp
 .text.typec_fsm_accessory
                0x0001b000       0x7c ..\lib\ccg5_dualport\libccgx_pd.a(typec_manager.o)
 .text.typec_apply_rp
                0x0001b07c       0x36 ..\lib\ccg5_dualport\libccgx_pd.a(typec_manager.o)
                0x0001b07c                typec_apply_rp
 .text.typec_assert_rp
                0x0001b0b2       0x16 ..\lib\ccg5_dualport\libccgx_pd.a(typec_manager.o)
                0x0001b0b2                typec_assert_rp
 .text.typec_assert_rd
                0x0001b0c8       0x2c ..\lib\ccg5_dualport\libccgx_pd.a(typec_manager.o)
                0x0001b0c8                typec_assert_rd
 .text.typec_reset
                0x0001b0f4       0x8c ..\lib\ccg5_dualport\libccgx_pd.a(typec_manager.o)
 .text.typec_unattached
                0x0001b180       0xc4 ..\lib\ccg5_dualport\libccgx_pd.a(typec_manager.o)
 .text.typec_fsm__unattached_src
                0x0001b244       0x1a ..\lib\ccg5_dualport\libccgx_pd.a(typec_manager.o)
 .text.typec_fsm__unattached_snk
                0x0001b25e       0x1a ..\lib\ccg5_dualport\libccgx_pd.a(typec_manager.o)
 .text.typec_fsm__try_snk
                0x0001b278       0x60 ..\lib\ccg5_dualport\libccgx_pd.a(typec_manager.o)
 .text.typec_fsm__try_wait_snk
                0x0001b2d8       0x18 ..\lib\ccg5_dualport\libccgx_pd.a(typec_manager.o)
 .text.typec_fsm__try_src
                0x0001b2f0       0x3a ..\lib\ccg5_dualport\libccgx_pd.a(typec_manager.o)
 .text.typec_fsm__try_wait_src
                0x0001b32a        0x8 ..\lib\ccg5_dualport\libccgx_pd.a(typec_manager.o)
 .text.dpm_typec_deassert_rp_rd
                0x0001b332       0x1e ..\lib\ccg5_dualport\libccgx_pd.a(typec_manager.o)
                0x0001b332                dpm_typec_deassert_rp_rd
 .text.typec_disable
                0x0001b350       0x7c ..\lib\ccg5_dualport\libccgx_pd.a(typec_manager.o)
 .text.typec_fsm__err_recov
                0x0001b3cc       0xd4 ..\lib\ccg5_dualport\libccgx_pd.a(typec_manager.o)
 .text.typec_stop
                0x0001b4a0       0x18 ..\lib\ccg5_dualport\libccgx_pd.a(typec_manager.o)
                0x0001b4a0                typec_stop
 .text.typec_fsm
                0x0001b4b8      0x428 ..\lib\ccg5_dualport\libccgx_pd.a(typec_manager.o)
                0x0001b4b8                typec_fsm
 .text          0x0001b8e0       0x14 e:/cypress/psoc creator/4.2/psoc creator/import/gnu/arm/5.4.1/bin/../lib/gcc/arm-none-eabi/5.4.1/armv6-m\libgcc.a(_thumb1_case_uqi.o)
                0x0001b8e0                __gnu_thumb1_case_uqi
 .text          0x0001b8f4       0x14 e:/cypress/psoc creator/4.2/psoc creator/import/gnu/arm/5.4.1/bin/../lib/gcc/arm-none-eabi/5.4.1/armv6-m\libgcc.a(_thumb1_case_uhi.o)
                0x0001b8f4                __gnu_thumb1_case_uhi
 .text          0x0001b908      0x1d4 e:/cypress/psoc creator/4.2/psoc creator/import/gnu/arm/5.4.1/bin/../lib/gcc/arm-none-eabi/5.4.1/armv6-m\libgcc.a(_divsi3.o)
                0x0001b908                __divsi3
                0x0001b908                __aeabi_idiv
                0x0001bad4                __aeabi_idivmod
 .text          0x0001badc        0x4 e:/cypress/psoc creator/4.2/psoc creator/import/gnu/arm/5.4.1/bin/../lib/gcc/arm-none-eabi/5.4.1/armv6-m\libgcc.a(_dvmd_tls.o)
                0x0001badc                __aeabi_idiv0
                0x0001badc                __aeabi_ldiv0
 .text.__errno  0x0001bae0        0xc e:/cypress/psoc creator/4.2/psoc creator/import/gnu/arm/5.4.1/bin/../lib/gcc/arm-none-eabi/5.4.1/../../../../arm-none-eabi/lib/armv6-m\libg_nano.a(lib_a-errno.o)
                0x0001bae0                __errno
 .text.__libc_init_array
                0x0001baec       0x4c e:/cypress/psoc creator/4.2/psoc creator/import/gnu/arm/5.4.1/bin/../lib/gcc/arm-none-eabi/5.4.1/../../../../arm-none-eabi/lib/armv6-m\libg_nano.a(lib_a-init.o)
                0x0001baec                __libc_init_array
 .text.memcpy   0x0001bb38       0x12 e:/cypress/psoc creator/4.2/psoc creator/import/gnu/arm/5.4.1/bin/../lib/gcc/arm-none-eabi/5.4.1/../../../../arm-none-eabi/lib/armv6-m\libg_nano.a(lib_a-memcpy-stub.o)
                0x0001bb38                memcpy
 .text.memset   0x0001bb4a       0x10 e:/cypress/psoc creator/4.2/psoc creator/import/gnu/arm/5.4.1/bin/../lib/gcc/arm-none-eabi/5.4.1/../../../../arm-none-eabi/lib/armv6-m\libg_nano.a(lib_a-memset.o)
                0x0001bb4a                memset
 *fill*         0x0001bb5a        0x2 
 .text          0x0001bb5c       0x14 e:/cypress/psoc creator/4.2/psoc creator/import/gnu/arm/5.4.1/bin/../lib/gcc/arm-none-eabi/5.4.1/armv6-m\libgcc.a(_thumb1_case_sqi.o)
                0x0001bb5c                __gnu_thumb1_case_sqi
 .text          0x0001bb70      0x114 e:/cypress/psoc creator/4.2/psoc creator/import/gnu/arm/5.4.1/bin/../lib/gcc/arm-none-eabi/5.4.1/armv6-m\libgcc.a(_udivsi3.o)
                0x0001bb70                __aeabi_uidiv
                0x0001bb70                __udivsi3
                0x0001bc7c                __aeabi_uidivmod
 *(.plt)
 *(.gnu.warning)
 *(.glue_7t)
 .glue_7t       0x0001bc84        0x0 linker stubs
 *(.glue_7)
 .glue_7        0x0001bc84        0x0 linker stubs
 *(.vfp11_veneer)
 .vfp11_veneer  0x0001bc84        0x0 linker stubs
 *(.bootloader)
 *(.ARM.extab* .gnu.linkonce.armextab.*)
 *(.gcc_except_table)

.v4_bx          0x0001bc84        0x0
 .v4_bx         0x0001bc84        0x0 linker stubs

.iplt           0x0001bc84        0x0
 .iplt          0x0001bc84        0x0 e:/cypress/psoc creator/4.2/psoc creator/import/gnu/arm/5.4.1/bin/../lib/gcc/arm-none-eabi/5.4.1/armv6-m/crtbegin.o

.eh_frame_hdr
 *(.eh_frame_hdr)

.eh_frame       0x0001bc84        0x4
 *(.eh_frame)
 .eh_frame      0x0001bc84        0x0 e:/cypress/psoc creator/4.2/psoc creator/import/gnu/arm/5.4.1/bin/../lib/gcc/arm-none-eabi/5.4.1/armv6-m/crtbegin.o
 .eh_frame      0x0001bc84        0x4 e:/cypress/psoc creator/4.2/psoc creator/import/gnu/arm/5.4.1/bin/../lib/gcc/arm-none-eabi/5.4.1/armv6-m/crtend.o
                [!provide]                PROVIDE (__exidx_start, .)

.ARM.exidx
 *(.ARM.exidx* .gnu.linkonce.armexidx.*)
                0x0001bc88                __exidx_end = .

.rodata         0x0001bc88      0x390
 *(.rodata .rodata.* .gnu.linkonce.r.*)
 .rodata        0x0001bc88       0x78 e:\temp\ccWLRaVT.ltrans0.ltrans.o
 .rodata        0x0001bd00        0x3 e:\temp\ccWLRaVT.ltrans1.ltrans.o
 *fill*         0x0001bd03        0x1 
 .rodata        0x0001bd04       0x1c e:\temp\ccWLRaVT.ltrans2.ltrans.o
                0x0001bd04                SCB_PRT
                0x0001bd14                gl_pdss.lto_priv.62
                0x0001bd1c                gl_img2_fw_metadata
 .rodata        0x0001bd20      0x18c e:\temp\ccWLRaVT.ltrans3.ltrans.o
                0x0001bd20                pd_ctrl_addr.lto_priv.83
 .rodata        0x0001beac       0x25 e:\temp\ccWLRaVT.ltrans5.ltrans.o
                0x0001bed0                pd_vbus_mon_divider.lto_priv.72
 *fill*         0x0001bed1        0x3 
 .rodata        0x0001bed4       0x14 e:\temp\ccWLRaVT.ltrans6.ltrans.o
                0x0001bed4                thresholds
                0x0001bee4                gl_ccg_supply_changed_cb
 .rodata        0x0001bee8        0xa ..\lib\ccg5_dualport\libccgx_pd.a(dpm.o)
                0x0001bee8                CUR_TABLE
 *fill*         0x0001bef2        0x2 
 .rodata        0x0001bef4       0xb4 ..\lib\ccg5_dualport\libccgx_pd.a(pd_policy_engine.o)
 .rodata        0x0001bfa8       0x38 ..\lib\ccg5_dualport\libccgx_pd.a(typec_manager.o)
                0x0001bfa8                typec_dpmcmd_rp_map
                0x0001bfac                typec_fsm_table
 .rodata.str1.1
                0x0001bfe0        0x2 e:/cypress/psoc creator/4.2/psoc creator/import/gnu/arm/5.4.1/bin/../lib/gcc/arm-none-eabi/5.4.1/../../../../arm-none-eabi/lib/armv6-m\libg_nano.a(lib_a-impure.o)
                0x0001bfe4                . = ALIGN (0x4)
 *fill*         0x0001bfe2        0x2 
 *(.init)
 .init          0x0001bfe4        0x4 e:/cypress/psoc creator/4.2/psoc creator/import/gnu/arm/5.4.1/bin/../lib/gcc/arm-none-eabi/5.4.1/armv6-m/crti.o
                0x0001bfe4                _init
 .init          0x0001bfe8        0x8 e:/cypress/psoc creator/4.2/psoc creator/import/gnu/arm/5.4.1/bin/../lib/gcc/arm-none-eabi/5.4.1/armv6-m/crtn.o
                0x0001bff0                . = ALIGN (0x4)
                0x0001bff0                __preinit_array_start = .
 *(.preinit_array)
                0x0001bff0                __preinit_array_end = .
                0x0001bff0                . = ALIGN (0x4)
                0x0001bff0                __init_array_start = .
 *(SORT(.init_array.*))
 *(.init_array)
 .init_array    0x0001bff0        0x4 e:/cypress/psoc creator/4.2/psoc creator/import/gnu/arm/5.4.1/bin/../lib/gcc/arm-none-eabi/5.4.1/armv6-m/crtbegin.o
 .init_array    0x0001bff4        0x4 e:\temp\ccWLRaVT.ltrans7.ltrans.o
                0x0001bff8                __init_array_end = .
                0x0001bff8                . = ALIGN (0x4)
 *(.fini)
 .fini          0x0001bff8        0x4 e:/cypress/psoc creator/4.2/psoc creator/import/gnu/arm/5.4.1/bin/../lib/gcc/arm-none-eabi/5.4.1/armv6-m/crti.o
                0x0001bff8                _fini
 .fini          0x0001bffc        0x8 e:/cypress/psoc creator/4.2/psoc creator/import/gnu/arm/5.4.1/bin/../lib/gcc/arm-none-eabi/5.4.1/armv6-m/crtn.o
                0x0001c004                . = ALIGN (0x4)
                0x0001c004                __fini_array_start = .
 *(.fini_array)
 .fini_array    0x0001c004        0x4 e:/cypress/psoc creator/4.2/psoc creator/import/gnu/arm/5.4.1/bin/../lib/gcc/arm-none-eabi/5.4.1/armv6-m/crtbegin.o
 *(SORT(.fini_array.*))
                0x0001c008                __fini_array_end = .
                0x0001c008                . = ALIGN (0x4)
 *crtbegin.o(.ctors)
 *(EXCLUDE_FILE(*crtend.o) .ctors)
 *(SORT(.ctors.*))
 *crtend.o(.ctors)
                0x0001c008                . = ALIGN (0x4)
 *crtbegin.o(.dtors)
 *(EXCLUDE_FILE(*crtend.o) .dtors)
 *(SORT(.dtors.*))
 *crtend.o(.dtors)
                0x0001c008                . = ALIGN (0x4)
                0x0001c008                __cy_regions = .
                0x0001c008        0x4 LONG 0x1c018 __cy_region_init_ram
                0x0001c00c        0x4 LONG 0x20000098 __cy_region_start_data
                0x0001c010        0x4 LONG 0xa0 __cy_region_init_size_ram
                0x0001c014        0x4 LONG 0x1898 __cy_region_zero_size_ram
                0x0001c018                __cy_regions_end = .
                0x0001c018                . = ALIGN (0x8)
                0x0001c018                _etext = .

.ramvectors     0x20000000       0x8c
                0x20000000                __cy_region_start_ram = .
 *(.ramvectors)
 .ramvectors    0x20000000       0x8c e:\temp\ccWLRaVT.ltrans7.ltrans.o
                0x20000000                CyRamVectors

.btldr_run      0x20000090        0x4
 *(.bootloaderruntype)
 .bootloaderruntype
                0x20000090        0x4 e:\temp\ccWLRaVT.ltrans7.ltrans.o

.noinit
 *(.noinit)

.data           0x20000098       0xa0 load address 0x0001c018
                0x20000098                __cy_region_start_data = .
 *(.jcr)
 .jcr           0x20000098        0x0 e:/cypress/psoc creator/4.2/psoc creator/import/gnu/arm/5.4.1/bin/../lib/gcc/arm-none-eabi/5.4.1/armv6-m/crtbegin.o
 .jcr           0x20000098        0x4 e:/cypress/psoc creator/4.2/psoc creator/import/gnu/arm/5.4.1/bin/../lib/gcc/arm-none-eabi/5.4.1/armv6-m/crtend.o
 *(.got.plt)
 *(.got)
 *(.shdata)
 *(.data .data.* .gnu.linkonce.d.*)
 .data          0x2000009c        0x8 e:\temp\ccWLRaVT.ltrans0.ltrans.o
 .data          0x200000a4       0x12 e:\temp\ccWLRaVT.ltrans2.ltrans.o
                0x200000a4                gl_active_fw
                0x200000a8                gl_hpi_flash_size.lto_priv.107
                0x200000ac                gl_hpi_flashrow_size.lto_priv.54
                0x200000ae                gl_flash_access_first.lto_priv.94
                0x200000b0                gl_flash_access_last.lto_priv.95
                0x200000b2                gl_flash_metadata_row.lto_priv.96
                0x200000b4                gl_flash_bl_last_row.lto_priv.97
 .data          0x200000b6        0x2 e:\temp\ccWLRaVT.ltrans3.ltrans.o
 .data          0x200000b8        0x1 e:\temp\ccWLRaVT.ltrans5.ltrans.o
                0x200000b8                pd_vbus_detach_adc_id.lto_priv.93
 *fill*         0x200000b9        0x3 
 .data          0x200000bc        0xc e:\temp\ccWLRaVT.ltrans6.ltrans.o
                0x200000bc                gRunTimeDataAddr
                0x200000c0                pdss_rp_trim_db_0.lto_priv.66
                0x200000c4                pdss_rp_trim_db_1.lto_priv.67
 .data          0x200000c8        0x4 ..\lib\ccg5_dualport\libccgx_pd.a(dpm.o)
 .data          0x200000cc        0x4 ..\lib\ccg5_dualport\libccgx_pd.a(typec_manager.o)
 .data.impure_data
                0x200000d0       0x60 e:/cypress/psoc creator/4.2/psoc creator/import/gnu/arm/5.4.1/bin/../lib/gcc/arm-none-eabi/5.4.1/../../../../arm-none-eabi/lib/armv6-m\libg_nano.a(lib_a-impure.o)
 .data._impure_ptr
                0x20000130        0x4 e:/cypress/psoc creator/4.2/psoc creator/import/gnu/arm/5.4.1/bin/../lib/gcc/arm-none-eabi/5.4.1/../../../../arm-none-eabi/lib/armv6-m\libg_nano.a(lib_a-impure.o)
                0x20000130                _impure_ptr
                0x20000138                . = ALIGN (0x8)
 *fill*         0x20000134        0x4 
 *(.ram)
                0x20000138                _edata = .

.igot.plt       0x20000138        0x0 load address 0x0001c0b8
 .igot.plt      0x20000138        0x0 e:/cypress/psoc creator/4.2/psoc creator/import/gnu/arm/5.4.1/bin/../lib/gcc/arm-none-eabi/5.4.1/armv6-m/crtbegin.o

.bss            0x20000138     0x1898 load address 0x0001c0b8
                0x20000138                PROVIDE (__bss_start__, .)
 *(.shbss)
 *(.bss .bss.* .gnu.linkonce.b.*)
 .bss           0x20000138       0x1c e:/cypress/psoc creator/4.2/psoc creator/import/gnu/arm/5.4.1/bin/../lib/gcc/arm-none-eabi/5.4.1/armv6-m/crtbegin.o
 .bss           0x20000154      0x31c e:\temp\ccWLRaVT.ltrans0.ltrans.o
 .bss           0x20000470       0x24 e:\temp\ccWLRaVT.ltrans1.ltrans.o
                0x20000470                gl_vdm_id_vdo_cnt.lto_priv.86
                0x20000474                gl_vdm_id_vdo_p.lto_priv.87
                0x2000047c                gl_vdm_svid_vdo_cnt.lto_priv.88
                0x20000480                gl_vdm_svid_vdo_p.lto_priv.89
                0x20000488                gl_vdm_mode_data_len.lto_priv.90
                0x2000048c                gl_vdm_mode_data_p.lto_priv.91
 .bss           0x20000494      0x563 e:\temp\ccWLRaVT.ltrans2.ltrans.o
                0x20000494                gl_i2c_scb_config.lto_priv.81
                0x200004f4                gl_hpi_reg_space.lto_priv.55
                0x2000081c                i2c_ack_disable.lto_priv.59
                0x20000820                i2c_ack_pending.lto_priv.60
                0x20000824                gl_hpi_buffer.lto_priv.53
                0x20000944                hpi_wr_count.lto_priv.58
                0x20000946                hpi_scb_idx.lto_priv.56
                0x20000948                gl_flash_write_in_place.lto_priv.109
                0x2000094a                gl_hpi_port_stop_pending.lto_priv.61
                0x2000094c                app_status
                0x200009f5                hpi_ec_ready.lto_priv.84
                0x200009f6                hpi_cmd_pending.lto_priv.57
 *fill*         0x200009f7        0x1 
 .bss           0x200009f8       0x29 e:\temp\ccWLRaVT.ltrans3.ltrans.o
                0x20000a08                gl_app_fault_retry_limit.lto_priv.108
                0x20000a18                gMainLoopDelay
                0x20000a1c                mux_xfer_timeout
                0x20000a1f                gl_hpi_gotomin_rcvd.lto_priv.102
 *fill*         0x20000a21        0x3 
 .bss           0x20000a24       0x22 e:\temp\ccWLRaVT.ltrans4.ltrans.o
 .bss           0x20000a46        0x1 e:\temp\ccWLRaVT.ltrans5.ltrans.o
                0x20000a46                pd_vbus_detach_adc_input.lto_priv.92
 *fill*         0x20000a47        0x1 
 .bss           0x20000a48      0x2b0 e:\temp\ccWLRaVT.ltrans6.ltrans.o
                0x20000a48                gl_vconn_ocp_cb.lto_priv.74
                0x20000a50                gl_vbus_ocp_pgdo_type
                0x20000a54                vbus_ocp_cbk
                0x20000a60                gl_pdss_status.lto_priv.65
                0x20000cd6                ccg_si_revision
                0x20000cd7                gl_vconn_channel.lto_priv.75
                0x20000cd9                gl_vconn_ocp_debounce.lto_priv.73
                0x20000cdc                gl_ccg_fault_cb
                0x20000ce0                gl_vbus_ovp_filter_id
                0x20000ce8                gl_vbus_ovp_pgdo_type
                0x20000cec                gl_ovp_cb
                0x20000cf4                gl_vbus_ocp_mode.lto_priv.68
                0x20000cf6                gl_ocp_sw_db_ms.lto_priv.79
 .bss           0x20000cf8      0x251 e:\temp\ccWLRaVT.ltrans7.ltrans.o
                0x20000cf8                gl_hpi_reg_ptr.lto_priv.98
                0x20000d00                gl_hpi_pd_evt_queue.lto_priv.99
                0x20000f20                gl_hpi_snk_min_stat.lto_priv.77
                0x20000f24                gl_hpi_event_queue.lto_priv.78
                0x20000f48                hpi_accessed.lto_priv.100
 *fill*         0x20000f49        0x1 
 .bss           0x20000f4a        0x2 ..\lib\ccg5_dualport\libccgx_pd.a(dpm.o)
 .bss           0x20000f4c      0x492 ..\lib\ccg5_dualport\libccgx_pd.a(pd_policy_engine.o)
 *fill*         0x200013de        0x2 
 .bss           0x200013e0      0x2b8 ..\lib\ccg5_dualport\libccgx_pd.a(pd_protocol.o)
 .bss           0x20001698       0x18 ..\lib\ccg5_dualport\libccgx_pd.a(typec_manager.o)
 *(COMMON)
 COMMON         0x200016b0      0x31a ..\lib\ccg5_dualport\libccgx_pd.a(dpm.o)
                0x200016b0                gl_dpm_status
                0x200019c8                gl_dpm_port_type
                0x200019d0                . = ALIGN (0x8)
 *fill*         0x200019ca        0x6 
 *(.ram.b)
                0x200019d0                _end = .
                0x200019d0                __end = .
                0x200019d0                PROVIDE (end, .)
                0x200019d0                PROVIDE (__bss_end__, .)
                0x0001c018                __cy_region_init_ram = LOADADDR (.data)
                0x000000a0                __cy_region_init_size_ram = (_edata - ADDR (.data))
                0x00001898                __cy_region_zero_size_ram = (_end - _edata)

.heap           0x200019d0        0x0 load address 0x0001c0b8
                0x200019d0                . = _end
                0x200019d0                . = (. + 0x0)
                0x200019d0                __cy_heap_limit = .

.stack          0x20002800      0x800
                0x20002800                __cy_stack_limit = .
                0x20003000                . = (. + 0x800)
 *fill*         0x20002800      0x800 
                0x00000001                ASSERT ((__cy_stack_limit >= __cy_heap_limit), region RAM overflowed with stack)

.cy_checksum_exclude
                0x0001fe00        0x0
 *(.cy_checksum_exclude)
                0x00000000                cy_checksum_exclude_size = (CY_APPL_LOADABLE == 0x1)?SIZEOF (.cy_checksum_exclude):0x0
                0x00000001                ASSERT ((cy_checksum_exclude_size <= CY_CHECKSUM_EXCLUDE_SIZE), CY_BOOT: Section .cy_checksum_exclude size exceedes specified limit.)
                0xf0000000                cyloadermeta_start = (cy_project_type_bootloader || cy_project_type_app_for_stack_and_copier)?(LENGTH (rom) - CY_METADATA_SIZE):0xf0000000

.cyloadermeta   0xf0000000       0x40
 *(.cyloadermeta)
 .cyloadermeta  0xf0000000       0x40 e:\temp\ccWLRaVT.ltrans0.ltrans.o
                0xf0000000                cy_meta_loader
                0x0001fec0                cyloadablemeta_start = cy_project_type_app_for_stack_and_copier?((LENGTH (rom) - CY_FLASH_ROW_SIZE) - CY_METADATA_SIZE):((LENGTH (rom) - (CY_FLASH_ROW_SIZE * (CY_APPL_NUM - 0x1))) - CY_METADATA_SIZE)

.cyloadablemeta
                0x0001fec0       0x40
 *(.cyloadablemeta)
 .cyloadablemeta
                0x0001fec0       0x40 e:\temp\ccWLRaVT.ltrans0.ltrans.o
                0x0001fec0                cy_meta_loadable

.cyflashprotect
                0x90400000       0x40
 *(.cyflashprotect)
 .cyflashprotect
                0x90400000       0x40 e:\temp\ccWLRaVT.ltrans0.ltrans.o
                0x90400000                cy_meta_flashprotect

.cymeta         0x90500000        0xc
 *(.cymeta)
 .cymeta        0x90500000        0xc e:\temp\ccWLRaVT.ltrans0.ltrans.o
                0x90500000                cy_metadata

.cychipprotect  0x90600000        0x1
 *(.cychipprotect)
 .cychipprotect
                0x90600000        0x1 e:\temp\ccWLRaVT.ltrans0.ltrans.o
                0x90600000                cy_meta_chipprotect

.rel.dyn        0x0001ff00        0x0 load address 0x90600004
 .rel.iplt      0x0001ff00        0x0 e:/cypress/psoc creator/4.2/psoc creator/import/gnu/arm/5.4.1/bin/../lib/gcc/arm-none-eabi/5.4.1/armv6-m/crtbegin.o

.stab
 *(.stab)

.stabstr
 *(.stabstr)

.debug
 *(.debug)

.line
 *(.line)

.debug_srcinfo
 *(.debug_srcinfo)

.debug_sfnames
 *(.debug_sfnames)

.debug_aranges  0x00000000      0xc10
 *(.debug_aranges)
 .debug_aranges
                0x00000000       0xa8 e:\temp\ccWLRaVT.ltrans0.ltrans.o
 .debug_aranges
                0x000000a8       0xe8 e:\temp\ccWLRaVT.ltrans1.ltrans.o
 .debug_aranges
                0x00000190       0x98 e:\temp\ccWLRaVT.ltrans2.ltrans.o
 .debug_aranges
                0x00000228       0x78 e:\temp\ccWLRaVT.ltrans3.ltrans.o
 .debug_aranges
                0x000002a0       0xa8 e:\temp\ccWLRaVT.ltrans4.ltrans.o
 .debug_aranges
                0x00000348       0xd0 e:\temp\ccWLRaVT.ltrans5.ltrans.o
 .debug_aranges
                0x00000418       0xe0 e:\temp\ccWLRaVT.ltrans6.ltrans.o
 .debug_aranges
                0x000004f8       0x80 e:\temp\ccWLRaVT.ltrans7.ltrans.o
 .debug_aranges
                0x00000578       0x20 .\CortexM0\ARM_GCC_541\Debug\backup_fw_2.a(CyBootAsmGnu.o)
 .debug_aranges
                0x00000598      0x1c0 ..\lib\ccg5_dualport\libccgx_pd.a(dpm.o)
 .debug_aranges
                0x00000758      0x288 ..\lib\ccg5_dualport\libccgx_pd.a(pd_policy_engine.o)
 .debug_aranges
                0x000009e0       0xd8 ..\lib\ccg5_dualport\libccgx_pd.a(pd_protocol.o)
 .debug_aranges
                0x00000ab8      0x158 ..\lib\ccg5_dualport\libccgx_pd.a(typec_manager.o)

.debug_pubnames
 *(.debug_pubnames)

.debug_info     0x00000000    0x3c22d
 *(.debug_info .gnu.linkonce.wi.*)
 .debug_info    0x00000000     0x595a e:\temp\ccWLRaVT.ltrans0.ltrans.o
 .debug_info    0x0000595a     0x5196 e:\temp\ccWLRaVT.ltrans1.ltrans.o
 .debug_info    0x0000aaf0     0x4a63 e:\temp\ccWLRaVT.ltrans2.ltrans.o
 .debug_info    0x0000f553     0x585f e:\temp\ccWLRaVT.ltrans3.ltrans.o
 .debug_info    0x00014db2     0x54c1 e:\temp\ccWLRaVT.ltrans4.ltrans.o
 .debug_info    0x0001a273     0x4675 e:\temp\ccWLRaVT.ltrans5.ltrans.o
 .debug_info    0x0001e8e8     0x4a10 e:\temp\ccWLRaVT.ltrans6.ltrans.o
 .debug_info    0x000232f8     0x39d5 e:\temp\ccWLRaVT.ltrans7.ltrans.o
 .debug_info    0x00026ccd       0xc9 .\CortexM0\ARM_GCC_541\Debug\backup_fw_2.a(CyBootAsmGnu.o)
 .debug_info    0x00026d96     0x3fa4 ..\lib\ccg5_dualport\libccgx_pd.a(dpm.o)
 .debug_info    0x0002ad3a     0x86ff ..\lib\ccg5_dualport\libccgx_pd.a(pd_policy_engine.o)
 .debug_info    0x00033439     0x3ce4 ..\lib\ccg5_dualport\libccgx_pd.a(pd_protocol.o)
 .debug_info    0x0003711d     0x5110 ..\lib\ccg5_dualport\libccgx_pd.a(typec_manager.o)

.debug_abbrev   0x00000000     0x399d
 *(.debug_abbrev)
 .debug_abbrev  0x00000000      0x6b7 e:\temp\ccWLRaVT.ltrans0.ltrans.o
 .debug_abbrev  0x000006b7      0x4df e:\temp\ccWLRaVT.ltrans1.ltrans.o
 .debug_abbrev  0x00000b96      0x561 e:\temp\ccWLRaVT.ltrans2.ltrans.o
 .debug_abbrev  0x000010f7      0x521 e:\temp\ccWLRaVT.ltrans3.ltrans.o
 .debug_abbrev  0x00001618      0x596 e:\temp\ccWLRaVT.ltrans4.ltrans.o
 .debug_abbrev  0x00001bae      0x3f4 e:\temp\ccWLRaVT.ltrans5.ltrans.o
 .debug_abbrev  0x00001fa2      0x478 e:\temp\ccWLRaVT.ltrans6.ltrans.o
 .debug_abbrev  0x0000241a      0x4c9 e:\temp\ccWLRaVT.ltrans7.ltrans.o
 .debug_abbrev  0x000028e3       0x14 .\CortexM0\ARM_GCC_541\Debug\backup_fw_2.a(CyBootAsmGnu.o)
 .debug_abbrev  0x000028f7      0x3da ..\lib\ccg5_dualport\libccgx_pd.a(dpm.o)
 .debug_abbrev  0x00002cd1      0x441 ..\lib\ccg5_dualport\libccgx_pd.a(pd_policy_engine.o)
 .debug_abbrev  0x00003112      0x3ef ..\lib\ccg5_dualport\libccgx_pd.a(pd_protocol.o)
 .debug_abbrev  0x00003501      0x49c ..\lib\ccg5_dualport\libccgx_pd.a(typec_manager.o)

.debug_line     0x00000000     0x5eb9
 *(.debug_line)
 .debug_line    0x00000000      0xb08 e:\temp\ccWLRaVT.ltrans0.ltrans.o
 .debug_line    0x00000b08      0x71c e:\temp\ccWLRaVT.ltrans1.ltrans.o
 .debug_line    0x00001224      0x74c e:\temp\ccWLRaVT.ltrans2.ltrans.o
 .debug_line    0x00001970      0x74a e:\temp\ccWLRaVT.ltrans3.ltrans.o
 .debug_line    0x000020ba      0x6f6 e:\temp\ccWLRaVT.ltrans4.ltrans.o
 .debug_line    0x000027b0      0x583 e:\temp\ccWLRaVT.ltrans5.ltrans.o
 .debug_line    0x00002d33      0x633 e:\temp\ccWLRaVT.ltrans6.ltrans.o
 .debug_line    0x00003366      0x59b e:\temp\ccWLRaVT.ltrans7.ltrans.o
 .debug_line    0x00003901       0x68 .\CortexM0\ARM_GCC_541\Debug\backup_fw_2.a(CyBootAsmGnu.o)
 .debug_line    0x00003969      0x798 ..\lib\ccg5_dualport\libccgx_pd.a(dpm.o)
 .debug_line    0x00004101     0x1009 ..\lib\ccg5_dualport\libccgx_pd.a(pd_policy_engine.o)
 .debug_line    0x0000510a      0x4db ..\lib\ccg5_dualport\libccgx_pd.a(pd_protocol.o)
 .debug_line    0x000055e5      0x8d4 ..\lib\ccg5_dualport\libccgx_pd.a(typec_manager.o)

.debug_frame    0x00000000     0x25ac
 *(.debug_frame)
 .debug_frame   0x00000000      0x1f0 e:\temp\ccWLRaVT.ltrans0.ltrans.o
 .debug_frame   0x000001f0      0x2d8 e:\temp\ccWLRaVT.ltrans1.ltrans.o
 .debug_frame   0x000004c8      0x1bc e:\temp\ccWLRaVT.ltrans2.ltrans.o
 .debug_frame   0x00000684      0x158 e:\temp\ccWLRaVT.ltrans3.ltrans.o
 .debug_frame   0x000007dc      0x20c e:\temp\ccWLRaVT.ltrans4.ltrans.o
 .debug_frame   0x000009e8      0x264 e:\temp\ccWLRaVT.ltrans5.ltrans.o
 .debug_frame   0x00000c4c      0x27c e:\temp\ccWLRaVT.ltrans6.ltrans.o
 .debug_frame   0x00000ec8      0x184 e:\temp\ccWLRaVT.ltrans7.ltrans.o
 .debug_frame   0x0000104c      0x4f4 ..\lib\ccg5_dualport\libccgx_pd.a(dpm.o)
 .debug_frame   0x00001540      0x894 ..\lib\ccg5_dualport\libccgx_pd.a(pd_policy_engine.o)
 .debug_frame   0x00001dd4      0x270 ..\lib\ccg5_dualport\libccgx_pd.a(pd_protocol.o)
 .debug_frame   0x00002044      0x44c ..\lib\ccg5_dualport\libccgx_pd.a(typec_manager.o)
 .debug_frame   0x00002490       0x20 e:/cypress/psoc creator/4.2/psoc creator/import/gnu/arm/5.4.1/bin/../lib/gcc/arm-none-eabi/5.4.1/armv6-m\libgcc.a(_divsi3.o)
 .debug_frame   0x000024b0       0x20 e:/cypress/psoc creator/4.2/psoc creator/import/gnu/arm/5.4.1/bin/../lib/gcc/arm-none-eabi/5.4.1/../../../../arm-none-eabi/lib/armv6-m\libg_nano.a(lib_a-errno.o)
 .debug_frame   0x000024d0       0x28 e:/cypress/psoc creator/4.2/psoc creator/import/gnu/arm/5.4.1/bin/../lib/gcc/arm-none-eabi/5.4.1/../../../../arm-none-eabi/lib/armv6-m\libg_nano.a(lib_a-exit.o)
 .debug_frame   0x000024f8       0x2c e:/cypress/psoc creator/4.2/psoc creator/import/gnu/arm/5.4.1/bin/../lib/gcc/arm-none-eabi/5.4.1/../../../../arm-none-eabi/lib/armv6-m\libg_nano.a(lib_a-init.o)
 .debug_frame   0x00002524       0x28 e:/cypress/psoc creator/4.2/psoc creator/import/gnu/arm/5.4.1/bin/../lib/gcc/arm-none-eabi/5.4.1/../../../../arm-none-eabi/lib/armv6-m\libg_nano.a(lib_a-memcpy-stub.o)
 .debug_frame   0x0000254c       0x20 e:/cypress/psoc creator/4.2/psoc creator/import/gnu/arm/5.4.1/bin/../lib/gcc/arm-none-eabi/5.4.1/../../../../arm-none-eabi/lib/armv6-m\libg_nano.a(lib_a-memset.o)
 .debug_frame   0x0000256c       0x20 e:/cypress/psoc creator/4.2/psoc creator/import/gnu/arm/5.4.1/bin/../lib/gcc/arm-none-eabi/5.4.1/../../../../arm-none-eabi/lib/armv6-m\libnosys.a(_exit.o)
 .debug_frame   0x0000258c       0x20 e:/cypress/psoc creator/4.2/psoc creator/import/gnu/arm/5.4.1/bin/../lib/gcc/arm-none-eabi/5.4.1/armv6-m\libgcc.a(_udivsi3.o)

.debug_str      0x00000000     0xa5f8
 *(.debug_str)
 .debug_str     0x00000000     0x2241 e:\temp\ccWLRaVT.ltrans0.ltrans.o
                               0x3698 (size before relaxing)
 .debug_str     0x00002241      0xdf5 e:\temp\ccWLRaVT.ltrans1.ltrans.o
                               0x3802 (size before relaxing)
 .debug_str     0x00003036     0x1273 e:\temp\ccWLRaVT.ltrans2.ltrans.o
                               0x3571 (size before relaxing)
 .debug_str     0x000042a9      0x669 e:\temp\ccWLRaVT.ltrans3.ltrans.o
                               0x4599 (size before relaxing)
 .debug_str     0x00004912      0x4d9 e:\temp\ccWLRaVT.ltrans4.ltrans.o
                               0x3a2d (size before relaxing)
 .debug_str     0x00004deb      0x3a9 e:\temp\ccWLRaVT.ltrans5.ltrans.o
                               0x3489 (size before relaxing)
 .debug_str     0x00005194      0x69d e:\temp\ccWLRaVT.ltrans6.ltrans.o
                               0x389c (size before relaxing)
 .debug_str     0x00005831      0x4cf e:\temp\ccWLRaVT.ltrans7.ltrans.o
                               0x32d6 (size before relaxing)
 .debug_str     0x00005d00     0x2b74 ..\lib\ccg5_dualport\libccgx_pd.a(dpm.o)
                               0x2ee0 (size before relaxing)
 .debug_str     0x00008874     0x136a ..\lib\ccg5_dualport\libccgx_pd.a(pd_policy_engine.o)
                               0x3c2b (size before relaxing)
 .debug_str     0x00009bde      0x377 ..\lib\ccg5_dualport\libccgx_pd.a(pd_protocol.o)
                               0x2e59 (size before relaxing)
 .debug_str     0x00009f55      0x6a3 ..\lib\ccg5_dualport\libccgx_pd.a(typec_manager.o)
                               0x2fdb (size before relaxing)

.debug_loc      0x00000000     0xff3d
 *(.debug_loc)
 .debug_loc     0x00000000     0x1a5f e:\temp\ccWLRaVT.ltrans0.ltrans.o
 .debug_loc     0x00001a5f      0xde9 e:\temp\ccWLRaVT.ltrans1.ltrans.o
 .debug_loc     0x00002848      0xf95 e:\temp\ccWLRaVT.ltrans2.ltrans.o
 .debug_loc     0x000037dd     0x1323 e:\temp\ccWLRaVT.ltrans3.ltrans.o
 .debug_loc     0x00004b00     0x164b e:\temp\ccWLRaVT.ltrans4.ltrans.o
 .debug_loc     0x0000614b      0xbcd e:\temp\ccWLRaVT.ltrans5.ltrans.o
 .debug_loc     0x00006d18      0xc89 e:\temp\ccWLRaVT.ltrans6.ltrans.o
 .debug_loc     0x000079a1      0xba0 e:\temp\ccWLRaVT.ltrans7.ltrans.o
 .debug_loc     0x00008541     0x1445 ..\lib\ccg5_dualport\libccgx_pd.a(dpm.o)
 .debug_loc     0x00009986     0x4062 ..\lib\ccg5_dualport\libccgx_pd.a(pd_policy_engine.o)
 .debug_loc     0x0000d9e8      0xb72 ..\lib\ccg5_dualport\libccgx_pd.a(pd_protocol.o)
 .debug_loc     0x0000e55a     0x19e3 ..\lib\ccg5_dualport\libccgx_pd.a(typec_manager.o)

.debug_macinfo
 *(.debug_macinfo)

.debug_ranges   0x00000000     0x1d68
 *(.debug_ranges)
 .debug_ranges  0x00000000      0x6b8 e:\temp\ccWLRaVT.ltrans0.ltrans.o
 .debug_ranges  0x000006b8      0x2e8 e:\temp\ccWLRaVT.ltrans1.ltrans.o
 .debug_ranges  0x000009a0      0x328 e:\temp\ccWLRaVT.ltrans2.ltrans.o
 .debug_ranges  0x00000cc8      0x2c0 e:\temp\ccWLRaVT.ltrans3.ltrans.o
 .debug_ranges  0x00000f88      0x308 e:\temp\ccWLRaVT.ltrans4.ltrans.o
 .debug_ranges  0x00001290       0xf0 e:\temp\ccWLRaVT.ltrans5.ltrans.o
 .debug_ranges  0x00001380       0xf8 e:\temp\ccWLRaVT.ltrans6.ltrans.o
 .debug_ranges  0x00001478      0x108 e:\temp\ccWLRaVT.ltrans7.ltrans.o
 .debug_ranges  0x00001580      0x1b0 ..\lib\ccg5_dualport\libccgx_pd.a(dpm.o)
 .debug_ranges  0x00001730      0x3c0 ..\lib\ccg5_dualport\libccgx_pd.a(pd_policy_engine.o)
 .debug_ranges  0x00001af0       0xc8 ..\lib\ccg5_dualport\libccgx_pd.a(pd_protocol.o)
 .debug_ranges  0x00001bb8      0x1b0 ..\lib\ccg5_dualport\libccgx_pd.a(typec_manager.o)

.comment        0x00000000       0x6e
 .comment       0x00000000       0x6f e:\temp\ccWLRaVT.ltrans0.ltrans.o
 .comment       0x00000000       0x6f e:\temp\ccWLRaVT.ltrans1.ltrans.o
 .comment       0x00000000       0x6f e:\temp\ccWLRaVT.ltrans2.ltrans.o
 .comment       0x00000000       0x6f e:\temp\ccWLRaVT.ltrans3.ltrans.o
 .comment       0x00000000       0x6f e:\temp\ccWLRaVT.ltrans4.ltrans.o
 .comment       0x00000000       0x6f e:\temp\ccWLRaVT.ltrans5.ltrans.o
 .comment       0x00000000       0x6f e:\temp\ccWLRaVT.ltrans6.ltrans.o
 .comment       0x00000000       0x6f e:\temp\ccWLRaVT.ltrans7.ltrans.o
 .comment       0x00000000       0x6e ..\lib\ccg5_dualport\libccgx_pd.a(dpm.o)
                                 0x6f (size before relaxing)
 .comment       0x0000006e       0x6f ..\lib\ccg5_dualport\libccgx_pd.a(pd_policy_engine.o)
 .comment       0x0000006e       0x6f ..\lib\ccg5_dualport\libccgx_pd.a(pd_protocol.o)
 .comment       0x0000006e       0x6f ..\lib\ccg5_dualport\libccgx_pd.a(typec_manager.o)

.debug_weaknames
 *(.debug_weaknames)

.debug_funcnames
 *(.debug_funcnames)

.debug_typenames
 *(.debug_typenames)

.debug_varnames
 *(.debug_varnames)

.note.gnu.arm.ident
 *(.note.gnu.arm.ident)

.ARM.attributes
                0x00000000       0x28
 *(.ARM.attributes)
 .ARM.attributes
                0x00000000       0x1e e:/cypress/psoc creator/4.2/psoc creator/import/gnu/arm/5.4.1/bin/../lib/gcc/arm-none-eabi/5.4.1/armv6-m/crti.o
 .ARM.attributes
                0x0000001e       0x2c e:/cypress/psoc creator/4.2/psoc creator/import/gnu/arm/5.4.1/bin/../lib/gcc/arm-none-eabi/5.4.1/armv6-m/crtbegin.o
 .ARM.attributes
                0x0000004a       0x1b e:/cypress/psoc creator/4.2/psoc creator/import/gnu/arm/5.4.1/bin/../lib/gcc/arm-none-eabi/5.4.1/../../../../arm-none-eabi/lib/armv6-m/crt0.o
 .ARM.attributes
                0x00000065       0x2f e:\temp\ccWLRaVT.ltrans0.ltrans.o
 .ARM.attributes
                0x00000094       0x2f e:\temp\ccWLRaVT.ltrans1.ltrans.o
 .ARM.attributes
                0x000000c3       0x2f e:\temp\ccWLRaVT.ltrans2.ltrans.o
 .ARM.attributes
                0x000000f2       0x2f e:\temp\ccWLRaVT.ltrans3.ltrans.o
 .ARM.attributes
                0x00000121       0x2f e:\temp\ccWLRaVT.ltrans4.ltrans.o
 .ARM.attributes
                0x00000150       0x2f e:\temp\ccWLRaVT.ltrans5.ltrans.o
 .ARM.attributes
                0x0000017f       0x2f e:\temp\ccWLRaVT.ltrans6.ltrans.o
 .ARM.attributes
                0x000001ae       0x2f e:\temp\ccWLRaVT.ltrans7.ltrans.o
 .ARM.attributes
                0x000001dd       0x21 .\CortexM0\ARM_GCC_541\Debug\backup_fw_2.a(CyBootAsmGnu.o)
 .ARM.attributes
                0x000001fe       0x31 ..\lib\ccg5_dualport\libccgx_pd.a(dpm.o)
 .ARM.attributes
                0x0000022f       0x31 ..\lib\ccg5_dualport\libccgx_pd.a(pd_policy_engine.o)
 .ARM.attributes
                0x00000260       0x31 ..\lib\ccg5_dualport\libccgx_pd.a(pd_protocol.o)
 .ARM.attributes
                0x00000291       0x31 ..\lib\ccg5_dualport\libccgx_pd.a(typec_manager.o)
 .ARM.attributes
                0x000002c2       0x1e e:/cypress/psoc creator/4.2/psoc creator/import/gnu/arm/5.4.1/bin/../lib/gcc/arm-none-eabi/5.4.1/armv6-m\libgcc.a(_thumb1_case_uqi.o)
 .ARM.attributes
                0x000002e0       0x1e e:/cypress/psoc creator/4.2/psoc creator/import/gnu/arm/5.4.1/bin/../lib/gcc/arm-none-eabi/5.4.1/armv6-m\libgcc.a(_thumb1_case_uhi.o)
 .ARM.attributes
                0x000002fe       0x1e e:/cypress/psoc creator/4.2/psoc creator/import/gnu/arm/5.4.1/bin/../lib/gcc/arm-none-eabi/5.4.1/armv6-m\libgcc.a(_divsi3.o)
 .ARM.attributes
                0x0000031c       0x1e e:/cypress/psoc creator/4.2/psoc creator/import/gnu/arm/5.4.1/bin/../lib/gcc/arm-none-eabi/5.4.1/armv6-m\libgcc.a(_dvmd_tls.o)
 .ARM.attributes
                0x0000033a       0x2c e:/cypress/psoc creator/4.2/psoc creator/import/gnu/arm/5.4.1/bin/../lib/gcc/arm-none-eabi/5.4.1/../../../../arm-none-eabi/lib/armv6-m\libg_nano.a(lib_a-errno.o)
 .ARM.attributes
                0x00000366       0x2c e:/cypress/psoc creator/4.2/psoc creator/import/gnu/arm/5.4.1/bin/../lib/gcc/arm-none-eabi/5.4.1/../../../../arm-none-eabi/lib/armv6-m\libg_nano.a(lib_a-exit.o)
 .ARM.attributes
                0x00000392       0x2c e:/cypress/psoc creator/4.2/psoc creator/import/gnu/arm/5.4.1/bin/../lib/gcc/arm-none-eabi/5.4.1/../../../../arm-none-eabi/lib/armv6-m\libg_nano.a(lib_a-impure.o)
 .ARM.attributes
                0x000003be       0x2c e:/cypress/psoc creator/4.2/psoc creator/import/gnu/arm/5.4.1/bin/../lib/gcc/arm-none-eabi/5.4.1/../../../../arm-none-eabi/lib/armv6-m\libg_nano.a(lib_a-init.o)
 .ARM.attributes
                0x000003ea       0x2c e:/cypress/psoc creator/4.2/psoc creator/import/gnu/arm/5.4.1/bin/../lib/gcc/arm-none-eabi/5.4.1/../../../../arm-none-eabi/lib/armv6-m\libg_nano.a(lib_a-memcpy-stub.o)
 .ARM.attributes
                0x00000416       0x2c e:/cypress/psoc creator/4.2/psoc creator/import/gnu/arm/5.4.1/bin/../lib/gcc/arm-none-eabi/5.4.1/../../../../arm-none-eabi/lib/armv6-m\libg_nano.a(lib_a-memset.o)
 .ARM.attributes
                0x00000442       0x2c e:/cypress/psoc creator/4.2/psoc creator/import/gnu/arm/5.4.1/bin/../lib/gcc/arm-none-eabi/5.4.1/armv6-m/crtend.o
 .ARM.attributes
                0x0000046e       0x1e e:/cypress/psoc creator/4.2/psoc creator/import/gnu/arm/5.4.1/bin/../lib/gcc/arm-none-eabi/5.4.1/armv6-m/crtn.o
 .ARM.attributes
                0x0000048c       0x2c e:/cypress/psoc creator/4.2/psoc creator/import/gnu/arm/5.4.1/bin/../lib/gcc/arm-none-eabi/5.4.1/../../../../arm-none-eabi/lib/armv6-m\libnosys.a(_exit.o)
 .ARM.attributes
                0x000004b8       0x1e e:/cypress/psoc creator/4.2/psoc creator/import/gnu/arm/5.4.1/bin/../lib/gcc/arm-none-eabi/5.4.1/armv6-m\libgcc.a(_thumb1_case_sqi.o)
 .ARM.attributes
                0x000004d6       0x1e e:/cypress/psoc creator/4.2/psoc creator/import/gnu/arm/5.4.1/bin/../lib/gcc/arm-none-eabi/5.4.1/armv6-m\libgcc.a(_udivsi3.o)

/DISCARD/
 *(.note.GNU-stack)
OUTPUT(C:\Users\Admin\Desktop\_FIRMWARE\DBARLite\CYPD5225\CYPD5225-96BZXI_notebook\CYPD5225-96BZXI_notebook.cydsn\backup_fw.cydsn\CortexM0\ARM_GCC_541\Debug\backup_fw_2.elf elf32-littlearm)
