Archive member included to satisfy reference by file (symbol)

.\CortexM0\ARM_GCC_541\Debug\backup_fw_1.a(I2C_CFG.o)
                              .\CortexM0\ARM_GCC_541\Debug\main.o (symbol from plugin) (I2C_CFG_SetDriveMode)
.\CortexM0\ARM_GCC_541\Debug\backup_fw_1.a(NCP81239_EN_P2.o)
                              .\CortexM0\ARM_GCC_541\Debug\solution.o (symbol from plugin) (NCP81239_EN_P2_Write)
.\CortexM0\ARM_GCC_541\Debug\backup_fw_1.a(NCP81239_EN_P1.o)
                              .\CortexM0\ARM_GCC_541\Debug\solution.o (symbol from plugin) (NCP81239_EN_P1_Write)
.\CortexM0\ARM_GCC_541\Debug\backup_fw_1.a(CyLib.o)
                              .\CortexM0\ARM_GCC_541\Debug\cyfitter_cfg_1.o (symbol from plugin) (CySysClkWriteImoFreq)
.\CortexM0\ARM_GCC_541\Debug\backup_fw_1.a(cyPm.o)
                              .\CortexM0\ARM_GCC_541\Debug\app.o (symbol from plugin) (CySysPmDeepSleep)
.\CortexM0\ARM_GCC_541\Debug\backup_fw_1.a(CyLFClk.o)
                              .\CortexM0\ARM_GCC_541\Debug\Cm0Start.o (symbol from plugin) (CySysWdtDisable)
.\CortexM0\ARM_GCC_541\Debug\backup_fw_1.a(CyBootAsmGnu.o)
                              .\CortexM0\ARM_GCC_541\Debug\main.o (symbol from plugin) (CyDelayCycles)
..\lib\ccg5_dualport\libccgx_hpi_lite.a(hpi.o)
                              .\CortexM0\ARM_GCC_541\Debug\main.o (symbol from plugin) (hpi_is_ec_ready)
..\lib\ccg5_dualport\libccgx_hpi_lite.a(i2c.o)
                              hpi.o (symbol from plugin) (i2c_slave_ack_ctrl)
..\lib\ccg5_dualport\libccgx_pd.a(dpm.o)
                              .\CortexM0\ARM_GCC_541\Debug\main.o (symbol from plugin) (dpm_init)
..\lib\ccg5_dualport\libccgx_pd.a(pd_policy_engine.o)
                              ..\lib\ccg5_dualport\libccgx_pd.a(dpm.o) (pe_init)
..\lib\ccg5_dualport\libccgx_pd.a(pd_protocol.o)
                              ..\lib\ccg5_dualport\libccgx_pd.a(pd_policy_engine.o) (pd_prot_init)
..\lib\ccg5_dualport\libccgx_pd.a(typec_manager.o)
                              ..\lib\ccg5_dualport\libccgx_pd.a(dpm.o) (typec_init)
.\CortexM0\ARM_GCC_541\Debug\backup_fw_1.a(EC_INT.o)
                              hpi.o (symbol from plugin) (EC_INT_Write)
e:/cypress/psoc creator/4.2/psoc creator/import/gnu/arm/5.4.1/bin/../lib/gcc/arm-none-eabi/5.4.1/armv6-m\libgcc.a(_thumb1_case_uqi.o)
                              ..\lib\ccg5_dualport\libccgx_pd.a(pd_policy_engine.o) (__gnu_thumb1_case_uqi)
e:/cypress/psoc creator/4.2/psoc creator/import/gnu/arm/5.4.1/bin/../lib/gcc/arm-none-eabi/5.4.1/armv6-m\libgcc.a(_thumb1_case_uhi.o)
                              ..\lib\ccg5_dualport\libccgx_pd.a(pd_policy_engine.o) (__gnu_thumb1_case_uhi)
e:/cypress/psoc creator/4.2/psoc creator/import/gnu/arm/5.4.1/bin/../lib/gcc/arm-none-eabi/5.4.1/armv6-m\libgcc.a(_divsi3.o)
                              ..\lib\ccg5_dualport\libccgx_pd.a(dpm.o) (__aeabi_idiv)
e:/cypress/psoc creator/4.2/psoc creator/import/gnu/arm/5.4.1/bin/../lib/gcc/arm-none-eabi/5.4.1/armv6-m\libgcc.a(_dvmd_tls.o)
                              e:/cypress/psoc creator/4.2/psoc creator/import/gnu/arm/5.4.1/bin/../lib/gcc/arm-none-eabi/5.4.1/armv6-m\libgcc.a(_divsi3.o) (__aeabi_idiv0)
e:/cypress/psoc creator/4.2/psoc creator/import/gnu/arm/5.4.1/bin/../lib/gcc/arm-none-eabi/5.4.1/../../../../arm-none-eabi/lib/armv6-m\libg_nano.a(lib_a-errno.o)
                              .\CortexM0\ARM_GCC_541\Debug\Cm0Start.o (symbol from plugin) (__errno)
e:/cypress/psoc creator/4.2/psoc creator/import/gnu/arm/5.4.1/bin/../lib/gcc/arm-none-eabi/5.4.1/../../../../arm-none-eabi/lib/armv6-m\libg_nano.a(lib_a-exit.o)
                              e:/cypress/psoc creator/4.2/psoc creator/import/gnu/arm/5.4.1/bin/../lib/gcc/arm-none-eabi/5.4.1/../../../../arm-none-eabi/lib/armv6-m/crt0.o (exit)
e:/cypress/psoc creator/4.2/psoc creator/import/gnu/arm/5.4.1/bin/../lib/gcc/arm-none-eabi/5.4.1/../../../../arm-none-eabi/lib/armv6-m\libg_nano.a(lib_a-impure.o)
                              e:/cypress/psoc creator/4.2/psoc creator/import/gnu/arm/5.4.1/bin/../lib/gcc/arm-none-eabi/5.4.1/../../../../arm-none-eabi/lib/armv6-m\libg_nano.a(lib_a-exit.o) (_global_impure_ptr)
e:/cypress/psoc creator/4.2/psoc creator/import/gnu/arm/5.4.1/bin/../lib/gcc/arm-none-eabi/5.4.1/../../../../arm-none-eabi/lib/armv6-m\libg_nano.a(lib_a-init.o)
                              e:/cypress/psoc creator/4.2/psoc creator/import/gnu/arm/5.4.1/bin/../lib/gcc/arm-none-eabi/5.4.1/../../../../arm-none-eabi/lib/armv6-m/crt0.o (__libc_init_array)
e:/cypress/psoc creator/4.2/psoc creator/import/gnu/arm/5.4.1/bin/../lib/gcc/arm-none-eabi/5.4.1/../../../../arm-none-eabi/lib/armv6-m\libg_nano.a(lib_a-memcpy-stub.o)
                              ..\lib\ccg5_dualport\libccgx_pd.a(dpm.o) (memcpy)
e:/cypress/psoc creator/4.2/psoc creator/import/gnu/arm/5.4.1/bin/../lib/gcc/arm-none-eabi/5.4.1/../../../../arm-none-eabi/lib/armv6-m\libg_nano.a(lib_a-memset.o)
[...]
Memory Configuration

Name             Origin             Length             Attributes
rom              0x00000000         0x00020000         xr
ram              0x20000000         0x00003000         xrw
*default*        0x00000000         0xffffffff

Linker script and memory map

LOAD e:/cypress/psoc creator/4.2/psoc creator/import/gnu/arm/5.4.1/bin/../lib/gcc/arm-none-eabi/5.4.1/armv6-m/crti.o
LOAD e:/cypress/psoc creator/4.2/psoc creator/import/gnu/arm/5.4.1/bin/../lib/gcc/arm-none-eabi/5.4.1/armv6-m/crtbegin.o
LOAD e:/cypress/psoc creator/4.2/psoc creator/import/gnu/arm/5.4.1/bin/../lib/gcc/arm-none-eabi/5.4.1/../../../../arm-none-eabi/lib/armv6-m/crt0.o
START GROUP
LOAD .\CortexM0\ARM_GCC_541\Debug\boot.o
LOAD e:\temp\ccj58TQ7.ltrans0.ltrans.o
LOAD e:\temp\ccj58TQ7.ltrans1.ltrans.o
LOAD e:\temp\ccj58TQ7.ltrans2.ltrans.o
LOAD e:\temp\ccj58TQ7.ltrans3.ltrans.o
LOAD e:\temp\ccj58TQ7.ltrans4.ltrans.o
LOAD e:\temp\ccj58TQ7.ltrans5.ltrans.o
LOAD e:\temp\ccj58TQ7.ltrans6.ltrans.o
LOAD e:\temp\ccj58TQ7.ltrans7.ltrans.o
LOAD .\CortexM0\ARM_GCC_541\Debug\flash.o
LOAD .\CortexM0\ARM_GCC_541\Debug\gpio.o
LOAD .\CortexM0\ARM_GCC_541\Debug\system.o
LOAD .\CortexM0\ARM_GCC_541\Debug\timer.o
LOAD .\CortexM0\ARM_GCC_541\Debug\utils.o
LOAD .\CortexM0\ARM_GCC_541\Debug\main.o
LOAD .\CortexM0\ARM_GCC_541\Debug\config.o
LOAD .\CortexM0\ARM_GCC_541\Debug\solution.o
LOAD .\CortexM0\ARM_GCC_541\Debug\instrumentation.o
LOAD .\CortexM0\ARM_GCC_541\Debug\alt_mode_hw.o
LOAD .\CortexM0\ARM_GCC_541\Debug\alt_modes_mngr.o
LOAD .\CortexM0\ARM_GCC_541\Debug\dp_sid.o
LOAD .\CortexM0\ARM_GCC_541\Debug\vdm_task_mngr.o
LOAD .\CortexM0\ARM_GCC_541\Debug\app.o
LOAD .\CortexM0\ARM_GCC_541\Debug\pdo.o
LOAD .\CortexM0\ARM_GCC_541\Debug\psink.o
LOAD .\CortexM0\ARM_GCC_541\Debug\psource.o
LOAD .\CortexM0\ARM_GCC_541\Debug\swap.o
LOAD .\CortexM0\ARM_GCC_541\Debug\vdm.o
LOAD .\CortexM0\ARM_GCC_541\Debug\hal_ccgx.o
LOAD .\CortexM0\ARM_GCC_541\Debug\pdss_mx_hal.o
LOAD .\CortexM0\ARM_GCC_541\Debug\cyfitter_cfg_1.o
LOAD .\CortexM0\ARM_GCC_541\Debug\cybootloader.o
LOAD .\CortexM0\ARM_GCC_541\Debug\cymetadata.o
LOAD .\CortexM0\ARM_GCC_541\Debug\Cm0Start.o
LOAD .\CortexM0\ARM_GCC_541\Debug\backup_fw_1.a
LOAD ..\lib\ccg5_dualport\libccgx_hpi_lite.a
LOAD ..\lib\ccg5_dualport\libccgx_pd.a
END GROUP
START GROUP
LOAD e:/cypress/psoc creator/4.2/psoc creator/import/gnu/arm/5.4.1/bin/../lib/gcc/arm-none-eabi/5.4.1/armv6-m\libgcc.a
LOAD e:/cypress/psoc creator/4.2/psoc creator/import/gnu/arm/5.4.1/bin/../lib/gcc/arm-none-eabi/5.4.1/../../../../arm-none-eabi/lib/armv6-m\libg_nano.a
LOAD e:/cypress/psoc creator/4.2/psoc creator/import/gnu/arm/5.4.1/bin/../lib/gcc/arm-none-eabi/5.4.1/../../../../arm-none-eabi/lib/armv6-m\libc_nano.a
END GROUP
START GROUP
LOAD e:/cypress/psoc creator/4.2/psoc creator/import/gnu/arm/5.4.1/bin/../lib/gcc/arm-none-eabi/5.4.1/armv6-m\libgcc.a
LOAD e:/cypress/psoc creator/4.2/psoc creator/import/gnu/arm/5.4.1/bin/../lib/gcc/arm-none-eabi/5.4.1/../../../../arm-none-eabi/lib/armv6-m\libc_nano.a
END GROUP
LOAD e:/cypress/psoc creator/4.2/psoc creator/import/gnu/arm/5.4.1/bin/../lib/gcc/arm-none-eabi/5.4.1/armv6-m/crtend.o
LOAD e:/cypress/psoc creator/4.2/psoc creator/import/gnu/arm/5.4.1/bin/../lib/gcc/arm-none-eabi/5.4.1/armv6-m/crtn.o
START GROUP
LOAD e:/cypress/psoc creator/4.2/psoc creator/import/gnu/arm/5.4.1/bin/../lib/gcc/arm-none-eabi/5.4.1/armv6-m\libgcc.a
LOAD e:/cypress/psoc creator/4.2/psoc creator/import/gnu/arm/5.4.1/bin/../lib/gcc/arm-none-eabi/5.4.1/../../../../arm-none-eabi/lib/armv6-m\libc.a
LOAD e:/cypress/psoc creator/4.2/psoc creator/import/gnu/arm/5.4.1/bin/../lib/gcc/arm-none-eabi/5.4.1/../../../../arm-none-eabi/lib/armv6-m\libnosys.a
END GROUP
                0x00001400                CY_APPL_ORIGIN = 0x1400
                0x00000100                CY_FLASH_ROW_SIZE = 0x100
                0x00020000                CY_FLASH_SIZE = 0x20000
                0x00000001                CY_APPL_NUM = 0x1
                0x00000002                CY_APPL_MAX = 0x2
                0x00000040                CY_METADATA_SIZE = 0x40
                0x00000001                CY_APPL_LOADABLE = 0x1
                0x00000000                CY_CHECKSUM_EXCLUDE_SIZE = ALIGN (0x0, CY_FLASH_ROW_SIZE)
                0x00000000                CY_APP_FOR_STACK_AND_COPIER = 0x0
                [!provide]                PROVIDE (__cy_heap_start, _end)
                0x00000001                PROVIDE (__cy_region_num, ((__cy_regions_end - __cy_regions) / 0x10))
                0x20003000                PROVIDE (__cy_stack, (ORIGIN (ram) + LENGTH (ram)))
                [!provide]                PROVIDE (__cy_heap_end, (__cy_stack - 0x800))

.cybootloader   0x00000000     0x1400
 *(.cybootloader)
 .cybootloader  0x00000000     0x1400 e:\temp\ccj58TQ7.ltrans0.ltrans.o
                0x00000000                cy_bootloader
                0x00001400                appl1_start = CY_APPL_ORIGIN?CY_APPL_ORIGIN:ALIGN (CY_FLASH_ROW_SIZE)
                0x00010000                appl2_start = (CY_FLASH_SIZE / 0x2)
                0x00001400                appl_start = (CY_APPL_NUM == 0x1)?appl1_start:appl2_start
                0x00000000                cy_project_type_bootloader = (appl_start == 0x0)?0x1:0x0
                0x00000000                cy_project_type_app_for_stack_and_copier = (CY_APP_FOR_STACK_AND_COPIER == 0x1)?0x1:0x0

.text           0x00001400     0xbc84
 CREATE_OBJECT_SYMBOLS
                0x00000000                PROVIDE (__cy_interrupt_vector, RomVectors)
 *(.romvectors)
 .romvectors    0x00001400       0x10 e:\temp\ccj58TQ7.ltrans7.ltrans.o
                0x00000001                ASSERT ((. != __cy_interrupt_vector), No interrupt vector)
                0x00000001                ASSERT (CY_APPL_ORIGIN?(SIZEOF (.cybootloader) <= CY_APPL_ORIGIN):0x1, Wrong image location)
                0x000000c0                . = 0xc0
 *fill*         0x00001410       0xb0 
 *(.customer_region)
 .customer_region
                0x000014c0       0x20 e:\temp\ccj58TQ7.ltrans0.ltrans.o
                0x000014c0                customer_info
 *(.base_version)
 .base_version  0x000014e0        0x4 e:\temp\ccj58TQ7.ltrans0.ltrans.o
                0x000014e0                base_version
 *(.app_version)
 .app_version   0x000014e4        0x4 e:\temp\ccj58TQ7.ltrans0.ltrans.o
                0x000014e4                app_version
 *(.dev_siliconid)
 .dev_siliconid
                0x000014e8        0x4 e:\temp\ccj58TQ7.ltrans0.ltrans.o
                0x000014e8                ccg_silicon_id
 *(.fw_reserved)
 .fw_reserved   0x000014ec       0x14 e:\temp\ccj58TQ7.ltrans0.ltrans.o
                0x000014ec                reserved_buf
 *(.configSection)
 .configSection
                0x00001500      0x400 e:\temp\ccj58TQ7.ltrans1.ltrans.o
                0x00001500                gl_config_table
                0x00001900                PROVIDE (__cy_reset, Reset)
 *(.text.Reset)
 .text.Reset    0x00001900       0x20 e:\temp\ccj58TQ7.ltrans7.ltrans.o
                0x00001900                Reset
                0x00000001                ASSERT ((. != __cy_reset), No reset code)
 *(.psocinit)
 *(.text .text.* .gnu.linkonce.t.*)
 .text          0x00001920       0x60 e:/cypress/psoc creator/4.2/psoc creator/import/gnu/arm/5.4.1/bin/../lib/gcc/arm-none-eabi/5.4.1/armv6-m/crtbegin.o
 .text.mux_xfer_timer_cb
                0x00001980        0xc e:\temp\ccj58TQ7.ltrans0.ltrans.o
                0x00001980                mux_xfer_timer_cb
 .text.timer_stop_internal
                0x0000198c       0x54 e:\temp\ccj58TQ7.ltrans0.ltrans.o
 .text.boot_validate_configtable
                0x000019e0       0x5c e:\temp\ccj58TQ7.ltrans0.ltrans.o
 .text.get_pd_port_config
                0x00001a3c       0x10 e:\temp\ccj58TQ7.ltrans0.ltrans.o
                0x00001a3c                get_pd_port_config
 .text.mem_copy_word
                0x00001a4c       0x14 e:\temp\ccj58TQ7.ltrans0.ltrans.o
                0x00001a4c                mem_copy_word
 .text.timer_stop_range.part.3.lto_priv.71
                0x00001a60       0x4c e:\temp\ccj58TQ7.ltrans0.ltrans.o
                0x00001a60                timer_stop_range.part.3.lto_priv.71
 .text.timer_is_running
                0x00001aac       0x34 e:\temp\ccj58TQ7.ltrans0.ltrans.o
                0x00001aac                timer_is_running
 .text.timer_stop_range
                0x00001ae0       0x10 e:\temp\ccj58TQ7.ltrans0.ltrans.o
                0x00001ae0                timer_stop_range
 .text.timer_stop
                0x00001af0       0x48 e:\temp\ccj58TQ7.ltrans0.ltrans.o
                0x00001af0                timer_stop
 .text.flash_trig_row_write_in_place.lto_priv.52
                0x00001b38       0x7c e:\temp\ccj58TQ7.ltrans0.ltrans.o
                0x00001b38                flash_trig_row_write_in_place.lto_priv.52
 .text.flash_row_clear
                0x00001bb4       0x34 e:\temp\ccj58TQ7.ltrans0.ltrans.o
 .text.boot_validate_fw
                0x00001be8       0x8c e:\temp\ccj58TQ7.ltrans0.ltrans.o
                0x00001be8                boot_validate_fw
 .text.hw_timer_load_period
                0x00001c74       0x30 e:\temp\ccj58TQ7.ltrans0.ltrans.o
 .text.wdt_interrupt_handler
                0x00001ca4      0x170 e:\temp\ccj58TQ7.ltrans0.ltrans.o
 .text.timer_start
                0x00001e14      0x17c e:\temp\ccj58TQ7.ltrans0.ltrans.o
                0x00001e14                timer_start
 .text.led_timer_cb
                0x00001f90       0x34 e:\temp\ccj58TQ7.ltrans0.ltrans.o
 .text.startup.main
                0x00001fc4      0x9d8 e:\temp\ccj58TQ7.ltrans0.ltrans.o
                0x00001fc4                main
 .text.timer_start_wocb
                0x0000299c        0xa e:\temp\ccj58TQ7.ltrans0.ltrans.o
                0x0000299c                timer_start_wocb
 .text.pd_phy_vbus_detach_cbk
                0x000029a6        0x2 e:\temp\ccj58TQ7.ltrans1.ltrans.o
                0x000029a6                pd_phy_vbus_detach_cbk
 .text.eval_vdm
                0x000029a8      0x1d8 e:\temp\ccj58TQ7.ltrans1.ltrans.o
                0x000029a8                eval_vdm
 .text.psrc_set_current
                0x00002b80        0x2 e:\temp\ccj58TQ7.ltrans1.ltrans.o
                0x00002b80                psrc_set_current
 .text.ovp_pwr_ready_cbk
                0x00002b82        0x2 e:\temp\ccj58TQ7.ltrans1.ltrans.o
 .text.call_psrc_ready_cbk
                0x00002b84       0x1c e:\temp\ccj58TQ7.ltrans1.ltrans.o
 .text.pdss_port0_intr0_handler
                0x00002ba0        0xa e:\temp\ccj58TQ7.ltrans1.ltrans.o
 .text.pdss_port1_intr0_handler
                0x00002baa        0xa e:\temp\ccj58TQ7.ltrans1.ltrans.o
 .text.pdss_port0_intr1_handler
                0x00002bb4        0xa e:\temp\ccj58TQ7.ltrans1.ltrans.o
 .text.pdss_port1_intr1_handler
                0x00002bbe        0xa e:\temp\ccj58TQ7.ltrans1.ltrans.o
 .text.eval_vconn_swap
                0x00002bc8       0x58 e:\temp\ccj58TQ7.ltrans1.ltrans.o
                0x00002bc8                eval_vconn_swap
 .text.eval_pr_swap
                0x00002c20       0x60 e:\temp\ccj58TQ7.ltrans1.ltrans.o
                0x00002c20                eval_pr_swap
 .text.eval_dr_swap
                0x00002c80       0x44 e:\temp\ccj58TQ7.ltrans1.ltrans.o
                0x00002c80                eval_dr_swap
 .text.psrc_en_ovp
                0x00002cc4       0x34 e:\temp\ccj58TQ7.ltrans1.ltrans.o
 .text.psrc_select_voltage
                0x00002cf8       0x38 e:\temp\ccj58TQ7.ltrans1.ltrans.o
 .text.vbus_discharge_off
                0x00002d30       0x10 e:\temp\ccj58TQ7.ltrans1.ltrans.o
                0x00002d30                vbus_discharge_off
 .text.vbus_discharge_on
                0x00002d40       0x10 e:\temp\ccj58TQ7.ltrans1.ltrans.o
                0x00002d40                vbus_discharge_on
 .text.pd_hal_abort_auto_toggle
                0x00002d50        0x2 e:\temp\ccj58TQ7.ltrans1.ltrans.o
                0x00002d50                pd_hal_abort_auto_toggle
 *fill*         0x00002d52        0x2 
 .text.pd_hal_is_auto_toggle_active
                0x00002d54       0x28 e:\temp\ccj58TQ7.ltrans1.ltrans.o
                0x00002d54                pd_hal_is_auto_toggle_active
 .text.pd_hal_config_auto_toggle
                0x00002d7c       0x18 e:\temp\ccj58TQ7.ltrans1.ltrans.o
                0x00002d7c                pd_hal_config_auto_toggle
 .text.pd_hal_init
                0x00002d94      0x2c8 e:\temp\ccj58TQ7.ltrans1.ltrans.o
                0x00002d94                pd_hal_init
 .text.psrc_dis_ocp
                0x0000305c       0x9c e:\temp\ccj58TQ7.ltrans1.ltrans.o
 .text.psrc_shutdown
                0x000030f8       0x40 e:\temp\ccj58TQ7.ltrans1.ltrans.o
 .text.app_psrc_vbus_ocp_cbk
                0x00003138       0x30 e:\temp\ccj58TQ7.ltrans1.ltrans.o
                0x00003138                app_psrc_vbus_ocp_cbk
 .text.psrc_set_voltage
                0x00003168       0x4c e:\temp\ccj58TQ7.ltrans1.ltrans.o
                0x00003168                psrc_set_voltage
 .text.psrc_disable
                0x000031b4       0x9c e:\temp\ccj58TQ7.ltrans1.ltrans.o
                0x000031b4                psrc_disable
 .text.app_psrc_vbus_ovp_cbk
                0x00003250       0x4c e:\temp\ccj58TQ7.ltrans1.ltrans.o
 .text.app_psrc_tmr_cbk
                0x0000329c      0x124 e:\temp\ccj58TQ7.ltrans1.ltrans.o
                0x0000329c                app_psrc_tmr_cbk
 .text.psnk_disable
                0x000033c0       0x84 e:\temp\ccj58TQ7.ltrans1.ltrans.o
                0x000033c0                psnk_disable
 .text.i2c_scb_read
                0x00003444       0x74 e:\temp\ccj58TQ7.ltrans2.ltrans.o
 .text.i2c_reset
                0x000034b8       0x60 e:\temp\ccj58TQ7.ltrans2.ltrans.o
 .text.i2c_timer_cb
                0x00003518       0x24 e:\temp\ccj58TQ7.ltrans2.ltrans.o
 .text.pd_internal_cfet_off.constprop.19
                0x0000353c       0x30 e:\temp\ccj58TQ7.ltrans2.ltrans.o
                0x0000353c                pd_internal_cfet_off.constprop.19
 .text.pd_internal_pfet_on.constprop.18
                0x0000356c       0x34 e:\temp\ccj58TQ7.ltrans2.ltrans.o
                0x0000356c                pd_internal_pfet_on.constprop.18
 .text.pd_internal_pfet_off.constprop.12
                0x000035a0       0x30 e:\temp\ccj58TQ7.ltrans2.ltrans.o
                0x000035a0                pd_internal_pfet_off.constprop.12
 .text.set_mux.constprop.8
                0x000035d0       0x50 e:\temp\ccj58TQ7.ltrans2.ltrans.o
                0x000035d0                set_mux.constprop.8
 .text.pd_internal_cfet_on.constprop.3
                0x00003620       0x58 e:\temp\ccj58TQ7.ltrans2.ltrans.o
                0x00003620                pd_internal_cfet_on.constprop.3
 .text.CyDelay.constprop.2
                0x00003678       0x10 e:\temp\ccj58TQ7.ltrans2.ltrans.o
                0x00003678                CyDelay.constprop.2
 .text.pd_adc_sample.constprop.20
                0x00003688       0x6c e:\temp\ccj58TQ7.ltrans2.ltrans.o
                0x00003688                pd_adc_sample.constprop.20
 .text.i2c_scb_intr_handler
                0x000036f4      0x310 e:\temp\ccj58TQ7.ltrans2.ltrans.o
 .text.i2c_scb_0_intr_handler.lto_priv.103
                0x00003a04        0xa e:\temp\ccj58TQ7.ltrans2.ltrans.o
                0x00003a04                i2c_scb_0_intr_handler.lto_priv.103
 *fill*         0x00003a0e        0x2 
 .text.hpi_task.part.3.lto_priv.110
                0x00003a10      0x5f4 e:\temp\ccj58TQ7.ltrans2.ltrans.o
                0x00003a10                hpi_task.part.3.lto_priv.110
 .text.alt_mode_mngr_exit_all
                0x00004004        0x2 e:\temp\ccj58TQ7.ltrans3.ltrans.o
                0x00004004                alt_mode_mngr_exit_all
 .text.sln_psrc_disable
                0x00004006        0x8 e:\temp\ccj58TQ7.ltrans3.ltrans.o
                0x00004006                sln_psrc_disable
 *fill*         0x0000400e        0x2 
 .text.app_handle_fault
                0x00004010       0x94 e:\temp\ccj58TQ7.ltrans3.ltrans.o
 .text.pd_get_ptr_ocp_tbl
                0x000040a4       0x1c e:\temp\ccj58TQ7.ltrans3.ltrans.o
                0x000040a4                pd_get_ptr_ocp_tbl
 .text.app_port_disable_cb.lto_priv.82
                0x000040c0       0x48 e:\temp\ccj58TQ7.ltrans3.ltrans.o
                0x000040c0                app_port_disable_cb.lto_priv.82
 .text.watchdog_timer_cb
                0x00004108       0x40 e:\temp\ccj58TQ7.ltrans3.ltrans.o
                0x00004108                watchdog_timer_cb
 .text.I2C_Write
                0x00004148      0x100 e:\temp\ccj58TQ7.ltrans3.ltrans.o
                0x00004148                I2C_Write
 .text.set_pd_ctrl_voltage
                0x00004248       0x28 e:\temp\ccj58TQ7.ltrans3.ltrans.o
                0x00004248                set_pd_ctrl_voltage
 .text.fault_recovery_timer_cb
                0x00004270       0x74 e:\temp\ccj58TQ7.ltrans3.ltrans.o
 .text.sln_psrc_enable
                0x000042e4      0x1e8 e:\temp\ccj58TQ7.ltrans3.ltrans.o
                0x000042e4                sln_psrc_enable
 .text.mux_ctrl_set_cfg
                0x000044cc      0x1b4 e:\temp\ccj58TQ7.ltrans3.ltrans.o
                0x000044cc                mux_ctrl_set_cfg
 .text.app_event_handler
                0x00004680      0x680 e:\temp\ccj58TQ7.ltrans3.ltrans.o
                0x00004680                app_event_handler
 .text.psnk_set_current
                0x00004d00       0x10 e:\temp\ccj58TQ7.ltrans4.ltrans.o
                0x00004d00                psnk_set_current
 .text.form_rdo
                0x00004d10       0x80 e:\temp\ccj58TQ7.ltrans4.ltrans.o
 .text.eval_src_cap
                0x00004d90      0x444 e:\temp\ccj58TQ7.ltrans4.ltrans.o
                0x00004d90                eval_src_cap
 .text.psnk_enable
                0x000051d4       0x42 e:\temp\ccj58TQ7.ltrans4.ltrans.o
                0x000051d4                psnk_enable
 .text.app_cc_sbu_fault_handler.lto_priv.85
                0x00005216       0x10 e:\temp\ccj58TQ7.ltrans4.ltrans.o
                0x00005216                app_cc_sbu_fault_handler.lto_priv.85
 *fill*         0x00005226        0x2 
 .text.eval_rdo
                0x00005228       0x30 e:\temp\ccj58TQ7.ltrans4.ltrans.o
                0x00005228                eval_rdo
 .text.vbus_get_value
                0x00005258       0x14 e:\temp\ccj58TQ7.ltrans4.ltrans.o
                0x00005258                vbus_get_value
 .text.vconn_is_present
                0x0000526c       0x14 e:\temp\ccj58TQ7.ltrans4.ltrans.o
                0x0000526c                vconn_is_present
 .text.sink_fet_off
                0x00005280       0x10 e:\temp\ccj58TQ7.ltrans4.ltrans.o
                0x00005280                sink_fet_off
 .text.app_psnk_vbus_ovp_cbk
                0x00005290       0x1e e:\temp\ccj58TQ7.ltrans4.ltrans.o
 *fill*         0x000052ae        0x2 
 .text.app_ovp_disable
                0x000052b0      0x110 e:\temp\ccj58TQ7.ltrans4.ltrans.o
                0x000052b0                app_ovp_disable
 .text.vconn_enable
                0x000053c0      0x12c e:\temp\ccj58TQ7.ltrans4.ltrans.o
                0x000053c0                vconn_enable
 .text.app_ovp_enable.part.2.lto_priv.70
                0x000054ec      0x230 e:\temp\ccj58TQ7.ltrans4.ltrans.o
                0x000054ec                app_ovp_enable.part.2.lto_priv.70
 .text.psnk_set_voltage
                0x0000571c       0x40 e:\temp\ccj58TQ7.ltrans4.ltrans.o
                0x0000571c                psnk_set_voltage
 .text.vbus_is_present
                0x0000575c       0x7c e:\temp\ccj58TQ7.ltrans4.ltrans.o
                0x0000575c                vbus_is_present
 .text.app_psnk_tmr_cbk.lto_priv.69
                0x000057d8       0x64 e:\temp\ccj58TQ7.ltrans4.ltrans.o
                0x000057d8                app_psnk_tmr_cbk.lto_priv.69
 .text.vconn_disable
                0x0000583c       0xb0 e:\temp\ccj58TQ7.ltrans4.ltrans.o
                0x0000583c                vconn_disable
 .text.app_vconn_ocp_cbk
                0x000058ec       0x1e e:\temp\ccj58TQ7.ltrans4.ltrans.o
 *fill*         0x0000590a        0x2 
 .text.pd_phy_load_data_in_mem
                0x0000590c       0x8c e:\temp\ccj58TQ7.ltrans5.ltrans.o
 .text.pd_phy_is_busy
                0x00005998       0x28 e:\temp\ccj58TQ7.ltrans5.ltrans.o
                0x00005998                pd_phy_is_busy
 .text.pd_phy_get_rx_packet
                0x000059c0       0x14 e:\temp\ccj58TQ7.ltrans5.ltrans.o
                0x000059c0                pd_phy_get_rx_packet
 .text.pd_phy_abort_tx_msg
                0x000059d4       0x40 e:\temp\ccj58TQ7.ltrans5.ltrans.o
                0x000059d4                pd_phy_abort_tx_msg
 .text.pd_phy_abort_bist_cm2
                0x00005a14       0x28 e:\temp\ccj58TQ7.ltrans5.ltrans.o
                0x00005a14                pd_phy_abort_bist_cm2
 .text.pd_prot_rx_dis
                0x00005a3c       0x68 e:\temp\ccj58TQ7.ltrans5.ltrans.o
                0x00005a3c                pd_prot_rx_dis
 .text.pd_prot_rx_en
                0x00005aa4       0x40 e:\temp\ccj58TQ7.ltrans5.ltrans.o
                0x00005aa4                pd_prot_rx_en
 .text.pd_prot_stop
                0x00005ae4       0x34 e:\temp\ccj58TQ7.ltrans5.ltrans.o
                0x00005ae4                pd_prot_stop
 .text.pd_phy_send_msg
                0x00005b18      0x12c e:\temp\ccj58TQ7.ltrans5.ltrans.o
                0x00005b18                pd_phy_send_msg
 .text.pd_phy_load_msg
                0x00005c44       0x6c e:\temp\ccj58TQ7.ltrans5.ltrans.o
                0x00005c44                pd_phy_load_msg
 .text.pd_phy_dis_unchunked_tx
                0x00005cb0       0x14 e:\temp\ccj58TQ7.ltrans5.ltrans.o
                0x00005cb0                pd_phy_dis_unchunked_tx
 .text.pd_phy_refresh_roles
                0x00005cc4       0x68 e:\temp\ccj58TQ7.ltrans5.ltrans.o
                0x00005cc4                pd_phy_refresh_roles
 .text.pd_phy_init
                0x00005d2c       0x78 e:\temp\ccj58TQ7.ltrans5.ltrans.o
                0x00005d2c                pd_phy_init
 .text.pdss_intr0_handler
                0x00005da4      0x3d0 e:\temp\ccj58TQ7.ltrans5.ltrans.o
                0x00005da4                pdss_intr0_handler
 .text.pd_phy_send_reset
                0x00006174       0x98 e:\temp\ccj58TQ7.ltrans5.ltrans.o
                0x00006174                pd_phy_send_reset
 .text.pd_phy_send_bist_cm2
                0x0000620c       0x2c e:\temp\ccj58TQ7.ltrans5.ltrans.o
                0x0000620c                pd_phy_send_bist_cm2
 .text.pd_phy_detect_cc_rise
                0x00006238       0xa4 e:\temp\ccj58TQ7.ltrans5.ltrans.o
 .text.ccg5_pump_enable.lto_priv.63
                0x000062dc       0x38 e:\temp\ccj58TQ7.ltrans5.ltrans.o
                0x000062dc                ccg5_pump_enable.lto_priv.63
 .text.ccg5_pump_disable.lto_priv.64
                0x00006314       0x28 e:\temp\ccj58TQ7.ltrans5.ltrans.o
                0x00006314                ccg5_pump_disable.lto_priv.64
 .text.pd_phy_wake_port
                0x0000633c       0xf0 e:\temp\ccj58TQ7.ltrans5.ltrans.o
 .text.pd_phy_wakeup
                0x0000642c       0x12 e:\temp\ccj58TQ7.ltrans5.ltrans.o
                0x0000642c                pd_phy_wakeup
 *fill*         0x0000643e        0x2 
 .text.pd_hal_typec_sm_restart
                0x00006440       0x20 e:\temp\ccj58TQ7.ltrans5.ltrans.o
                0x00006440                pd_hal_typec_sm_restart
 .text.pd_phy_deepsleep
                0x00006460      0x2bc e:\temp\ccj58TQ7.ltrans5.ltrans.o
                0x00006460                pd_phy_deepsleep
 .text.vconn_ocp_timer_cb
                0x0000671c       0x1c e:\temp\ccj58TQ7.ltrans6.ltrans.o
 .text.IntDefaultHandler
                0x00006738       0x24 e:\temp\ccj58TQ7.ltrans6.ltrans.o
                0x00006738                IntDefaultHandler
 .text.pd_fet_automode_disable.lto_priv.76
                0x0000675c       0x58 e:\temp\ccj58TQ7.ltrans6.ltrans.o
                0x0000675c                pd_fet_automode_disable.lto_priv.76
 .text.pd_reset_edge_det
                0x000067b4       0x24 e:\temp\ccj58TQ7.ltrans6.ltrans.o
                0x000067b4                pd_reset_edge_det
 .text.ocp_handler_wrapper
                0x000067d8       0x24 e:\temp\ccj58TQ7.ltrans6.ltrans.o
 .text.pd_is_vconn_present
                0x000067fc       0x20 e:\temp\ccj58TQ7.ltrans6.ltrans.o
                0x000067fc                pd_is_vconn_present
 .text.pd_typec_set_polarity
                0x0000681c       0x24 e:\temp\ccj58TQ7.ltrans6.ltrans.o
                0x0000681c                pd_typec_set_polarity
 .text.pd_typec_dis_rd
                0x00006840       0x38 e:\temp\ccj58TQ7.ltrans6.ltrans.o
                0x00006840                pd_typec_dis_rd
 .text.pd_typec_en_rd
                0x00006878       0x2c e:\temp\ccj58TQ7.ltrans6.ltrans.o
                0x00006878                pd_typec_en_rd
 .text.pd_typec_dis_dpslp_rp
                0x000068a4       0x20 e:\temp\ccj58TQ7.ltrans6.ltrans.o
                0x000068a4                pd_typec_dis_dpslp_rp
 .text.pd_typec_dis_rp
                0x000068c4       0x28 e:\temp\ccj58TQ7.ltrans6.ltrans.o
                0x000068c4                pd_typec_dis_rp
 .text.pd_typec_en_rp
                0x000068ec       0x7c e:\temp\ccj58TQ7.ltrans6.ltrans.o
                0x000068ec                pd_typec_en_rp
 .text.pd_typec_snk_update_trim
                0x00006968       0x40 e:\temp\ccj58TQ7.ltrans6.ltrans.o
                0x00006968                pd_typec_snk_update_trim
 .text.pd_typec_stop
                0x000069a8       0x98 e:\temp\ccj58TQ7.ltrans6.ltrans.o
                0x000069a8                pd_typec_stop
 .text.pd_typec_rd_enable
                0x00006a40       0x50 e:\temp\ccj58TQ7.ltrans6.ltrans.o
                0x00006a40                pd_typec_rd_enable
 .text.pd_typec_init
                0x00006a90       0x58 e:\temp\ccj58TQ7.ltrans6.ltrans.o
                0x00006a90                pd_typec_init
 .text.pd_adc_restore_intr.isra.1.lto_priv.48
                0x00006ae8       0x58 e:\temp\ccj58TQ7.ltrans6.ltrans.o
                0x00006ae8                pd_adc_restore_intr.isra.1.lto_priv.48
 .text.pd_typec_get_rp_rd_status
                0x00006b40       0xf8 e:\temp\ccj58TQ7.ltrans6.ltrans.o
 .text.pd_typec_get_cc_status
                0x00006c38      0x13c e:\temp\ccj58TQ7.ltrans6.ltrans.o
                0x00006c38                pd_typec_get_cc_status
 .text.pd_typec_start
                0x00006d74      0x12c e:\temp\ccj58TQ7.ltrans6.ltrans.o
                0x00006d74                pd_typec_start
 .text.pd_internal_vbus_discharge_off
                0x00006ea0       0x34 e:\temp\ccj58TQ7.ltrans6.ltrans.o
                0x00006ea0                pd_internal_vbus_discharge_off
 .text.pd_internal_vbus_discharge_on
                0x00006ed4       0x68 e:\temp\ccj58TQ7.ltrans6.ltrans.o
                0x00006ed4                pd_internal_vbus_discharge_on
 .text.pd_discharge_monitor_cb
                0x00006f3c       0xd4 e:\temp\ccj58TQ7.ltrans6.ltrans.o
 .text.pdss_intr1_handler
                0x00007010      0x300 e:\temp\ccj58TQ7.ltrans6.ltrans.o
                0x00007010                pdss_intr1_handler
 .text.hpi_i2c_cmd_callback.lto_priv.101
                0x00007310      0x38c e:\temp\ccj58TQ7.ltrans7.ltrans.o
                0x00007310                hpi_i2c_cmd_callback.lto_priv.101
 .text.unlikely.hpi_reg_clear_msg_queue.lto_priv.51
                0x0000769c       0x3c e:\temp\ccj58TQ7.ltrans7.ltrans.o
                0x0000769c                hpi_reg_clear_msg_queue.lto_priv.51
 .text.hpi_reg_handle_queue.lto_priv.80
                0x000076d8       0x98 e:\temp\ccj58TQ7.ltrans7.ltrans.o
                0x000076d8                hpi_reg_handle_queue.lto_priv.80
 .text.hpi_reg_handle_intr_write.lto_priv.49
                0x00007770       0x84 e:\temp\ccj58TQ7.ltrans7.ltrans.o
                0x00007770                hpi_reg_handle_intr_write.lto_priv.49
 .text.hpi_reg_enqueue_event
                0x000077f4       0xb0 e:\temp\ccj58TQ7.ltrans7.ltrans.o
                0x000077f4                hpi_reg_enqueue_event
 .text.hpi_pd_port_disable_cb.lto_priv.47
                0x000078a4       0x4c e:\temp\ccj58TQ7.ltrans7.ltrans.o
                0x000078a4                hpi_pd_port_disable_cb.lto_priv.47
 .text.CyDelayUs
                0x000078f0        0xc e:\temp\ccj58TQ7.ltrans7.ltrans.o
                0x000078f0                CyDelayUs
 .text.CySoftwareReset
                0x000078fc       0x18 e:\temp\ccj58TQ7.ltrans7.ltrans.o
                0x000078fc                CySoftwareReset
 .text.hpi_reset_dev.lto_priv.50
                0x00007914       0x7c e:\temp\ccj58TQ7.ltrans7.ltrans.o
                0x00007914                hpi_reset_dev.lto_priv.50
 .text.startup.initialize_psoc
                0x00007990      0x1dc e:\temp\ccj58TQ7.ltrans7.ltrans.o
 .text.Start_c  0x00007b6c       0x48 e:\temp\ccj58TQ7.ltrans7.ltrans.o
 *fill*         0x00007bb4        0x4 
 .text          0x00007bb8       0x20 .\CortexM0\ARM_GCC_541\Debug\backup_fw_1.a(CyBootAsmGnu.o)
                0x00007bb8                CyDelayCycles
                0x00007bca                CyEnterCriticalSection
                0x00007bd2                CyExitCriticalSection
 .text.dpm_init
                0x00007bd8       0x68 ..\lib\ccg5_dualport\libccgx_pd.a(dpm.o)
                0x00007bd8                dpm_init
 .text.dpm_start
                0x00007c40       0x40 ..\lib\ccg5_dualport\libccgx_pd.a(dpm.o)
                0x00007c40                dpm_start
 .text.dpm_deepsleep
                0x00007c80       0x68 ..\lib\ccg5_dualport\libccgx_pd.a(dpm.o)
                0x00007c80                dpm_deepsleep
 .text.dpm_wakeup
                0x00007ce8        0xa ..\lib\ccg5_dualport\libccgx_pd.a(dpm.o)
                0x00007ce8                dpm_wakeup
 *fill*         0x00007cf2        0x2 
 .text.dpm_task
                0x00007cf4       0x48 ..\lib\ccg5_dualport\libccgx_pd.a(dpm.o)
                0x00007cf4                dpm_task
 .text.dpm_get_info
                0x00007d3c       0x10 ..\lib\ccg5_dualport\libccgx_pd.a(dpm.o)
                0x00007d3c                dpm_get_info
 .text.dpm_get_snk_wait_cap_period
                0x00007d4c        0xc ..\lib\ccg5_dualport\libccgx_pd.a(dpm.o)
                0x00007d4c                dpm_get_snk_wait_cap_period
 .text.dpm_update_mux_enable_wait_period
                0x00007d58        0xc ..\lib\ccg5_dualport\libccgx_pd.a(dpm.o)
                0x00007d58                dpm_update_mux_enable_wait_period
 .text.dpm_get_mux_enable_wait_period
                0x00007d64        0xc ..\lib\ccg5_dualport\libccgx_pd.a(dpm.o)
                0x00007d64                dpm_get_mux_enable_wait_period
 .text.dpm_is_rdo_valid
                0x00007d70       0x6c ..\lib\ccg5_dualport\libccgx_pd.a(dpm.o)
                0x00007d70                dpm_is_rdo_valid
 .text.dpm_get_polarity
                0x00007ddc       0x14 ..\lib\ccg5_dualport\libccgx_pd.a(dpm.o)
                0x00007ddc                dpm_get_polarity
 .text.dpm_get_status
                0x00007df0       0x10 ..\lib\ccg5_dualport\libccgx_pd.a(dpm.o)
                0x00007df0                dpm_get_status
 .text.dpm_refresh_src_cap
                0x00007e00      0x1b0 ..\lib\ccg5_dualport\libccgx_pd.a(dpm.o)
                0x00007e00                dpm_refresh_src_cap
 .text.dpm_refresh_snk_cap
                0x00007fb0       0x80 ..\lib\ccg5_dualport\libccgx_pd.a(dpm.o)
                0x00007fb0                dpm_refresh_snk_cap
 .text.dpm_is_prev_contract_valid
                0x00008030       0x1c ..\lib\ccg5_dualport\libccgx_pd.a(dpm.o)
                0x00008030                dpm_is_prev_contract_valid
 .text.dpm_get_evtno_n_clear
                0x0000804c       0x3a ..\lib\ccg5_dualport\libccgx_pd.a(dpm.o)
                0x0000804c                dpm_get_evtno_n_clear
 *fill*         0x00008086        0x2 
 .text.dpm_get_sink_detach_voltage
                0x00008088       0x30 ..\lib\ccg5_dualport\libccgx_pd.a(dpm.o)
                0x00008088                dpm_get_sink_detach_voltage
 .text.dpm_get_sink_detach_margin
                0x000080b8       0x1c ..\lib\ccg5_dualport\libccgx_pd.a(dpm.o)
                0x000080b8                dpm_get_sink_detach_margin
 .text.dpm_set_pe_evt
                0x000080d4       0x28 ..\lib\ccg5_dualport\libccgx_pd.a(dpm.o)
                0x000080d4                dpm_set_pe_evt
 .text.dpm_pd_command_ec
                0x000080fc       0xac ..\lib\ccg5_dualport\libccgx_pd.a(dpm.o)
                0x000080fc                dpm_pd_command_ec
 .text.dpm_pd_command
                0x000081a8       0x2c ..\lib\ccg5_dualport\libccgx_pd.a(dpm.o)
                0x000081a8                dpm_pd_command
 .text.dpm_clear_pe_evt
                0x000081d4       0x28 ..\lib\ccg5_dualport\libccgx_pd.a(dpm.o)
                0x000081d4                dpm_clear_pe_evt
 .text.dpm_set_typec_evt
                0x000081fc       0x28 ..\lib\ccg5_dualport\libccgx_pd.a(dpm.o)
                0x000081fc                dpm_set_typec_evt
 .text.dpm_typec_command
                0x00008224       0x48 ..\lib\ccg5_dualport\libccgx_pd.a(dpm.o)
                0x00008224                dpm_typec_command
 .text.dpm_clear_typec_evt
                0x0000826c       0x28 ..\lib\ccg5_dualport\libccgx_pd.a(dpm.o)
                0x0000826c                dpm_clear_typec_evt
 .text.dpm_update_port_status
                0x00008294       0x1c ..\lib\ccg5_dualport\libccgx_pd.a(dpm.o)
                0x00008294                dpm_update_port_status
 .text.dpm_get_pd_port_status
                0x000082b0       0xbc ..\lib\ccg5_dualport\libccgx_pd.a(dpm.o)
                0x000082b0                dpm_get_pd_port_status
 .text.dpm_prot_reset_rx
                0x0000836c        0x8 ..\lib\ccg5_dualport\libccgx_pd.a(dpm.o)
                0x0000836c                dpm_prot_reset_rx
 .text.dpm_pe_stop
                0x00008374       0x12 ..\lib\ccg5_dualport\libccgx_pd.a(dpm.o)
                0x00008374                dpm_pe_stop
 *fill*         0x00008386        0x2 
 .text.dpm_set_alert
                0x00008388       0x20 ..\lib\ccg5_dualport\libccgx_pd.a(dpm.o)
                0x00008388                dpm_set_alert
 .text.dpm_clear_hard_reset_count
                0x000083a8       0x12 ..\lib\ccg5_dualport\libccgx_pd.a(dpm.o)
                0x000083a8                dpm_clear_hard_reset_count
 *fill*         0x000083ba        0x2 
 .text.dpm_set_fault_active
                0x000083bc       0x20 ..\lib\ccg5_dualport\libccgx_pd.a(dpm.o)
                0x000083bc                dpm_set_fault_active
 .text.dpm_clear_fault_active
                0x000083dc       0x20 ..\lib\ccg5_dualport\libccgx_pd.a(dpm.o)
                0x000083dc                dpm_clear_fault_active
 .text.dpm_notify_app
                0x000083fc       0x1c ..\lib\ccg5_dualport\libccgx_pd.a(dpm.o)
                0x000083fc                dpm_notify_app
 .text.dpm_notify_app_wdata
                0x00008418       0x1c ..\lib\ccg5_dualport\libccgx_pd.a(dpm.o)
                0x00008418                dpm_notify_app_wdata
 .text.dpm_send_hard_reset
                0x00008434        0xe ..\lib\ccg5_dualport\libccgx_pd.a(dpm.o)
                0x00008434                dpm_send_hard_reset
 .text.pe_fsm_off
                0x00008442        0x2 ..\lib\ccg5_dualport\libccgx_pd.a(pd_policy_engine.o)
 .text.pd_cbk   0x00008444        0x8 ..\lib\ccg5_dualport\libccgx_pd.a(pd_policy_engine.o)
 .text.pe_tmr_cbk
                0x0000844c       0x1c ..\lib\ccg5_dualport\libccgx_pd.a(pd_policy_engine.o)
 .text.pe_pwr_ready_cbk
                0x00008468        0xa ..\lib\ccg5_dualport\libccgx_pd.a(pd_policy_engine.o)
 .text.pe_dpm_cmd_clear
                0x00008472       0x14 ..\lib\ccg5_dualport\libccgx_pd.a(pd_policy_engine.o)
 *fill*         0x00008486        0x2 
 .text.check_vconn_swap_required
                0x00008488       0xa4 ..\lib\ccg5_dualport\libccgx_pd.a(pd_policy_engine.o)
 .text.pe_reset_flags
                0x0000852c       0xcc ..\lib\ccg5_dualport\libccgx_pd.a(pd_policy_engine.o)
 .text.pe_dpm_cmd_response
                0x000085f8       0x64 ..\lib\ccg5_dualport\libccgx_pd.a(pd_policy_engine.o)
 .text.pe_dpm_resp
                0x0000865c        0xa ..\lib\ccg5_dualport\libccgx_pd.a(pd_policy_engine.o)
 *fill*         0x00008666        0x2 
 .text.pe_vdm_resp_cbk
                0x00008668       0x28 ..\lib\ccg5_dualport\libccgx_pd.a(pd_policy_engine.o)
 .text.pe_app_resp_cbk
                0x00008690       0x28 ..\lib\ccg5_dualport\libccgx_pd.a(pd_policy_engine.o)
 .text.pe_prs_complete
                0x000086b8       0x40 ..\lib\ccg5_dualport\libccgx_pd.a(pd_policy_engine.o)
 .text.pe_clr_timeout_gen_entry_event
                0x000086f8       0x48 ..\lib\ccg5_dualport\libccgx_pd.a(pd_policy_engine.o)
 .text.pe_send_sr
                0x00008740       0x3c ..\lib\ccg5_dualport\libccgx_pd.a(pd_policy_engine.o)
 .text.pe_fsm_drs_change_role
                0x0000877c       0x70 ..\lib\ccg5_dualport\libccgx_pd.a(pd_policy_engine.o)
 .text.pe_vconn_swap_complete
                0x000087ec       0x40 ..\lib\ccg5_dualport\libccgx_pd.a(pd_policy_engine.o)
 .text.sr_ams_exit
                0x0000882c       0x26 ..\lib\ccg5_dualport\libccgx_pd.a(pd_policy_engine.o)
 .text.pe_fsm_src_wait_new_cap
                0x00008852        0xe ..\lib\ccg5_dualport\libccgx_pd.a(pd_policy_engine.o)
 .text.pe_hr_rcvd
                0x00008860       0x3e ..\lib\ccg5_dualport\libccgx_pd.a(pd_policy_engine.o)
 .text.pe_send_hr
                0x0000889e       0x3e ..\lib\ccg5_dualport\libccgx_pd.a(pd_policy_engine.o)
 .text.pe_timer_start
                0x000088dc       0x10 ..\lib\ccg5_dualport\libccgx_pd.a(pd_policy_engine.o)
 .text.pe_fsm_vrs_vconn_on
                0x000088ec       0x76 ..\lib\ccg5_dualport\libccgx_pd.a(pd_policy_engine.o)
 *fill*         0x00008962        0x2 
 .text.pe_fsm_src_trans_supply
                0x00008964      0x154 ..\lib\ccg5_dualport\libccgx_pd.a(pd_policy_engine.o)
 .text.pe_fsm_snk_eval_cap
                0x00008ab8       0xc8 ..\lib\ccg5_dualport\libccgx_pd.a(pd_policy_engine.o)
 .text.pe_src_snk_contract_done
                0x00008b80       0xac ..\lib\ccg5_dualport\libccgx_pd.a(pd_policy_engine.o)
 .text.pe_fsm_src_neg_cap
                0x00008c2c       0xf4 ..\lib\ccg5_dualport\libccgx_pd.a(pd_policy_engine.o)
 .text.pe_src_snk_startup
                0x00008d20       0x60 ..\lib\ccg5_dualport\libccgx_pd.a(pd_policy_engine.o)
 .text.pe_fsm_bist_cm2
                0x00008d80       0x48 ..\lib\ccg5_dualport\libccgx_pd.a(pd_policy_engine.o)
 .text.pe_fsm_bist_test_data
                0x00008dc8        0xc ..\lib\ccg5_dualport\libccgx_pd.a(pd_policy_engine.o)
 .text.pe_hr_reset_flags
                0x00008dd4       0x90 ..\lib\ccg5_dualport\libccgx_pd.a(pd_policy_engine.o)
 .text.pe_hr_reset
                0x00008e64       0x40 ..\lib\ccg5_dualport\libccgx_pd.a(pd_policy_engine.o)
 .text.vs_cbk   0x00008ea4       0x9c ..\lib\ccg5_dualport\libccgx_pd.a(pd_policy_engine.o)
 .text.pe_fsm_sr_rcvd
                0x00008f40       0x38 ..\lib\ccg5_dualport\libccgx_pd.a(pd_policy_engine.o)
 .text.pe_hr_complete
                0x00008f78       0x74 ..\lib\ccg5_dualport\libccgx_pd.a(pd_policy_engine.o)
 .text.pe_fsm_hr_snk_wait_vbus_on
                0x00008fec       0x48 ..\lib\ccg5_dualport\libccgx_pd.a(pd_policy_engine.o)
 .text.pe_fsm_hr_src_recover
                0x00009034       0x1e ..\lib\ccg5_dualport\libccgx_pd.a(pd_policy_engine.o)
 *fill*         0x00009052        0x2 
 .text.pe_swap_accepted
                0x00009054       0xb4 ..\lib\ccg5_dualport\libccgx_pd.a(pd_policy_engine.o)
 .text.pe_fsm_swap_eval
                0x00009108      0x1e4 ..\lib\ccg5_dualport\libccgx_pd.a(pd_policy_engine.o)
 .text.pe_fsm_src_startup
                0x000092ec       0x7c ..\lib\ccg5_dualport\libccgx_pd.a(pd_policy_engine.o)
 .text.pe_fsm_snk_startup
                0x00009368       0x16 ..\lib\ccg5_dualport\libccgx_pd.a(pd_policy_engine.o)
 *fill*         0x0000937e        0x2 
 .text.pe_fsm_hr_snk_trans_dflt
                0x00009380       0x5c ..\lib\ccg5_dualport\libccgx_pd.a(pd_policy_engine.o)
 .text.pe_send_reject
                0x000093dc       0x78 ..\lib\ccg5_dualport\libccgx_pd.a(pd_policy_engine.o)
 .text.pe_init  0x00009454       0x20 ..\lib\ccg5_dualport\libccgx_pd.a(pd_policy_engine.o)
                0x00009454                pe_init
 .text.pe_start
                0x00009474       0x32 ..\lib\ccg5_dualport\libccgx_pd.a(pd_policy_engine.o)
                0x00009474                pe_start
 .text.pe_stop  0x000094a6       0x12 ..\lib\ccg5_dualport\libccgx_pd.a(pd_policy_engine.o)
                0x000094a6                pe_stop
 .text.pe_is_busy
                0x000094b8       0x68 ..\lib\ccg5_dualport\libccgx_pd.a(pd_policy_engine.o)
                0x000094b8                pe_is_busy
 .text.pd_is_msg
                0x00009520       0x74 ..\lib\ccg5_dualport\libccgx_pd.a(pd_policy_engine.o)
                0x00009520                pd_is_msg
 .text.pe_is_sop_ctrl_msg
                0x00009594       0x20 ..\lib\ccg5_dualport\libccgx_pd.a(pd_policy_engine.o)
 .text.pe_fsm_vrs_vconn_off
                0x000095b4       0x68 ..\lib\ccg5_dualport\libccgx_pd.a(pd_policy_engine.o)
 .text.pe_fsm_sr_send
                0x0000961c       0xa4 ..\lib\ccg5_dualport\libccgx_pd.a(pd_policy_engine.o)
 .text.pe_fsm_snk_trans
                0x000096c0      0x1ec ..\lib\ccg5_dualport\libccgx_pd.a(pd_policy_engine.o)
 .text.pe_fsm_snk_sel_cap
                0x000098ac       0xb8 ..\lib\ccg5_dualport\libccgx_pd.a(pd_policy_engine.o)
 .text.pe_fsm_src_send_cap
                0x00009964      0x134 ..\lib\ccg5_dualport\libccgx_pd.a(pd_policy_engine.o)
 .text.validate_n_store_cbl_vdo
                0x00009a98       0x94 ..\lib\ccg5_dualport\libccgx_pd.a(pd_policy_engine.o)
 .text.pe_fsm_src_send_cbl_dscid
                0x00009b2c       0xa8 ..\lib\ccg5_dualport\libccgx_pd.a(pd_policy_engine.o)
 .text.cbl_cbk  0x00009bd4      0x110 ..\lib\ccg5_dualport\libccgx_pd.a(pd_policy_engine.o)
 .text.pe_fsm_src_send_cbl_sr
                0x00009ce4       0x64 ..\lib\ccg5_dualport\libccgx_pd.a(pd_policy_engine.o)
 .text.pe_fsm_snk_wait_for_cap
                0x00009d48       0x7c ..\lib\ccg5_dualport\libccgx_pd.a(pd_policy_engine.o)
 .text.pe_pkt_rcvd
                0x00009dc4      0x334 ..\lib\ccg5_dualport\libccgx_pd.a(pd_policy_engine.o)
 .text.pe_fsm_ready
                0x0000a0f8      0x308 ..\lib\ccg5_dualport\libccgx_pd.a(pd_policy_engine.o)
 .text.pe_fsm_send_msg
                0x0000a400      0x32c ..\lib\ccg5_dualport\libccgx_pd.a(pd_policy_engine.o)
 .text.pe_clear_hard_reset_count
                0x0000a72c       0x1c ..\lib\ccg5_dualport\libccgx_pd.a(pd_policy_engine.o)
                0x0000a72c                pe_clear_hard_reset_count
 .text.pe_disabled
                0x0000a748       0x3c ..\lib\ccg5_dualport\libccgx_pd.a(pd_policy_engine.o)
                0x0000a748                pe_disabled
 .text.pe_fsm_src_discovery
                0x0000a784       0xa4 ..\lib\ccg5_dualport\libccgx_pd.a(pd_policy_engine.o)
 .text.pe_err_recovery
                0x0000a828       0x36 ..\lib\ccg5_dualport\libccgx_pd.a(pd_policy_engine.o)
 *fill*         0x0000a85e        0x2 
 .text.pe_fsm_prs_snk_src_vbus_on
                0x0000a860       0xe8 ..\lib\ccg5_dualport\libccgx_pd.a(pd_policy_engine.o)
 .text.pe_fsm_prs_snk_src_wait_ps_rdy
                0x0000a948       0x90 ..\lib\ccg5_dualport\libccgx_pd.a(pd_policy_engine.o)
 .text.pe_fsm_prs_src_snk_wait_ps_rdy
                0x0000a9d8       0x68 ..\lib\ccg5_dualport\libccgx_pd.a(pd_policy_engine.o)
 .text.pe_fsm_prs_src_snk_vbus_off
                0x0000aa40       0xf8 ..\lib\ccg5_dualport\libccgx_pd.a(pd_policy_engine.o)
 .text.pe_fsm_prs_src_snk_trans
                0x0000ab38       0x26 ..\lib\ccg5_dualport\libccgx_pd.a(pd_policy_engine.o)
 *fill*         0x0000ab5e        0x2 
 .text.pe_fsm_swap_send
                0x0000ab60      0x118 ..\lib\ccg5_dualport\libccgx_pd.a(pd_policy_engine.o)
 .text.pe_fsm_src_send_ps_rdy
                0x0000ac78      0x100 ..\lib\ccg5_dualport\libccgx_pd.a(pd_policy_engine.o)
 .text.pe_fsm_hr_snk_wait_vbus_off
                0x0000ad78       0x88 ..\lib\ccg5_dualport\libccgx_pd.a(pd_policy_engine.o)
 .text.pe_fsm_hr_src_vbus_on
                0x0000ae00       0x64 ..\lib\ccg5_dualport\libccgx_pd.a(pd_policy_engine.o)
 .text.pe_fsm_hr_src_trans_dflt
                0x0000ae64       0x84 ..\lib\ccg5_dualport\libccgx_pd.a(pd_policy_engine.o)
 .text.pe_fsm   0x0000aee8      0x384 ..\lib\ccg5_dualport\libccgx_pd.a(pd_policy_engine.o)
                0x0000aee8                pe_fsm
 .text.pe_fsm_hr_send
                0x0000b26c       0xfc ..\lib\ccg5_dualport\libccgx_pd.a(pd_policy_engine.o)
 .text.analyze_rx
                0x0000b368      0x160 ..\lib\ccg5_dualport\libccgx_pd.a(pd_protocol.o)
 .text.pd_prot_init
                0x0000b4c8       0x2c ..\lib\ccg5_dualport\libccgx_pd.a(pd_protocol.o)
                0x0000b4c8                pd_prot_init
 .text.pd_prot_start
                0x0000b4f4       0x20 ..\lib\ccg5_dualport\libccgx_pd.a(pd_protocol.o)
                0x0000b4f4                pd_prot_start
 .text.pd_prot_refresh_roles
                0x0000b514       0x12 ..\lib\ccg5_dualport\libccgx_pd.a(pd_protocol.o)
                0x0000b514                pd_prot_refresh_roles
 *fill*         0x0000b526        0x2 
 .text.pd_prot_reset
                0x0000b528       0x30 ..\lib\ccg5_dualport\libccgx_pd.a(pd_protocol.o)
                0x0000b528                pd_prot_reset
 .text.pd_prot_reset_all
                0x0000b558       0x4c ..\lib\ccg5_dualport\libccgx_pd.a(pd_protocol.o)
                0x0000b558                pd_prot_reset_all
 .text.pd_prot_reset_rx
                0x0000b5a4       0x24 ..\lib\ccg5_dualport\libccgx_pd.a(pd_protocol.o)
                0x0000b5a4                pd_prot_reset_rx
 .text.pd_prot_is_busy
                0x0000b5c8       0x48 ..\lib\ccg5_dualport\libccgx_pd.a(pd_protocol.o)
                0x0000b5c8                pd_prot_is_busy
 .text.tx_msg_over
                0x0000b610       0x6c ..\lib\ccg5_dualport\libccgx_pd.a(pd_protocol.o)
                0x0000b610                tx_msg_over
 .text.check_collision
                0x0000b67c       0x3c ..\lib\ccg5_dualport\libccgx_pd.a(pd_protocol.o)
                0x0000b67c                check_collision
 .text.phy_cbk  0x0000b6b8      0x1c8 ..\lib\ccg5_dualport\libccgx_pd.a(pd_protocol.o)
 .text.prl_tmr_cbk
                0x0000b880       0x70 ..\lib\ccg5_dualport\libccgx_pd.a(pd_protocol.o)
 .text.pd_send_msg
                0x0000b8f0      0x120 ..\lib\ccg5_dualport\libccgx_pd.a(pd_protocol.o)
                0x0000b8f0                pd_send_msg
 .text.pd_register_msg
                0x0000ba10       0x68 ..\lib\ccg5_dualport\libccgx_pd.a(pd_protocol.o)
                0x0000ba10                pd_register_msg
 .text.pd_prot_send_ctrl_msg
                0x0000ba78       0x14 ..\lib\ccg5_dualport\libccgx_pd.a(pd_protocol.o)
                0x0000ba78                pd_prot_send_ctrl_msg
 .text.pd_prot_send_data_msg
                0x0000ba8c       0x1a ..\lib\ccg5_dualport\libccgx_pd.a(pd_protocol.o)
                0x0000ba8c                pd_prot_send_data_msg
 *fill*         0x0000baa6        0x2 
 .text.pd_prot_send_hard_reset
                0x0000baa8       0x7c ..\lib\ccg5_dualport\libccgx_pd.a(pd_protocol.o)
                0x0000baa8                pd_prot_send_hard_reset
 .text.pd_prot_send_cable_reset
                0x0000bb24       0x54 ..\lib\ccg5_dualport\libccgx_pd.a(pd_protocol.o)
                0x0000bb24                pd_prot_send_cable_reset
 .text.pd_prot_en_bist_cm2
                0x0000bb78        0x8 ..\lib\ccg5_dualport\libccgx_pd.a(pd_protocol.o)
                0x0000bb78                pd_prot_en_bist_cm2
 .text.pd_prot_dis_bist_cm2
                0x0000bb80        0x8 ..\lib\ccg5_dualport\libccgx_pd.a(pd_protocol.o)
                0x0000bb80                pd_prot_dis_bist_cm2
 .text.pd_prot_en_bist_test_data
                0x0000bb88       0x24 ..\lib\ccg5_dualport\libccgx_pd.a(pd_protocol.o)
                0x0000bb88                pd_prot_en_bist_test_data
 .text.pd_prot_dis_bist_test_data
                0x0000bbac       0x20 ..\lib\ccg5_dualport\libccgx_pd.a(pd_protocol.o)
                0x0000bbac                pd_prot_dis_bist_test_data
 .text.pd_prot_get_rx_packet
                0x0000bbcc       0x14 ..\lib\ccg5_dualport\libccgx_pd.a(pd_protocol.o)
                0x0000bbcc                pd_prot_get_rx_packet
 .text.typec_src_disable_done_cbk
                0x0000bbe0       0x14 ..\lib\ccg5_dualport\libccgx_pd.a(typec_manager.o)
 .text.typec_fsm__disabled
                0x0000bbf4        0x2 ..\lib\ccg5_dualport\libccgx_pd.a(typec_manager.o)
 .text.typec_fsm_dpm_resp
                0x0000bbf6       0x2c ..\lib\ccg5_dualport\libccgx_pd.a(typec_manager.o)
 .text.typec_is_connection_detected
                0x0000bc22       0x66 ..\lib\ccg5_dualport\libccgx_pd.a(typec_manager.o)
 .text.typec_pwr_ready_cbk
                0x0000bc88        0xa ..\lib\ccg5_dualport\libccgx_pd.a(typec_manager.o)
 *fill*         0x0000bc92        0x2 
 .text.typec_tmr_cbk
                0x0000bc94       0x2c ..\lib\ccg5_dualport\libccgx_pd.a(typec_manager.o)
 .text.typec_gn_fsm_attach
                0x0000bcc0       0x34 ..\lib\ccg5_dualport\libccgx_pd.a(typec_manager.o)
 .text.typec_timer_start
                0x0000bcf4       0x10 ..\lib\ccg5_dualport\libccgx_pd.a(typec_manager.o)
 .text.typec_debounce_reset
                0x0000bd04       0x48 ..\lib\ccg5_dualport\libccgx_pd.a(typec_manager.o)
 .text.cc_debounce
                0x0000bd4c       0xdc ..\lib\ccg5_dualport\libccgx_pd.a(typec_manager.o)
 .text.typec_gen_entry_event
                0x0000be28       0x30 ..\lib\ccg5_dualport\libccgx_pd.a(typec_manager.o)
                0x0000be28                typec_gen_entry_event
 .text.typec_gn_fsm_snk_src_detach
                0x0000be58       0x3c ..\lib\ccg5_dualport\libccgx_pd.a(typec_manager.o)
 .text.typec_fsm_attached_src_snk
                0x0000be94      0x214 ..\lib\ccg5_dualport\libccgx_pd.a(typec_manager.o)
 .text.typec_fsm_attach_evt
                0x0000c0a8       0xf4 ..\lib\ccg5_dualport\libccgx_pd.a(typec_manager.o)
 .text.typec_fsm__attach_wait
                0x0000c19c       0x18 ..\lib\ccg5_dualport\libccgx_pd.a(typec_manager.o)
 .text.trans_next_state
                0x0000c1b4       0x54 ..\lib\ccg5_dualport\libccgx_pd.a(typec_manager.o)
 .text.typec_init
                0x0000c208       0x10 ..\lib\ccg5_dualport\libccgx_pd.a(typec_manager.o)
                0x0000c208                typec_init
 .text.typec_start
                0x0000c218       0x88 ..\lib\ccg5_dualport\libccgx_pd.a(typec_manager.o)
                0x0000c218                typec_start
 .text.typec_is_busy
                0x0000c2a0       0x88 ..\lib\ccg5_dualport\libccgx_pd.a(typec_manager.o)
                0x0000c2a0                typec_is_busy
 .text.typec_sync_toggle
                0x0000c328       0x84 ..\lib\ccg5_dualport\libccgx_pd.a(typec_manager.o)
                0x0000c328                typec_sync_toggle
 .text.typec_deepsleep
                0x0000c3ac        0x8 ..\lib\ccg5_dualport\libccgx_pd.a(typec_manager.o)
                0x0000c3ac                typec_deepsleep
 .text.typec_wakeup
                0x0000c3b4        0x8 ..\lib\ccg5_dualport\libccgx_pd.a(typec_manager.o)
                0x0000c3b4                typec_wakeup
 .text.typec_change_rp
                0x0000c3bc       0x44 ..\lib\ccg5_dualport\libccgx_pd.a(typec_manager.o)
                0x0000c3bc                typec_change_rp
 .text.typec_fsm_accessory
                0x0000c400       0x7c ..\lib\ccg5_dualport\libccgx_pd.a(typec_manager.o)
 .text.typec_apply_rp
                0x0000c47c       0x36 ..\lib\ccg5_dualport\libccgx_pd.a(typec_manager.o)
                0x0000c47c                typec_apply_rp
 .text.typec_assert_rp
                0x0000c4b2       0x16 ..\lib\ccg5_dualport\libccgx_pd.a(typec_manager.o)
                0x0000c4b2                typec_assert_rp
 .text.typec_assert_rd
                0x0000c4c8       0x2c ..\lib\ccg5_dualport\libccgx_pd.a(typec_manager.o)
                0x0000c4c8                typec_assert_rd
 .text.typec_reset
                0x0000c4f4       0x8c ..\lib\ccg5_dualport\libccgx_pd.a(typec_manager.o)
 .text.typec_unattached
                0x0000c580       0xc4 ..\lib\ccg5_dualport\libccgx_pd.a(typec_manager.o)
 .text.typec_fsm__unattached_src
                0x0000c644       0x1a ..\lib\ccg5_dualport\libccgx_pd.a(typec_manager.o)
 .text.typec_fsm__unattached_snk
                0x0000c65e       0x1a ..\lib\ccg5_dualport\libccgx_pd.a(typec_manager.o)
 .text.typec_fsm__try_snk
                0x0000c678       0x60 ..\lib\ccg5_dualport\libccgx_pd.a(typec_manager.o)
 .text.typec_fsm__try_wait_snk
                0x0000c6d8       0x18 ..\lib\ccg5_dualport\libccgx_pd.a(typec_manager.o)
 .text.typec_fsm__try_src
                0x0000c6f0       0x3a ..\lib\ccg5_dualport\libccgx_pd.a(typec_manager.o)
 .text.typec_fsm__try_wait_src
                0x0000c72a        0x8 ..\lib\ccg5_dualport\libccgx_pd.a(typec_manager.o)
 .text.dpm_typec_deassert_rp_rd
                0x0000c732       0x1e ..\lib\ccg5_dualport\libccgx_pd.a(typec_manager.o)
                0x0000c732                dpm_typec_deassert_rp_rd
 .text.typec_disable
                0x0000c750       0x7c ..\lib\ccg5_dualport\libccgx_pd.a(typec_manager.o)
 .text.typec_fsm__err_recov
                0x0000c7cc       0xd4 ..\lib\ccg5_dualport\libccgx_pd.a(typec_manager.o)
 .text.typec_stop
                0x0000c8a0       0x18 ..\lib\ccg5_dualport\libccgx_pd.a(typec_manager.o)
                0x0000c8a0                typec_stop
 .text.typec_fsm
                0x0000c8b8      0x428 ..\lib\ccg5_dualport\libccgx_pd.a(typec_manager.o)
                0x0000c8b8                typec_fsm
 .text          0x0000cce0       0x14 e:/cypress/psoc creator/4.2/psoc creator/import/gnu/arm/5.4.1/bin/../lib/gcc/arm-none-eabi/5.4.1/armv6-m\libgcc.a(_thumb1_case_uqi.o)
                0x0000cce0                __gnu_thumb1_case_uqi
 .text          0x0000ccf4       0x14 e:/cypress/psoc creator/4.2/psoc creator/import/gnu/arm/5.4.1/bin/../lib/gcc/arm-none-eabi/5.4.1/armv6-m\libgcc.a(_thumb1_case_uhi.o)
                0x0000ccf4                __gnu_thumb1_case_uhi
 .text          0x0000cd08      0x1d4 e:/cypress/psoc creator/4.2/psoc creator/import/gnu/arm/5.4.1/bin/../lib/gcc/arm-none-eabi/5.4.1/armv6-m\libgcc.a(_divsi3.o)
                0x0000cd08                __divsi3
                0x0000cd08                __aeabi_idiv
                0x0000ced4                __aeabi_idivmod
 .text          0x0000cedc        0x4 e:/cypress/psoc creator/4.2/psoc creator/import/gnu/arm/5.4.1/bin/../lib/gcc/arm-none-eabi/5.4.1/armv6-m\libgcc.a(_dvmd_tls.o)
                0x0000cedc                __aeabi_idiv0
                0x0000cedc                __aeabi_ldiv0
 .text.__errno  0x0000cee0        0xc e:/cypress/psoc creator/4.2/psoc creator/import/gnu/arm/5.4.1/bin/../lib/gcc/arm-none-eabi/5.4.1/../../../../arm-none-eabi/lib/armv6-m\libg_nano.a(lib_a-errno.o)
                0x0000cee0                __errno
 .text.__libc_init_array
                0x0000ceec       0x4c e:/cypress/psoc creator/4.2/psoc creator/import/gnu/arm/5.4.1/bin/../lib/gcc/arm-none-eabi/5.4.1/../../../../arm-none-eabi/lib/armv6-m\libg_nano.a(lib_a-init.o)
                0x0000ceec                __libc_init_array
 .text.memcpy   0x0000cf38       0x12 e:/cypress/psoc creator/4.2/psoc creator/import/gnu/arm/5.4.1/bin/../lib/gcc/arm-none-eabi/5.4.1/../../../../arm-none-eabi/lib/armv6-m\libg_nano.a(lib_a-memcpy-stub.o)
                0x0000cf38                memcpy
 .text.memset   0x0000cf4a       0x10 e:/cypress/psoc creator/4.2/psoc creator/import/gnu/arm/5.4.1/bin/../lib/gcc/arm-none-eabi/5.4.1/../../../../arm-none-eabi/lib/armv6-m\libg_nano.a(lib_a-memset.o)
                0x0000cf4a                memset
 *fill*         0x0000cf5a        0x2 
 .text          0x0000cf5c       0x14 e:/cypress/psoc creator/4.2/psoc creator/import/gnu/arm/5.4.1/bin/../lib/gcc/arm-none-eabi/5.4.1/armv6-m\libgcc.a(_thumb1_case_sqi.o)
                0x0000cf5c                __gnu_thumb1_case_sqi
 .text          0x0000cf70      0x114 e:/cypress/psoc creator/4.2/psoc creator/import/gnu/arm/5.4.1/bin/../lib/gcc/arm-none-eabi/5.4.1/armv6-m\libgcc.a(_udivsi3.o)
                0x0000cf70                __aeabi_uidiv
                0x0000cf70                __udivsi3
                0x0000d07c                __aeabi_uidivmod
 *(.plt)
 *(.gnu.warning)
 *(.glue_7t)
 .glue_7t       0x0000d084        0x0 linker stubs
 *(.glue_7)
 .glue_7        0x0000d084        0x0 linker stubs
 *(.vfp11_veneer)
 .vfp11_veneer  0x0000d084        0x0 linker stubs
 *(.bootloader)
 *(.ARM.extab* .gnu.linkonce.armextab.*)
 *(.gcc_except_table)

.v4_bx          0x0000d084        0x0
 .v4_bx         0x0000d084        0x0 linker stubs

.iplt           0x0000d084        0x0
 .iplt          0x0000d084        0x0 e:/cypress/psoc creator/4.2/psoc creator/import/gnu/arm/5.4.1/bin/../lib/gcc/arm-none-eabi/5.4.1/armv6-m/crtbegin.o

.eh_frame_hdr
 *(.eh_frame_hdr)

.eh_frame       0x0000d084        0x4
 *(.eh_frame)
 .eh_frame      0x0000d084        0x0 e:/cypress/psoc creator/4.2/psoc creator/import/gnu/arm/5.4.1/bin/../lib/gcc/arm-none-eabi/5.4.1/armv6-m/crtbegin.o
 .eh_frame      0x0000d084        0x4 e:/cypress/psoc creator/4.2/psoc creator/import/gnu/arm/5.4.1/bin/../lib/gcc/arm-none-eabi/5.4.1/armv6-m/crtend.o
                [!provide]                PROVIDE (__exidx_start, .)

.ARM.exidx
 *(.ARM.exidx* .gnu.linkonce.armexidx.*)
                0x0000d088                __exidx_end = .

.rodata         0x0000d088      0x390
 *(.rodata .rodata.* .gnu.linkonce.r.*)
 .rodata        0x0000d088       0x78 e:\temp\ccj58TQ7.ltrans0.ltrans.o
 .rodata        0x0000d100        0x3 e:\temp\ccj58TQ7.ltrans1.ltrans.o
 *fill*         0x0000d103        0x1 
 .rodata        0x0000d104       0x1c e:\temp\ccj58TQ7.ltrans2.ltrans.o
                0x0000d104                SCB_PRT
                0x0000d114                gl_pdss.lto_priv.62
                0x0000d11c                gl_img2_fw_metadata
 .rodata        0x0000d120      0x18c e:\temp\ccj58TQ7.ltrans3.ltrans.o
                0x0000d120                pd_ctrl_addr.lto_priv.83
 .rodata        0x0000d2ac       0x25 e:\temp\ccj58TQ7.ltrans5.ltrans.o
                0x0000d2d0                pd_vbus_mon_divider.lto_priv.72
 *fill*         0x0000d2d1        0x3 
 .rodata        0x0000d2d4       0x14 e:\temp\ccj58TQ7.ltrans6.ltrans.o
                0x0000d2d4                thresholds
                0x0000d2e4                gl_ccg_supply_changed_cb
 .rodata        0x0000d2e8        0xa ..\lib\ccg5_dualport\libccgx_pd.a(dpm.o)
                0x0000d2e8                CUR_TABLE
 *fill*         0x0000d2f2        0x2 
 .rodata        0x0000d2f4       0xb4 ..\lib\ccg5_dualport\libccgx_pd.a(pd_policy_engine.o)
 .rodata        0x0000d3a8       0x38 ..\lib\ccg5_dualport\libccgx_pd.a(typec_manager.o)
                0x0000d3a8                typec_dpmcmd_rp_map
                0x0000d3ac                typec_fsm_table
 .rodata.str1.1
                0x0000d3e0        0x2 e:/cypress/psoc creator/4.2/psoc creator/import/gnu/arm/5.4.1/bin/../lib/gcc/arm-none-eabi/5.4.1/../../../../arm-none-eabi/lib/armv6-m\libg_nano.a(lib_a-impure.o)
                0x0000d3e4                . = ALIGN (0x4)
 *fill*         0x0000d3e2        0x2 
 *(.init)
 .init          0x0000d3e4        0x4 e:/cypress/psoc creator/4.2/psoc creator/import/gnu/arm/5.4.1/bin/../lib/gcc/arm-none-eabi/5.4.1/armv6-m/crti.o
                0x0000d3e4                _init
 .init          0x0000d3e8        0x8 e:/cypress/psoc creator/4.2/psoc creator/import/gnu/arm/5.4.1/bin/../lib/gcc/arm-none-eabi/5.4.1/armv6-m/crtn.o
                0x0000d3f0                . = ALIGN (0x4)
                0x0000d3f0                __preinit_array_start = .
 *(.preinit_array)
                0x0000d3f0                __preinit_array_end = .
                0x0000d3f0                . = ALIGN (0x4)
                0x0000d3f0                __init_array_start = .
 *(SORT(.init_array.*))
 *(.init_array)
 .init_array    0x0000d3f0        0x4 e:/cypress/psoc creator/4.2/psoc creator/import/gnu/arm/5.4.1/bin/../lib/gcc/arm-none-eabi/5.4.1/armv6-m/crtbegin.o
 .init_array    0x0000d3f4        0x4 e:\temp\ccj58TQ7.ltrans7.ltrans.o
                0x0000d3f8                __init_array_end = .
                0x0000d3f8                . = ALIGN (0x4)
 *(.fini)
 .fini          0x0000d3f8        0x4 e:/cypress/psoc creator/4.2/psoc creator/import/gnu/arm/5.4.1/bin/../lib/gcc/arm-none-eabi/5.4.1/armv6-m/crti.o
                0x0000d3f8                _fini
 .fini          0x0000d3fc        0x8 e:/cypress/psoc creator/4.2/psoc creator/import/gnu/arm/5.4.1/bin/../lib/gcc/arm-none-eabi/5.4.1/armv6-m/crtn.o
                0x0000d404                . = ALIGN (0x4)
                0x0000d404                __fini_array_start = .
 *(.fini_array)
 .fini_array    0x0000d404        0x4 e:/cypress/psoc creator/4.2/psoc creator/import/gnu/arm/5.4.1/bin/../lib/gcc/arm-none-eabi/5.4.1/armv6-m/crtbegin.o
 *(SORT(.fini_array.*))
                0x0000d408                __fini_array_end = .
                0x0000d408                . = ALIGN (0x4)
 *crtbegin.o(.ctors)
 *(EXCLUDE_FILE(*crtend.o) .ctors)
 *(SORT(.ctors.*))
 *crtend.o(.ctors)
                0x0000d408                . = ALIGN (0x4)
 *crtbegin.o(.dtors)
 *(EXCLUDE_FILE(*crtend.o) .dtors)
 *(SORT(.dtors.*))
 *crtend.o(.dtors)
                0x0000d408                . = ALIGN (0x4)
                0x0000d408                __cy_regions = .
                0x0000d408        0x4 LONG 0xd418 __cy_region_init_ram
                0x0000d40c        0x4 LONG 0x20000098 __cy_region_start_data
                0x0000d410        0x4 LONG 0xa0 __cy_region_init_size_ram
                0x0000d414        0x4 LONG 0x1898 __cy_region_zero_size_ram
                0x0000d418                __cy_regions_end = .
                0x0000d418                . = ALIGN (0x8)
                0x0000d418                _etext = .

.ramvectors     0x20000000       0x8c
                0x20000000                __cy_region_start_ram = .
 *(.ramvectors)
 .ramvectors    0x20000000       0x8c e:\temp\ccj58TQ7.ltrans7.ltrans.o
                0x20000000                CyRamVectors

.btldr_run      0x20000090        0x4
 *(.bootloaderruntype)
 .bootloaderruntype
                0x20000090        0x4 e:\temp\ccj58TQ7.ltrans7.ltrans.o

.noinit
 *(.noinit)

.data           0x20000098       0xa0 load address 0x0000d418
                0x20000098                __cy_region_start_data = .
 *(.jcr)
 .jcr           0x20000098        0x0 e:/cypress/psoc creator/4.2/psoc creator/import/gnu/arm/5.4.1/bin/../lib/gcc/arm-none-eabi/5.4.1/armv6-m/crtbegin.o
 .jcr           0x20000098        0x4 e:/cypress/psoc creator/4.2/psoc creator/import/gnu/arm/5.4.1/bin/../lib/gcc/arm-none-eabi/5.4.1/armv6-m/crtend.o
 *(.got.plt)
 *(.got)
 *(.shdata)
 *(.data .data.* .gnu.linkonce.d.*)
 .data          0x2000009c        0x8 e:\temp\ccj58TQ7.ltrans0.ltrans.o
 .data          0x200000a4       0x12 e:\temp\ccj58TQ7.ltrans2.ltrans.o
                0x200000a4                gl_active_fw
                0x200000a8                gl_hpi_flash_size.lto_priv.107
                0x200000ac                gl_hpi_flashrow_size.lto_priv.54
                0x200000ae                gl_flash_access_first.lto_priv.94
                0x200000b0                gl_flash_access_last.lto_priv.95
                0x200000b2                gl_flash_metadata_row.lto_priv.96
                0x200000b4                gl_flash_bl_last_row.lto_priv.97
 .data          0x200000b6        0x2 e:\temp\ccj58TQ7.ltrans3.ltrans.o
 .data          0x200000b8        0x1 e:\temp\ccj58TQ7.ltrans5.ltrans.o
                0x200000b8                pd_vbus_detach_adc_id.lto_priv.93
 *fill*         0x200000b9        0x3 
 .data          0x200000bc        0xc e:\temp\ccj58TQ7.ltrans6.ltrans.o
                0x200000bc                gRunTimeDataAddr
                0x200000c0                pdss_rp_trim_db_0.lto_priv.66
                0x200000c4                pdss_rp_trim_db_1.lto_priv.67
 .data          0x200000c8        0x4 ..\lib\ccg5_dualport\libccgx_pd.a(dpm.o)
 .data          0x200000cc        0x4 ..\lib\ccg5_dualport\libccgx_pd.a(typec_manager.o)
 .data.impure_data
                0x200000d0       0x60 e:/cypress/psoc creator/4.2/psoc creator/import/gnu/arm/5.4.1/bin/../lib/gcc/arm-none-eabi/5.4.1/../../../../arm-none-eabi/lib/armv6-m\libg_nano.a(lib_a-impure.o)
 .data._impure_ptr
                0x20000130        0x4 e:/cypress/psoc creator/4.2/psoc creator/import/gnu/arm/5.4.1/bin/../lib/gcc/arm-none-eabi/5.4.1/../../../../arm-none-eabi/lib/armv6-m\libg_nano.a(lib_a-impure.o)
                0x20000130                _impure_ptr
                0x20000138                . = ALIGN (0x8)
 *fill*         0x20000134        0x4 
 *(.ram)
                0x20000138                _edata = .

.igot.plt       0x20000138        0x0 load address 0x0000d4b8
 .igot.plt      0x20000138        0x0 e:/cypress/psoc creator/4.2/psoc creator/import/gnu/arm/5.4.1/bin/../lib/gcc/arm-none-eabi/5.4.1/armv6-m/crtbegin.o

.bss            0x20000138     0x1898 load address 0x0000d4b8
                0x20000138                PROVIDE (__bss_start__, .)
 *(.shbss)
 *(.bss .bss.* .gnu.linkonce.b.*)
 .bss           0x20000138       0x1c e:/cypress/psoc creator/4.2/psoc creator/import/gnu/arm/5.4.1/bin/../lib/gcc/arm-none-eabi/5.4.1/armv6-m/crtbegin.o
 .bss           0x20000154      0x31c e:\temp\ccj58TQ7.ltrans0.ltrans.o
 .bss           0x20000470       0x24 e:\temp\ccj58TQ7.ltrans1.ltrans.o
                0x20000470                gl_vdm_id_vdo_cnt.lto_priv.86
                0x20000474                gl_vdm_id_vdo_p.lto_priv.87
                0x2000047c                gl_vdm_svid_vdo_cnt.lto_priv.88
                0x20000480                gl_vdm_svid_vdo_p.lto_priv.89
                0x20000488                gl_vdm_mode_data_len.lto_priv.90
                0x2000048c                gl_vdm_mode_data_p.lto_priv.91
 .bss           0x20000494      0x563 e:\temp\ccj58TQ7.ltrans2.ltrans.o
                0x20000494                gl_i2c_scb_config.lto_priv.81
                0x200004f4                gl_hpi_reg_space.lto_priv.55
                0x2000081c                i2c_ack_disable.lto_priv.59
                0x20000820                i2c_ack_pending.lto_priv.60
                0x20000824                gl_hpi_buffer.lto_priv.53
                0x20000944                hpi_wr_count.lto_priv.58
                0x20000946                hpi_scb_idx.lto_priv.56
                0x20000948                gl_flash_write_in_place.lto_priv.109
                0x2000094a                gl_hpi_port_stop_pending.lto_priv.61
                0x2000094c                app_status
                0x200009f5                hpi_ec_ready.lto_priv.84
                0x200009f6                hpi_cmd_pending.lto_priv.57
 *fill*         0x200009f7        0x1 
 .bss           0x200009f8       0x29 e:\temp\ccj58TQ7.ltrans3.ltrans.o
                0x20000a08                gl_app_fault_retry_limit.lto_priv.108
                0x20000a18                gMainLoopDelay
                0x20000a1c                mux_xfer_timeout
                0x20000a1f                gl_hpi_gotomin_rcvd.lto_priv.102
 *fill*         0x20000a21        0x3 
 .bss           0x20000a24       0x22 e:\temp\ccj58TQ7.ltrans4.ltrans.o
 .bss           0x20000a46        0x1 e:\temp\ccj58TQ7.ltrans5.ltrans.o
                0x20000a46                pd_vbus_detach_adc_input.lto_priv.92
 *fill*         0x20000a47        0x1 
 .bss           0x20000a48      0x2b0 e:\temp\ccj58TQ7.ltrans6.ltrans.o
                0x20000a48                gl_vconn_ocp_cb.lto_priv.74
                0x20000a50                gl_vbus_ocp_pgdo_type
                0x20000a54                vbus_ocp_cbk
                0x20000a60                gl_pdss_status.lto_priv.65
                0x20000cd6                ccg_si_revision
                0x20000cd7                gl_vconn_channel.lto_priv.75
                0x20000cd9                gl_vconn_ocp_debounce.lto_priv.73
                0x20000cdc                gl_ccg_fault_cb
                0x20000ce0                gl_vbus_ovp_filter_id
                0x20000ce8                gl_vbus_ovp_pgdo_type
                0x20000cec                gl_ovp_cb
                0x20000cf4                gl_vbus_ocp_mode.lto_priv.68
                0x20000cf6                gl_ocp_sw_db_ms.lto_priv.79
 .bss           0x20000cf8      0x251 e:\temp\ccj58TQ7.ltrans7.ltrans.o
                0x20000cf8                gl_hpi_reg_ptr.lto_priv.98
                0x20000d00                gl_hpi_pd_evt_queue.lto_priv.99
                0x20000f20                gl_hpi_snk_min_stat.lto_priv.77
                0x20000f24                gl_hpi_event_queue.lto_priv.78
                0x20000f48                hpi_accessed.lto_priv.100
 *fill*         0x20000f49        0x1 
 .bss           0x20000f4a        0x2 ..\lib\ccg5_dualport\libccgx_pd.a(dpm.o)
 .bss           0x20000f4c      0x492 ..\lib\ccg5_dualport\libccgx_pd.a(pd_policy_engine.o)
 *fill*         0x200013de        0x2 
 .bss           0x200013e0      0x2b8 ..\lib\ccg5_dualport\libccgx_pd.a(pd_protocol.o)
 .bss           0x20001698       0x18 ..\lib\ccg5_dualport\libccgx_pd.a(typec_manager.o)
 *(COMMON)
 COMMON         0x200016b0      0x31a ..\lib\ccg5_dualport\libccgx_pd.a(dpm.o)
                0x200016b0                gl_dpm_status
                0x200019c8                gl_dpm_port_type
                0x200019d0                . = ALIGN (0x8)
 *fill*         0x200019ca        0x6 
 *(.ram.b)
                0x200019d0                _end = .
                0x200019d0                __end = .
                0x200019d0                PROVIDE (end, .)
                0x200019d0                PROVIDE (__bss_end__, .)
                0x0000d418                __cy_region_init_ram = LOADADDR (.data)
                0x000000a0                __cy_region_init_size_ram = (_edata - ADDR (.data))
                0x00001898                __cy_region_zero_size_ram = (_end - _edata)

.heap           0x200019d0        0x0 load address 0x0000d4b8
                0x200019d0                . = _end
                0x200019d0                . = (. + 0x0)
                0x200019d0                __cy_heap_limit = .

.stack          0x20002800      0x800
                0x20002800                __cy_stack_limit = .
                0x20003000                . = (. + 0x800)
 *fill*         0x20002800      0x800 
                0x00000001                ASSERT ((__cy_stack_limit >= __cy_heap_limit), region RAM overflowed with stack)

.cy_checksum_exclude
                0x00010000        0x0
 *(.cy_checksum_exclude)
                0x00000000                cy_checksum_exclude_size = (CY_APPL_LOADABLE == 0x1)?SIZEOF (.cy_checksum_exclude):0x0
                0x00000001                ASSERT ((cy_checksum_exclude_size <= CY_CHECKSUM_EXCLUDE_SIZE), CY_BOOT: Section .cy_checksum_exclude size exceedes specified limit.)
                0xf0000000                cyloadermeta_start = (cy_project_type_bootloader || cy_project_type_app_for_stack_and_copier)?(LENGTH (rom) - CY_METADATA_SIZE):0xf0000000

.cyloadermeta   0xf0000000       0x40
 *(.cyloadermeta)
 .cyloadermeta  0xf0000000       0x40 e:\temp\ccj58TQ7.ltrans0.ltrans.o
                0xf0000000                cy_meta_loader
                0x0001ffc0                cyloadablemeta_start = cy_project_type_app_for_stack_and_copier?((LENGTH (rom) - CY_FLASH_ROW_SIZE) - CY_METADATA_SIZE):((LENGTH (rom) - (CY_FLASH_ROW_SIZE * (CY_APPL_NUM - 0x1))) - CY_METADATA_SIZE)

.cyloadablemeta
                0x0001ffc0       0x40
 *(.cyloadablemeta)
 .cyloadablemeta
                0x0001ffc0       0x40 e:\temp\ccj58TQ7.ltrans0.ltrans.o
                0x0001ffc0                cy_meta_loadable

.cyflashprotect
                0x90400000       0x40
 *(.cyflashprotect)
 .cyflashprotect
                0x90400000       0x40 e:\temp\ccj58TQ7.ltrans0.ltrans.o
                0x90400000                cy_meta_flashprotect

.cymeta         0x90500000        0xc
 *(.cymeta)
 .cymeta        0x90500000        0xc e:\temp\ccj58TQ7.ltrans0.ltrans.o
                0x90500000                cy_metadata

.cychipprotect  0x90600000        0x1
 *(.cychipprotect)
 .cychipprotect
                0x90600000        0x1 e:\temp\ccj58TQ7.ltrans0.ltrans.o
                0x90600000                cy_meta_chipprotect

.rel.dyn        0x00020000        0x0 load address 0x90600004
 .rel.iplt      0x00020000        0x0 e:/cypress/psoc creator/4.2/psoc creator/import/gnu/arm/5.4.1/bin/../lib/gcc/arm-none-eabi/5.4.1/armv6-m/crtbegin.o

.stab
 *(.stab)

.stabstr
 *(.stabstr)

.debug
 *(.debug)

.line
 *(.line)

.debug_srcinfo
 *(.debug_srcinfo)

.debug_sfnames
 *(.debug_sfnames)

.debug_aranges  0x00000000      0xc10
 *(.debug_aranges)
 .debug_aranges
                0x00000000       0xa8 e:\temp\ccj58TQ7.ltrans0.ltrans.o
 .debug_aranges
                0x000000a8       0xe8 e:\temp\ccj58TQ7.ltrans1.ltrans.o
 .debug_aranges
                0x00000190       0x98 e:\temp\ccj58TQ7.ltrans2.ltrans.o
 .debug_aranges
                0x00000228       0x78 e:\temp\ccj58TQ7.ltrans3.ltrans.o
 .debug_aranges
                0x000002a0       0xa8 e:\temp\ccj58TQ7.ltrans4.ltrans.o
 .debug_aranges
                0x00000348       0xd0 e:\temp\ccj58TQ7.ltrans5.ltrans.o
 .debug_aranges
                0x00000418       0xe0 e:\temp\ccj58TQ7.ltrans6.ltrans.o
 .debug_aranges
                0x000004f8       0x80 e:\temp\ccj58TQ7.ltrans7.ltrans.o
 .debug_aranges
                0x00000578       0x20 .\CortexM0\ARM_GCC_541\Debug\backup_fw_1.a(CyBootAsmGnu.o)
 .debug_aranges
                0x00000598      0x1c0 ..\lib\ccg5_dualport\libccgx_pd.a(dpm.o)
 .debug_aranges
                0x00000758      0x288 ..\lib\ccg5_dualport\libccgx_pd.a(pd_policy_engine.o)
 .debug_aranges
                0x000009e0       0xd8 ..\lib\ccg5_dualport\libccgx_pd.a(pd_protocol.o)
 .debug_aranges
                0x00000ab8      0x158 ..\lib\ccg5_dualport\libccgx_pd.a(typec_manager.o)

.debug_pubnames
 *(.debug_pubnames)

.debug_info     0x00000000    0x3c22d
 *(.debug_info .gnu.linkonce.wi.*)
 .debug_info    0x00000000     0x595a e:\temp\ccj58TQ7.ltrans0.ltrans.o
 .debug_info    0x0000595a     0x5196 e:\temp\ccj58TQ7.ltrans1.ltrans.o
 .debug_info    0x0000aaf0     0x4a63 e:\temp\ccj58TQ7.ltrans2.ltrans.o
 .debug_info    0x0000f553     0x585f e:\temp\ccj58TQ7.ltrans3.ltrans.o
 .debug_info    0x00014db2     0x54c1 e:\temp\ccj58TQ7.ltrans4.ltrans.o
 .debug_info    0x0001a273     0x4675 e:\temp\ccj58TQ7.ltrans5.ltrans.o
 .debug_info    0x0001e8e8     0x4a10 e:\temp\ccj58TQ7.ltrans6.ltrans.o
 .debug_info    0x000232f8     0x39d5 e:\temp\ccj58TQ7.ltrans7.ltrans.o
 .debug_info    0x00026ccd       0xc9 .\CortexM0\ARM_GCC_541\Debug\backup_fw_1.a(CyBootAsmGnu.o)
 .debug_info    0x00026d96     0x3fa4 ..\lib\ccg5_dualport\libccgx_pd.a(dpm.o)
 .debug_info    0x0002ad3a     0x86ff ..\lib\ccg5_dualport\libccgx_pd.a(pd_policy_engine.o)
 .debug_info    0x00033439     0x3ce4 ..\lib\ccg5_dualport\libccgx_pd.a(pd_protocol.o)
 .debug_info    0x0003711d     0x5110 ..\lib\ccg5_dualport\libccgx_pd.a(typec_manager.o)

.debug_abbrev   0x00000000     0x399d
 *(.debug_abbrev)
 .debug_abbrev  0x00000000      0x6b7 e:\temp\ccj58TQ7.ltrans0.ltrans.o
 .debug_abbrev  0x000006b7      0x4df e:\temp\ccj58TQ7.ltrans1.ltrans.o
 .debug_abbrev  0x00000b96      0x561 e:\temp\ccj58TQ7.ltrans2.ltrans.o
 .debug_abbrev  0x000010f7      0x521 e:\temp\ccj58TQ7.ltrans3.ltrans.o
 .debug_abbrev  0x00001618      0x596 e:\temp\ccj58TQ7.ltrans4.ltrans.o
 .debug_abbrev  0x00001bae      0x3f4 e:\temp\ccj58TQ7.ltrans5.ltrans.o
 .debug_abbrev  0x00001fa2      0x478 e:\temp\ccj58TQ7.ltrans6.ltrans.o
 .debug_abbrev  0x0000241a      0x4c9 e:\temp\ccj58TQ7.ltrans7.ltrans.o
 .debug_abbrev  0x000028e3       0x14 .\CortexM0\ARM_GCC_541\Debug\backup_fw_1.a(CyBootAsmGnu.o)
 .debug_abbrev  0x000028f7      0x3da ..\lib\ccg5_dualport\libccgx_pd.a(dpm.o)
 .debug_abbrev  0x00002cd1      0x441 ..\lib\ccg5_dualport\libccgx_pd.a(pd_policy_engine.o)
 .debug_abbrev  0x00003112      0x3ef ..\lib\ccg5_dualport\libccgx_pd.a(pd_protocol.o)
 .debug_abbrev  0x00003501      0x49c ..\lib\ccg5_dualport\libccgx_pd.a(typec_manager.o)

.debug_line     0x00000000     0x5eb9
 *(.debug_line)
 .debug_line    0x00000000      0xb08 e:\temp\ccj58TQ7.ltrans0.ltrans.o
 .debug_line    0x00000b08      0x71c e:\temp\ccj58TQ7.ltrans1.ltrans.o
 .debug_line    0x00001224      0x74c e:\temp\ccj58TQ7.ltrans2.ltrans.o
 .debug_line    0x00001970      0x74a e:\temp\ccj58TQ7.ltrans3.ltrans.o
 .debug_line    0x000020ba      0x6f6 e:\temp\ccj58TQ7.ltrans4.ltrans.o
 .debug_line    0x000027b0      0x583 e:\temp\ccj58TQ7.ltrans5.ltrans.o
 .debug_line    0x00002d33      0x633 e:\temp\ccj58TQ7.ltrans6.ltrans.o
 .debug_line    0x00003366      0x59b e:\temp\ccj58TQ7.ltrans7.ltrans.o
 .debug_line    0x00003901       0x68 .\CortexM0\ARM_GCC_541\Debug\backup_fw_1.a(CyBootAsmGnu.o)
 .debug_line    0x00003969      0x798 ..\lib\ccg5_dualport\libccgx_pd.a(dpm.o)
 .debug_line    0x00004101     0x1009 ..\lib\ccg5_dualport\libccgx_pd.a(pd_policy_engine.o)
 .debug_line    0x0000510a      0x4db ..\lib\ccg5_dualport\libccgx_pd.a(pd_protocol.o)
 .debug_line    0x000055e5      0x8d4 ..\lib\ccg5_dualport\libccgx_pd.a(typec_manager.o)

.debug_frame    0x00000000     0x25ac
 *(.debug_frame)
 .debug_frame   0x00000000      0x1f0 e:\temp\ccj58TQ7.ltrans0.ltrans.o
 .debug_frame   0x000001f0      0x2d8 e:\temp\ccj58TQ7.ltrans1.ltrans.o
 .debug_frame   0x000004c8      0x1bc e:\temp\ccj58TQ7.ltrans2.ltrans.o
 .debug_frame   0x00000684      0x158 e:\temp\ccj58TQ7.ltrans3.ltrans.o
 .debug_frame   0x000007dc      0x20c e:\temp\ccj58TQ7.ltrans4.ltrans.o
 .debug_frame   0x000009e8      0x264 e:\temp\ccj58TQ7.ltrans5.ltrans.o
 .debug_frame   0x00000c4c      0x27c e:\temp\ccj58TQ7.ltrans6.ltrans.o
 .debug_frame   0x00000ec8      0x184 e:\temp\ccj58TQ7.ltrans7.ltrans.o
 .debug_frame   0x0000104c      0x4f4 ..\lib\ccg5_dualport\libccgx_pd.a(dpm.o)
 .debug_frame   0x00001540      0x894 ..\lib\ccg5_dualport\libccgx_pd.a(pd_policy_engine.o)
 .debug_frame   0x00001dd4      0x270 ..\lib\ccg5_dualport\libccgx_pd.a(pd_protocol.o)
 .debug_frame   0x00002044      0x44c ..\lib\ccg5_dualport\libccgx_pd.a(typec_manager.o)
 .debug_frame   0x00002490       0x20 e:/cypress/psoc creator/4.2/psoc creator/import/gnu/arm/5.4.1/bin/../lib/gcc/arm-none-eabi/5.4.1/armv6-m\libgcc.a(_divsi3.o)
 .debug_frame   0x000024b0       0x20 e:/cypress/psoc creator/4.2/psoc creator/import/gnu/arm/5.4.1/bin/../lib/gcc/arm-none-eabi/5.4.1/../../../../arm-none-eabi/lib/armv6-m\libg_nano.a(lib_a-errno.o)
 .debug_frame   0x000024d0       0x28 e:/cypress/psoc creator/4.2/psoc creator/import/gnu/arm/5.4.1/bin/../lib/gcc/arm-none-eabi/5.4.1/../../../../arm-none-eabi/lib/armv6-m\libg_nano.a(lib_a-exit.o)
 .debug_frame   0x000024f8       0x2c e:/cypress/psoc creator/4.2/psoc creator/import/gnu/arm/5.4.1/bin/../lib/gcc/arm-none-eabi/5.4.1/../../../../arm-none-eabi/lib/armv6-m\libg_nano.a(lib_a-init.o)
 .debug_frame   0x00002524       0x28 e:/cypress/psoc creator/4.2/psoc creator/import/gnu/arm/5.4.1/bin/../lib/gcc/arm-none-eabi/5.4.1/../../../../arm-none-eabi/lib/armv6-m\libg_nano.a(lib_a-memcpy-stub.o)
 .debug_frame   0x0000254c       0x20 e:/cypress/psoc creator/4.2/psoc creator/import/gnu/arm/5.4.1/bin/../lib/gcc/arm-none-eabi/5.4.1/../../../../arm-none-eabi/lib/armv6-m\libg_nano.a(lib_a-memset.o)
 .debug_frame   0x0000256c       0x20 e:/cypress/psoc creator/4.2/psoc creator/import/gnu/arm/5.4.1/bin/../lib/gcc/arm-none-eabi/5.4.1/../../../../arm-none-eabi/lib/armv6-m\libnosys.a(_exit.o)
 .debug_frame   0x0000258c       0x20 e:/cypress/psoc creator/4.2/psoc creator/import/gnu/arm/5.4.1/bin/../lib/gcc/arm-none-eabi/5.4.1/armv6-m\libgcc.a(_udivsi3.o)

.debug_str      0x00000000     0xa5f8
 *(.debug_str)
 .debug_str     0x00000000     0x2241 e:\temp\ccj58TQ7.ltrans0.ltrans.o
                               0x3698 (size before relaxing)
 .debug_str     0x00002241      0xdf5 e:\temp\ccj58TQ7.ltrans1.ltrans.o
                               0x3802 (size before relaxing)
 .debug_str     0x00003036     0x1273 e:\temp\ccj58TQ7.ltrans2.ltrans.o
                               0x3571 (size before relaxing)
 .debug_str     0x000042a9      0x669 e:\temp\ccj58TQ7.ltrans3.ltrans.o
                               0x4599 (size before relaxing)
 .debug_str     0x00004912      0x4d9 e:\temp\ccj58TQ7.ltrans4.ltrans.o
                               0x3a2d (size before relaxing)
 .debug_str     0x00004deb      0x3a9 e:\temp\ccj58TQ7.ltrans5.ltrans.o
                               0x3489 (size before relaxing)
 .debug_str     0x00005194      0x69d e:\temp\ccj58TQ7.ltrans6.ltrans.o
                               0x389c (size before relaxing)
 .debug_str     0x00005831      0x4cf e:\temp\ccj58TQ7.ltrans7.ltrans.o
                               0x32d6 (size before relaxing)
 .debug_str     0x00005d00     0x2b74 ..\lib\ccg5_dualport\libccgx_pd.a(dpm.o)
                               0x2ee0 (size before relaxing)
 .debug_str     0x00008874     0x136a ..\lib\ccg5_dualport\libccgx_pd.a(pd_policy_engine.o)
                               0x3c2b (size before relaxing)
 .debug_str     0x00009bde      0x377 ..\lib\ccg5_dualport\libccgx_pd.a(pd_protocol.o)
                               0x2e59 (size before relaxing)
 .debug_str     0x00009f55      0x6a3 ..\lib\ccg5_dualport\libccgx_pd.a(typec_manager.o)
                               0x2fdb (size before relaxing)

.debug_loc      0x00000000     0xff3d
 *(.debug_loc)
 .debug_loc     0x00000000     0x1a5f e:\temp\ccj58TQ7.ltrans0.ltrans.o
 .debug_loc     0x00001a5f      0xde9 e:\temp\ccj58TQ7.ltrans1.ltrans.o
 .debug_loc     0x00002848      0xf95 e:\temp\ccj58TQ7.ltrans2.ltrans.o
 .debug_loc     0x000037dd     0x1323 e:\temp\ccj58TQ7.ltrans3.ltrans.o
 .debug_loc     0x00004b00     0x164b e:\temp\ccj58TQ7.ltrans4.ltrans.o
 .debug_loc     0x0000614b      0xbcd e:\temp\ccj58TQ7.ltrans5.ltrans.o
 .debug_loc     0x00006d18      0xc89 e:\temp\ccj58TQ7.ltrans6.ltrans.o
 .debug_loc     0x000079a1      0xba0 e:\temp\ccj58TQ7.ltrans7.ltrans.o
 .debug_loc     0x00008541     0x1445 ..\lib\ccg5_dualport\libccgx_pd.a(dpm.o)
 .debug_loc     0x00009986     0x4062 ..\lib\ccg5_dualport\libccgx_pd.a(pd_policy_engine.o)
 .debug_loc     0x0000d9e8      0xb72 ..\lib\ccg5_dualport\libccgx_pd.a(pd_protocol.o)
 .debug_loc     0x0000e55a     0x19e3 ..\lib\ccg5_dualport\libccgx_pd.a(typec_manager.o)

.debug_macinfo
 *(.debug_macinfo)

.debug_ranges   0x00000000     0x1d68
 *(.debug_ranges)
 .debug_ranges  0x00000000      0x6b8 e:\temp\ccj58TQ7.ltrans0.ltrans.o
 .debug_ranges  0x000006b8      0x2e8 e:\temp\ccj58TQ7.ltrans1.ltrans.o
 .debug_ranges  0x000009a0      0x328 e:\temp\ccj58TQ7.ltrans2.ltrans.o
 .debug_ranges  0x00000cc8      0x2c0 e:\temp\ccj58TQ7.ltrans3.ltrans.o
 .debug_ranges  0x00000f88      0x308 e:\temp\ccj58TQ7.ltrans4.ltrans.o
 .debug_ranges  0x00001290       0xf0 e:\temp\ccj58TQ7.ltrans5.ltrans.o
 .debug_ranges  0x00001380       0xf8 e:\temp\ccj58TQ7.ltrans6.ltrans.o
 .debug_ranges  0x00001478      0x108 e:\temp\ccj58TQ7.ltrans7.ltrans.o
 .debug_ranges  0x00001580      0x1b0 ..\lib\ccg5_dualport\libccgx_pd.a(dpm.o)
 .debug_ranges  0x00001730      0x3c0 ..\lib\ccg5_dualport\libccgx_pd.a(pd_policy_engine.o)
 .debug_ranges  0x00001af0       0xc8 ..\lib\ccg5_dualport\libccgx_pd.a(pd_protocol.o)
 .debug_ranges  0x00001bb8      0x1b0 ..\lib\ccg5_dualport\libccgx_pd.a(typec_manager.o)

.comment        0x00000000       0x6e
 .comment       0x00000000       0x6f e:\temp\ccj58TQ7.ltrans0.ltrans.o
 .comment       0x00000000       0x6f e:\temp\ccj58TQ7.ltrans1.ltrans.o
 .comment       0x00000000       0x6f e:\temp\ccj58TQ7.ltrans2.ltrans.o
 .comment       0x00000000       0x6f e:\temp\ccj58TQ7.ltrans3.ltrans.o
 .comment       0x00000000       0x6f e:\temp\ccj58TQ7.ltrans4.ltrans.o
 .comment       0x00000000       0x6f e:\temp\ccj58TQ7.ltrans5.ltrans.o
 .comment       0x00000000       0x6f e:\temp\ccj58TQ7.ltrans6.ltrans.o
 .comment       0x00000000       0x6f e:\temp\ccj58TQ7.ltrans7.ltrans.o
 .comment       0x00000000       0x6e ..\lib\ccg5_dualport\libccgx_pd.a(dpm.o)
                                 0x6f (size before relaxing)
 .comment       0x0000006e       0x6f ..\lib\ccg5_dualport\libccgx_pd.a(pd_policy_engine.o)
 .comment       0x0000006e       0x6f ..\lib\ccg5_dualport\libccgx_pd.a(pd_protocol.o)
 .comment       0x0000006e       0x6f ..\lib\ccg5_dualport\libccgx_pd.a(typec_manager.o)

.debug_weaknames
 *(.debug_weaknames)

.debug_funcnames
 *(.debug_funcnames)

.debug_typenames
 *(.debug_typenames)

.debug_varnames
 *(.debug_varnames)

.note.gnu.arm.ident
 *(.note.gnu.arm.ident)

.ARM.attributes
                0x00000000       0x28
 *(.ARM.attributes)
 .ARM.attributes
                0x00000000       0x1e e:/cypress/psoc creator/4.2/psoc creator/import/gnu/arm/5.4.1/bin/../lib/gcc/arm-none-eabi/5.4.1/armv6-m/crti.o
 .ARM.attributes
                0x0000001e       0x2c e:/cypress/psoc creator/4.2/psoc creator/import/gnu/arm/5.4.1/bin/../lib/gcc/arm-none-eabi/5.4.1/armv6-m/crtbegin.o
 .ARM.attributes
                0x0000004a       0x1b e:/cypress/psoc creator/4.2/psoc creator/import/gnu/arm/5.4.1/bin/../lib/gcc/arm-none-eabi/5.4.1/../../../../arm-none-eabi/lib/armv6-m/crt0.o
 .ARM.attributes
                0x00000065       0x2f e:\temp\ccj58TQ7.ltrans0.ltrans.o
 .ARM.attributes
                0x00000094       0x2f e:\temp\ccj58TQ7.ltrans1.ltrans.o
 .ARM.attributes
                0x000000c3       0x2f e:\temp\ccj58TQ7.ltrans2.ltrans.o
 .ARM.attributes
                0x000000f2       0x2f e:\temp\ccj58TQ7.ltrans3.ltrans.o
 .ARM.attributes
                0x00000121       0x2f e:\temp\ccj58TQ7.ltrans4.ltrans.o
 .ARM.attributes
                0x00000150       0x2f e:\temp\ccj58TQ7.ltrans5.ltrans.o
 .ARM.attributes
                0x0000017f       0x2f e:\temp\ccj58TQ7.ltrans6.ltrans.o
 .ARM.attributes
                0x000001ae       0x2f e:\temp\ccj58TQ7.ltrans7.ltrans.o
 .ARM.attributes
                0x000001dd       0x21 .\CortexM0\ARM_GCC_541\Debug\backup_fw_1.a(CyBootAsmGnu.o)
 .ARM.attributes
                0x000001fe       0x31 ..\lib\ccg5_dualport\libccgx_pd.a(dpm.o)
 .ARM.attributes
                0x0000022f       0x31 ..\lib\ccg5_dualport\libccgx_pd.a(pd_policy_engine.o)
 .ARM.attributes
                0x00000260       0x31 ..\lib\ccg5_dualport\libccgx_pd.a(pd_protocol.o)
 .ARM.attributes
                0x00000291       0x31 ..\lib\ccg5_dualport\libccgx_pd.a(typec_manager.o)
 .ARM.attributes
                0x000002c2       0x1e e:/cypress/psoc creator/4.2/psoc creator/import/gnu/arm/5.4.1/bin/../lib/gcc/arm-none-eabi/5.4.1/armv6-m\libgcc.a(_thumb1_case_uqi.o)
 .ARM.attributes
                0x000002e0       0x1e e:/cypress/psoc creator/4.2/psoc creator/import/gnu/arm/5.4.1/bin/../lib/gcc/arm-none-eabi/5.4.1/armv6-m\libgcc.a(_thumb1_case_uhi.o)
 .ARM.attributes
                0x000002fe       0x1e e:/cypress/psoc creator/4.2/psoc creator/import/gnu/arm/5.4.1/bin/../lib/gcc/arm-none-eabi/5.4.1/armv6-m\libgcc.a(_divsi3.o)
 .ARM.attributes
                0x0000031c       0x1e e:/cypress/psoc creator/4.2/psoc creator/import/gnu/arm/5.4.1/bin/../lib/gcc/arm-none-eabi/5.4.1/armv6-m\libgcc.a(_dvmd_tls.o)
 .ARM.attributes
                0x0000033a       0x2c e:/cypress/psoc creator/4.2/psoc creator/import/gnu/arm/5.4.1/bin/../lib/gcc/arm-none-eabi/5.4.1/../../../../arm-none-eabi/lib/armv6-m\libg_nano.a(lib_a-errno.o)
 .ARM.attributes
                0x00000366       0x2c e:/cypress/psoc creator/4.2/psoc creator/import/gnu/arm/5.4.1/bin/../lib/gcc/arm-none-eabi/5.4.1/../../../../arm-none-eabi/lib/armv6-m\libg_nano.a(lib_a-exit.o)
 .ARM.attributes
                0x00000392       0x2c e:/cypress/psoc creator/4.2/psoc creator/import/gnu/arm/5.4.1/bin/../lib/gcc/arm-none-eabi/5.4.1/../../../../arm-none-eabi/lib/armv6-m\libg_nano.a(lib_a-impure.o)
 .ARM.attributes
                0x000003be       0x2c e:/cypress/psoc creator/4.2/psoc creator/import/gnu/arm/5.4.1/bin/../lib/gcc/arm-none-eabi/5.4.1/../../../../arm-none-eabi/lib/armv6-m\libg_nano.a(lib_a-init.o)
 .ARM.attributes
                0x000003ea       0x2c e:/cypress/psoc creator/4.2/psoc creator/import/gnu/arm/5.4.1/bin/../lib/gcc/arm-none-eabi/5.4.1/../../../../arm-none-eabi/lib/armv6-m\libg_nano.a(lib_a-memcpy-stub.o)
 .ARM.attributes
                0x00000416       0x2c e:/cypress/psoc creator/4.2/psoc creator/import/gnu/arm/5.4.1/bin/../lib/gcc/arm-none-eabi/5.4.1/../../../../arm-none-eabi/lib/armv6-m\libg_nano.a(lib_a-memset.o)
 .ARM.attributes
                0x00000442       0x2c e:/cypress/psoc creator/4.2/psoc creator/import/gnu/arm/5.4.1/bin/../lib/gcc/arm-none-eabi/5.4.1/armv6-m/crtend.o
 .ARM.attributes
                0x0000046e       0x1e e:/cypress/psoc creator/4.2/psoc creator/import/gnu/arm/5.4.1/bin/../lib/gcc/arm-none-eabi/5.4.1/armv6-m/crtn.o
 .ARM.attributes
                0x0000048c       0x2c e:/cypress/psoc creator/4.2/psoc creator/import/gnu/arm/5.4.1/bin/../lib/gcc/arm-none-eabi/5.4.1/../../../../arm-none-eabi/lib/armv6-m\libnosys.a(_exit.o)
 .ARM.attributes
                0x000004b8       0x1e e:/cypress/psoc creator/4.2/psoc creator/import/gnu/arm/5.4.1/bin/../lib/gcc/arm-none-eabi/5.4.1/armv6-m\libgcc.a(_thumb1_case_sqi.o)
 .ARM.attributes
                0x000004d6       0x1e e:/cypress/psoc creator/4.2/psoc creator/import/gnu/arm/5.4.1/bin/../lib/gcc/arm-none-eabi/5.4.1/armv6-m\libgcc.a(_udivsi3.o)

/DISCARD/
 *(.note.GNU-stack)
OUTPUT(C:\Users\Admin\Desktop\_FIRMWARE\DBARLite\CYPD5225\CYPD5225-96BZXI_notebook\CYPD5225-96BZXI_notebook.cydsn\backup_fw.cydsn\CortexM0\ARM_GCC_541\Debug\backup_fw_1.elf elf32-littlearm)
